Archive member included to satisfy reference by file (symbol)

C:\Users\Administrator\Desktop\Wireless-switch-CH592\StdPeriphDriver\libISP592.a(ISP583.o)
                              ./StdPeriphDriver/CH59x_flash.o (FLASH_EEPROM_CMD)
C:\Users\Administrator\Desktop\Wireless-switch-CH592\LIB\libCH59xBLE.a(message.o)
                              ./HAL/MCU.o (tmos_msg_deallocate)
C:\Users\Administrator\Desktop\Wireless-switch-CH592\LIB\libCH59xBLE.a(tmos.o)
                              ./Profile/devinfoservice.o (tmos_memcpy)
C:\Users\Administrator\Desktop\Wireless-switch-CH592\LIB\libCH59xBLE.a(tmos_hw.o)
                              C:\Users\Administrator\Desktop\Wireless-switch-CH592\LIB\libCH59xBLE.a(tmos.o) (bleClock_t)
C:\Users\Administrator\Desktop\Wireless-switch-CH592\LIB\libCH59xBLE.a(tmos_snv.o)
                              C:\Users\Administrator\Desktop\Wireless-switch-CH592\LIB\libCH59xBLE.a(tmos.o) (tmos_snv_init)
C:\Users\Administrator\Desktop\Wireless-switch-CH592\LIB\libCH59xBLE.a(gap.o)
                              ./APP/broadcaster.o (GAP_SetParamValue)
C:\Users\Administrator\Desktop\Wireless-switch-CH592\LIB\libCH59xBLE.a(gap_central.o)
                              C:\Users\Administrator\Desktop\Wireless-switch-CH592\LIB\libCH59xBLE.a(gap.o) (gapProcessPeriodicAdvertisingSyncEstablishedEvt)
C:\Users\Administrator\Desktop\Wireless-switch-CH592\LIB\libCH59xBLE.a(gap_peripheral.o)
                              ./APP/broadcaster.o (GAP_UpdateAdvertisingData)
C:\Users\Administrator\Desktop\Wireless-switch-CH592\LIB\libCH59xBLE.a(gatt_uuid.o)
                              ./Profile/devinfoservice.o (characterUUID)
C:\Users\Administrator\Desktop\Wireless-switch-CH592\LIB\libCH59xBLE.a(gattservapp.o)
                              ./Profile/devinfoservice.o (GATTServApp_RegisterService)
C:\Users\Administrator\Desktop\Wireless-switch-CH592\LIB\libCH59xBLE.a(l2cap.o)
                              C:\Users\Administrator\Desktop\Wireless-switch-CH592\LIB\libCH59xBLE.a(gattservapp.o) (L2CAP_GetMTU)
C:\Users\Administrator\Desktop\Wireless-switch-CH592\LIB\libCH59xBLE.a(l2cap_input.o)
                              C:\Users\Administrator\Desktop\Wireless-switch-CH592\LIB\libCH59xBLE.a(l2cap.o) (l2capProcessRxData)
C:\Users\Administrator\Desktop\Wireless-switch-CH592\LIB\libCH59xBLE.a(l2cap_output.o)
                              C:\Users\Administrator\Desktop\Wireless-switch-CH592\LIB\libCH59xBLE.a(l2cap_input.o) (l2capNotifyData)
C:\Users\Administrator\Desktop\Wireless-switch-CH592\LIB\libCH59xBLE.a(l2cap_sdu.o)
                              C:\Users\Administrator\Desktop\Wireless-switch-CH592\LIB\libCH59xBLE.a(l2cap_input.o) (l2capBuildDisconnectRsp)
C:\Users\Administrator\Desktop\Wireless-switch-CH592\LIB\libCH59xBLE.a(linkdb.o)
                              C:\Users\Administrator\Desktop\Wireless-switch-CH592\LIB\libCH59xBLE.a(l2cap.o) (linkDB_Init)
C:\Users\Administrator\Desktop\Wireless-switch-CH592\LIB\libCH59xBLE.a(sm.o)
                              C:\Users\Administrator\Desktop\Wireless-switch-CH592\LIB\libCH59xBLE.a(gap.o) (smFreePairingParams)
C:\Users\Administrator\Desktop\Wireless-switch-CH592\LIB\libCH59xBLE.a(sm_initiator.o)
                              C:\Users\Administrator\Desktop\Wireless-switch-CH592\LIB\libCH59xBLE.a(sm.o) (smInitiatorSendNextKeyInfo)
C:\Users\Administrator\Desktop\Wireless-switch-CH592\LIB\libCH59xBLE.a(sm_pdu.o)
                              C:\Users\Administrator\Desktop\Wireless-switch-CH592\LIB\libCH59xBLE.a(sm.o) (smpBuildPairingReq)
C:\Users\Administrator\Desktop\Wireless-switch-CH592\LIB\libCH59xBLE.a(sm_responding.o)
                              C:\Users\Administrator\Desktop\Wireless-switch-CH592\LIB\libCH59xBLE.a(sm.o) (smResponderSendNextKeyInfo)
C:\Users\Administrator\Desktop\Wireless-switch-CH592\LIB\libCH59xBLE.a(sm_toolbox.o)
                              C:\Users\Administrator\Desktop\Wireless-switch-CH592\LIB\libCH59xBLE.a(sm.o) (sm_ah)
C:\Users\Administrator\Desktop\Wireless-switch-CH592\LIB\libCH59xBLE.a(host_input.o)
                              C:\Users\Administrator\Desktop\Wireless-switch-CH592\LIB\libCH59xBLE.a(gap.o) (gBleHostPara)
C:\Users\Administrator\Desktop\Wireless-switch-CH592\LIB\libCH59xBLE.a(host_output.o)
                              C:\Users\Administrator\Desktop\Wireless-switch-CH592\LIB\libCH59xBLE.a(gap.o) (HCI_DisconnectCmd)
C:\Users\Administrator\Desktop\Wireless-switch-CH592\LIB\libCH59xBLE.a(ll_connect.o)
                              C:\Users\Administrator\Desktop\Wireless-switch-CH592\LIB\libCH59xBLE.a(tmos.o) (LL_GetNextConnectEventTime)
C:\Users\Administrator\Desktop\Wireless-switch-CH592\LIB\libCH59xBLE.a(ll_core.o)
                              C:\Users\Administrator\Desktop\Wireless-switch-CH592\LIB\libCH59xBLE.a(ll_connect.o) (LL_CoreGetCore)
C:\Users\Administrator\Desktop\Wireless-switch-CH592\LIB\libCH59xBLE.a(ll_hop.o)
[...]
Memory Configuration

Name             Origin             Length             Attributes
FLASH            0x0000000000000000 0x0000000000070000 xr
RAM              0x0000000020000000 0x0000000000006800 xrw
*default*        0x0000000000000000 0xffffffffffffffff

Linker script and memory map

LOAD ./StdPeriphDriver/CH59x_adc.o
LOAD ./StdPeriphDriver/CH59x_clk.o
LOAD ./StdPeriphDriver/CH59x_flash.o
LOAD ./StdPeriphDriver/CH59x_gpio.o
LOAD ./StdPeriphDriver/CH59x_i2c.o
LOAD ./StdPeriphDriver/CH59x_lcd.o
LOAD ./StdPeriphDriver/CH59x_pwr.o
LOAD ./StdPeriphDriver/CH59x_sys.o
LOAD ./StdPeriphDriver/CH59x_uart1.o
LOAD ./Startup/startup_CH592.o
LOAD ./RVMSIS/core_riscv.o
LOAD ./Profile/devinfoservice.o
LOAD ./LIB/ble_task_scheduler.o
LOAD ./HAL/MCU.o
LOAD ./HAL/RTC.o
LOAD ./HAL/SLEEP.o
LOAD ./APP/broadcaster.o
LOAD ./APP/broadcaster_main.o
LOAD C:\Users\Administrator\Desktop\Wireless-switch-CH592\StdPeriphDriver\libISP592.a
LOAD C:\Users\Administrator\Desktop\Wireless-switch-CH592\LIB\libCH59xBLE.a
LOAD c:/mounriver/mounriver_studio/toolchain/risc-v embedded gcc12/bin/../lib/gcc/riscv-none-elf/12.2.0/../../../../riscv-none-elf/lib\libprintfloat.a
LOAD c:/mounriver/mounriver_studio/toolchain/risc-v embedded gcc12/bin/../lib/gcc/riscv-none-elf/12.2.0\libgcc.a
LOAD c:/mounriver/mounriver_studio/toolchain/risc-v embedded gcc12/bin/../lib/gcc/riscv-none-elf/12.2.0/../../../../riscv-none-elf/lib\libg_nano.a
LOAD c:/mounriver/mounriver_studio/toolchain/risc-v embedded gcc12/bin/../lib/gcc/riscv-none-elf/12.2.0/../../../../riscv-none-elf/lib\libc_nano.a
LOAD c:/mounriver/mounriver_studio/toolchain/risc-v embedded gcc12/bin/../lib/gcc/riscv-none-elf/12.2.0\libgcc.a
START GROUP
LOAD c:/mounriver/mounriver_studio/toolchain/risc-v embedded gcc12/bin/../lib/gcc/riscv-none-elf/12.2.0\libgcc.a
LOAD c:/mounriver/mounriver_studio/toolchain/risc-v embedded gcc12/bin/../lib/gcc/riscv-none-elf/12.2.0/../../../../riscv-none-elf/lib\libc_nano.a
LOAD c:/mounriver/mounriver_studio/toolchain/risc-v embedded gcc12/bin/../lib/gcc/riscv-none-elf/12.2.0/../../../../riscv-none-elf/lib\libnosys.a
END GROUP
START GROUP
LOAD c:/mounriver/mounriver_studio/toolchain/risc-v embedded gcc12/bin/../lib/gcc/riscv-none-elf/12.2.0\libgcc.a
LOAD c:/mounriver/mounriver_studio/toolchain/risc-v embedded gcc12/bin/../lib/gcc/riscv-none-elf/12.2.0/../../../../riscv-none-elf/lib\libc_nano.a
LOAD c:/mounriver/mounriver_studio/toolchain/risc-v embedded gcc12/bin/../lib/gcc/riscv-none-elf/12.2.0/../../../../riscv-none-elf/lib\libnosys.a
END GROUP

.init           0x0000000000000000        0x4
                0x0000000000000000                _sinit = .
                0x0000000000000000                . = ALIGN (0x4)
 *(SORT_NONE(.init))
 .init          0x0000000000000000        0x4 ./Startup/startup_CH592.o
                0x0000000000000000                _start
                0x0000000000000004                . = ALIGN (0x4)
                0x0000000000000004                _einit = .

.highcodelalign
                0x0000000000000004        0x0
                0x0000000000000004                . = ALIGN (0x4)
                0x0000000000000004                PROVIDE (_highcode_lma = .)

.highcode       0x0000000020000000     0x1cd8 load address 0x0000000000000004
                0x0000000020000000                . = ALIGN (0x4)
                0x0000000020000000                PROVIDE (_highcode_vma_start = .)
 *(.vector)
 .vector        0x0000000020000000       0x90 ./Startup/startup_CH592.o
 *(SORT_NONE(.vector_handler))
 .vector_handler
                0x0000000020000090        0x2 ./Startup/startup_CH592.o
                0x0000000020000090                GPIOA_IRQHandler
                0x0000000020000090                SysTick_Handler
                0x0000000020000090                NMI_Handler
                0x0000000020000090                UART1_IRQHandler
                0x0000000020000090                UART0_IRQHandler
                0x0000000020000090                BB_IRQHandler
                0x0000000020000090                Break_Point_Handler
                0x0000000020000090                TMR0_IRQHandler
                0x0000000020000090                UART2_IRQHandler
                0x0000000020000090                PWMX_IRQHandler
                0x0000000020000090                ADC_IRQHandler
                0x0000000020000090                TMR2_IRQHandler
                0x0000000020000090                USB_IRQHandler
                0x0000000020000090                I2C_IRQHandler
                0x0000000020000090                WDOG_BAT_IRQHandler
                0x0000000020000090                TMR3_IRQHandler
                0x0000000020000090                SW_Handler
                0x0000000020000090                SPI0_IRQHandler
                0x0000000020000090                UART3_IRQHandler
                0x0000000020000090                TMR1_IRQHandler
 *(.highcode)
 .highcode      0x0000000020000092      0x4dc ./StdPeriphDriver/CH59x_pwr.o
                0x0000000020000092                LowPower_Idle
                0x00000000200000ce                LowPower_Halt
                0x00000000200001f4                LowPower_Sleep
                0x00000000200003fc                LowPower_Shutdown
 .highcode      0x000000002000056e      0x2b0 ./StdPeriphDriver/CH59x_sys.o
                0x000000002000056e                SetSysClock
                0x0000000020000710                SYS_ResetExecute
                0x0000000020000768                HardFault_Handler
                0x00000000200007e8                mDelayuS
                0x00000000200007f6                mDelaymS
 *fill*         0x000000002000081e        0x2 
 .highcode      0x0000000020000820       0x4e ./LIB/ble_task_scheduler.o
                0x0000000020000820                Ecall_U_Mode_Handler
                0x0000000020000820                Ecall_M_Mode_Handler
 .highcode      0x000000002000086e       0x2e ./HAL/RTC.o
                0x0000000020000886                RTC_IRQHandler
 .highcode      0x000000002000089c       0xe4 ./APP/broadcaster.o
                0x000000002000089c                sample_battery_voltage
                0x0000000020000922                set_battery
                0x0000000020000968                update_advert_data
 .highcode      0x0000000020000980       0x84 ./APP/broadcaster_main.o
                0x0000000020000980                Main_Circulation
                0x00000000200009ae                GPIOB_IRQHandler
 .highcode      0x0000000020000a04      0x426 C:\Users\Administrator\Desktop\Wireless-switch-CH592\StdPeriphDriver\libISP592.a(ISP583.o)
                0x0000000020000a04                FLASH_ROM_BEG
                0x0000000020000a16                FLASH_ROM_END
                0x0000000020000a24                FLASH_ROM_IN
                0x0000000020000a32                FLASH_ROM_OUT
                0x0000000020000a40                FLASH_ROM_ADDR
                0x0000000020000a88                FLASH_ROM_WAIT
                0x0000000020000ac0                FLASH_EEPROM_CMD
 .highcode      0x0000000020000e2a      0x56e C:\Users\Administrator\Desktop\Wireless-switch-CH592\LIB\libCH59xBLE.a(tmos.o)
                0x0000000020000e2a                tmos_memcpy
                0x0000000020000e64                tmos_memcpy_word
                0x0000000020000e94                tmos_memset
                0x0000000020000ec2                tmos_strlen
                0x0000000020000eee                tmos_memdup
                0x0000000020000f3c                tmos_memcmp
                0x0000000020000f86                tmos_revmemcpy
                0x0000000020000fba                tmos_isbufset
                0x000000002000113c                ble_controller_func
                0x000000002000117c                TMOS_SystemProcess
 .highcode      0x0000000020001398       0x36 C:\Users\Administrator\Desktop\Wireless-switch-CH592\LIB\libCH59xBLE.a(tmos_hw.o)
 .highcode      0x00000000200013ce       0x4e C:\Users\Administrator\Desktop\Wireless-switch-CH592\LIB\libCH59xBLE.a(ll_whitelist.o)
                0x00000000200013ce                LL_WhitelistLookup
 .highcode      0x000000002000141c      0x10c C:\Users\Administrator\Desktop\Wireless-switch-CH592\LIB\libCH59xBLE.a(bb.o)
                0x000000002000141c                BB_IRQLibHandler
                0x0000000020001522                BB_IRQLibFunction
 .highcode      0x0000000020001528      0x1e6 C:\Users\Administrator\Desktop\Wireless-switch-CH592\LIB\libCH59xBLE.a(ip.o)
                0x0000000020001528                ll_rx_wait_finish
                0x0000000020001566                ble_ll_chkcrc
                0x00000000200015f8                ll_tx_wait_finish
 .highcode      0x000000002000170e      0x1f8 C:\Users\Administrator\Desktop\Wireless-switch-CH592\LIB\libCH59xBLE.a(lle.o)
                0x000000002000170e                LLE_IRQSubHandler
 .highcode      0x0000000020001906       0x3a C:\Users\Administrator\Desktop\Wireless-switch-CH592\LIB\libCH59xBLE.a(rfend.o)
                0x0000000020001906                RFEND_WaitTune
 .highcode      0x0000000020001940      0x1ee C:\Users\Administrator\Desktop\Wireless-switch-CH592\LIB\libCH59xBLE.a(memory.o)
                0x0000000020001940                tmos_memory_allocate
                0x0000000020001a2e                tmos_memory_free
 .highcode      0x0000000020001b2e       0xd8 C:\Users\Administrator\Desktop\Wireless-switch-CH592\LIB\libCH59xBLE.a(ll_resolvinglist.o)
                0x0000000020001b2e                LL_ResolvinglistPeerIdentifyAddressGetIrk
                0x0000000020001b82                LL_ResolvinglistPeerRpaAddressGetIrk
                0x0000000020001bc4                LL_ResolvinglistLocalRpaAddressGetIrk
 *(.highcode.*)
 *fill*         0x0000000020001c06        0x2 
 .highcode.LLE_IRQHandler
                0x0000000020001c08       0x86 ./LIB/ble_task_scheduler.o
                0x0000000020001c08                LLE_IRQHandler
 *fill*         0x0000000020001c8e        0x2 
 .highcode.ble_controller_scheduler
                0x0000000020001c90        0xa C:\Users\Administrator\Desktop\Wireless-switch-CH592\LIB\libCH59xBLE.a(ble_task_process.o)
 *fill*         0x0000000020001c9a        0x2 
 .highcode.LLE_IRQLibHandler
                0x0000000020001c9c       0x3a C:\Users\Administrator\Desktop\Wireless-switch-CH592\LIB\libCH59xBLE.a(ble_task_process.o)
                0x0000000020001c9c                LLE_IRQLibHandler
                0x0000000020001cd8                . = ALIGN (0x4)
 *fill*         0x0000000020001cd6        0x2 
                0x0000000020001cd8                PROVIDE (_highcode_vma_end = .)

.text           0x0000000000001cdc    0x1b754
                0x0000000000001cdc                . = ALIGN (0x4)
 *(SORT_NONE(.handle_reset))
 .handle_reset  0x0000000000001cdc       0xae ./Startup/startup_CH592.o
                0x0000000000001cdc                handle_reset
 *(.text)
 .text          0x0000000000001d8a       0x16 c:/mounriver/mounriver_studio/toolchain/risc-v embedded gcc12/bin/../lib/gcc/riscv-none-elf/12.2.0/../../../../riscv-none-elf/lib\libg_nano.a(lib_a-memcpy-asm.o)
                0x0000000000001d8a                memcpy
 *(.text.*)
 .text.ADC_DataCalib_Rough
                0x0000000000001da0       0x92 ./StdPeriphDriver/CH59x_adc.o
                0x0000000000001da0                ADC_DataCalib_Rough
 .text.ADC_InterBATSampInit
                0x0000000000001e32       0x2a ./StdPeriphDriver/CH59x_adc.o
                0x0000000000001e32                ADC_InterBATSampInit
 .text.ADC_ExcutSingleConver
                0x0000000000001e5c       0x22 ./StdPeriphDriver/CH59x_adc.o
                0x0000000000001e5c                ADC_ExcutSingleConver
 .text.HSECFG_Current
                0x0000000000001e7e       0x4e ./StdPeriphDriver/CH59x_clk.o
                0x0000000000001e7e                HSECFG_Current
 .text.RTC_InitTime
                0x0000000000001ecc      0x1e8 ./StdPeriphDriver/CH59x_clk.o
                0x0000000000001ecc                RTC_InitTime
 .text.RTC_GetCycle32k
                0x00000000000020b4       0x18 ./StdPeriphDriver/CH59x_clk.o
                0x00000000000020b4                RTC_GetCycle32k
 .text.GPIOA_ModeCfg
                0x00000000000020cc       0x9e ./StdPeriphDriver/CH59x_gpio.o
                0x00000000000020cc                GPIOA_ModeCfg
 .text.GPIOB_ModeCfg
                0x000000000000216a       0x9e ./StdPeriphDriver/CH59x_gpio.o
                0x000000000000216a                GPIOB_ModeCfg
 .text.GPIOB_ITModeCfg
                0x0000000000002208       0x7e ./StdPeriphDriver/CH59x_gpio.o
                0x0000000000002208                GPIOB_ITModeCfg
 .text.PWR_DCDCCfg
                0x0000000000002286      0x120 ./StdPeriphDriver/CH59x_pwr.o
                0x0000000000002286                PWR_DCDCCfg
 .text.PWR_PeriphWakeUpCfg
                0x00000000000023a6       0xfa ./StdPeriphDriver/CH59x_pwr.o
                0x00000000000023a6                PWR_PeriphWakeUpCfg
 .text.SYS_DisableAllIrq
                0x00000000000024a0       0x1c ./StdPeriphDriver/CH59x_sys.o
                0x00000000000024a0                SYS_DisableAllIrq
 .text.SYS_RecoverIrq
                0x00000000000024bc       0x14 ./StdPeriphDriver/CH59x_sys.o
                0x00000000000024bc                SYS_RecoverIrq
 .text.SYS_GetSysTickCnt
                0x00000000000024d0        0xa ./StdPeriphDriver/CH59x_sys.o
                0x00000000000024d0                SYS_GetSysTickCnt
 .text.HAL_ProcessEvent
                0x00000000000024da       0x52 ./HAL/MCU.o
                0x00000000000024da                HAL_ProcessEvent
 .text.CH59x_BLEInit
                0x000000000000252c       0xec ./HAL/MCU.o
                0x000000000000252c                CH59x_BLEInit
 .text.HAL_Init
                0x0000000000002618       0x1c ./HAL/MCU.o
                0x0000000000002618                HAL_Init
 .text.RTC_SetTignTime
                0x0000000000002634       0x44 ./HAL/RTC.o
                0x0000000000002634                RTC_SetTignTime
 .text.HAL_TimeInit
                0x0000000000002678       0xbe ./HAL/RTC.o
                0x0000000000002678                HAL_TimeInit
 .text.CH59x_LowPower
                0x0000000000002736       0x84 ./HAL/SLEEP.o
                0x0000000000002736                CH59x_LowPower
 .text.HAL_SleepInit
                0x00000000000027ba       0x8a ./HAL/SLEEP.o
                0x00000000000027ba                HAL_SleepInit
 .text.Broadcaster_StateNotificationCB
                0x0000000000002844        0x2 ./APP/broadcaster.o
 .text.Broadcaster_ProcessEvent
                0x0000000000002846       0x78 ./APP/broadcaster.o
                0x0000000000002846                Broadcaster_ProcessEvent
 .text.Broadcaster_Init
                0x00000000000028be       0xcc ./APP/broadcaster.o
                0x00000000000028be                Broadcaster_Init
 .text.startup.main
                0x000000000000298a       0x8a ./APP/broadcaster_main.o
                0x000000000000298a                main
 .text.tmos_msg_enqueue
                0x0000000000002a14       0x1e C:\Users\Administrator\Desktop\Wireless-switch-CH592\LIB\libCH59xBLE.a(message.o)
                0x0000000000002a14                tmos_msg_enqueue
 .text.tmos_msg_deallocate
                0x0000000000002a32       0x4e C:\Users\Administrator\Desktop\Wireless-switch-CH592\LIB\libCH59xBLE.a(message.o)
                0x0000000000002a32                tmos_msg_deallocate
 .text.tmos_msg_allocate
                0x0000000000002a80       0x68 C:\Users\Administrator\Desktop\Wireless-switch-CH592\LIB\libCH59xBLE.a(message.o)
                0x0000000000002a80                tmos_msg_allocate
 .text.tmos_msg_receive
                0x0000000000002ae8       0x86 C:\Users\Administrator\Desktop\Wireless-switch-CH592\LIB\libCH59xBLE.a(message.o)
                0x0000000000002ae8                tmos_msg_receive
 .text.tmos_msg_send
                0x0000000000002b6e       0x8c C:\Users\Administrator\Desktop\Wireless-switch-CH592\LIB\libCH59xBLE.a(message.o)
                0x0000000000002b6e                tmos_msg_send
 .text.tmos_msg_init
                0x0000000000002bfa        0xa C:\Users\Administrator\Desktop\Wireless-switch-CH592\LIB\libCH59xBLE.a(message.o)
                0x0000000000002bfa                tmos_msg_init
 .text.tmosFindTask
                0x0000000000002c04       0x24 C:\Users\Administrator\Desktop\Wireless-switch-CH592\LIB\libCH59xBLE.a(tmos.o)
 .text.TMOS_CB_PeriodicProcessEvent
                0x0000000000002c28       0x86 C:\Users\Administrator\Desktop\Wireless-switch-CH592\LIB\libCH59xBLE.a(tmos.o)
                0x0000000000002c28                TMOS_CB_PeriodicProcessEvent
 .text.TMOS_CB_ProcessEvent
                0x0000000000002cae       0x80 C:\Users\Administrator\Desktop\Wireless-switch-CH592\LIB\libCH59xBLE.a(tmos.o)
                0x0000000000002cae                TMOS_CB_ProcessEvent
 .text.tmos_rand
                0x0000000000002d2e       0x70 C:\Users\Administrator\Desktop\Wireless-switch-CH592\LIB\libCH59xBLE.a(tmos.o)
                0x0000000000002d2e                tmos_rand
 .text.tmos_start_periodic_callback_task
                0x0000000000002d9e      0x11a C:\Users\Administrator\Desktop\Wireless-switch-CH592\LIB\libCH59xBLE.a(tmos.o)
                0x0000000000002d9e                tmos_start_periodic_callback_task
 .text.tmos_set_event
                0x0000000000002eb8       0x46 C:\Users\Administrator\Desktop\Wireless-switch-CH592\LIB\libCH59xBLE.a(tmos.o)
                0x0000000000002eb8                tmos_set_event
 .text.tmos_clear_event
                0x0000000000002efe       0x4a C:\Users\Administrator\Desktop\Wireless-switch-CH592\LIB\libCH59xBLE.a(tmos.o)
                0x0000000000002efe                tmos_clear_event
 .text.tmos_update_callback_timer
                0x0000000000002f48       0xde C:\Users\Administrator\Desktop\Wireless-switch-CH592\LIB\libCH59xBLE.a(tmos.o)
                0x0000000000002f48                tmos_update_callback_timer
 .text.tmos_start_task
                0x0000000000003026      0x15e C:\Users\Administrator\Desktop\Wireless-switch-CH592\LIB\libCH59xBLE.a(tmos.o)
                0x0000000000003026                tmos_start_task
 .text.tmos_start_callback_task
                0x0000000000003184       0xc2 C:\Users\Administrator\Desktop\Wireless-switch-CH592\LIB\libCH59xBLE.a(tmos.o)
                0x0000000000003184                tmos_start_callback_task
 .text.tmos_start_reload_task
                0x0000000000003246       0x70 C:\Users\Administrator\Desktop\Wireless-switch-CH592\LIB\libCH59xBLE.a(tmos.o)
                0x0000000000003246                tmos_start_reload_task
 .text.tmos_stop_task
                0x00000000000032b6       0x6c C:\Users\Administrator\Desktop\Wireless-switch-CH592\LIB\libCH59xBLE.a(tmos.o)
                0x00000000000032b6                tmos_stop_task
 .text.tmos_stop_callback_task
                0x0000000000003322       0x7c C:\Users\Administrator\Desktop\Wireless-switch-CH592\LIB\libCH59xBLE.a(tmos.o)
                0x0000000000003322                tmos_stop_callback_task
 .text.tmos_get_task_timer
                0x000000000000339e       0x7e C:\Users\Administrator\Desktop\Wireless-switch-CH592\LIB\libCH59xBLE.a(tmos.o)
                0x000000000000339e                tmos_get_task_timer
 .text.tmos_proces_idle
                0x000000000000341c      0x124 C:\Users\Administrator\Desktop\Wireless-switch-CH592\LIB\libCH59xBLE.a(tmos.o)
                0x000000000000341c                tmos_proces_idle
 .text.TMOS_TimerRegister
                0x0000000000003540       0x1e C:\Users\Administrator\Desktop\Wireless-switch-CH592\LIB\libCH59xBLE.a(tmos.o)
                0x0000000000003540                TMOS_TimerRegister
 .text.TMOS_ProcessRegister
                0x000000000000355e       0x16 C:\Users\Administrator\Desktop\Wireless-switch-CH592\LIB\libCH59xBLE.a(tmos.o)
                0x000000000000355e                TMOS_ProcessRegister
 .text.TMOS_SysRegister
                0x0000000000003574       0x16 C:\Users\Administrator\Desktop\Wireless-switch-CH592\LIB\libCH59xBLE.a(tmos.o)
                0x0000000000003574                TMOS_SysRegister
 .text.TMOS_Init
                0x000000000000358a      0x13e C:\Users\Administrator\Desktop\Wireless-switch-CH592\LIB\libCH59xBLE.a(tmos.o)
                0x000000000000358a                TMOS_Init
 .text.TMOS_ProcessEventRegister
                0x00000000000036c8       0x3c C:\Users\Administrator\Desktop\Wireless-switch-CH592\LIB\libCH59xBLE.a(tmos.o)
                0x00000000000036c8                TMOS_ProcessEventRegister
 .text.BLE_LibInit
                0x0000000000003704      0x14c C:\Users\Administrator\Desktop\Wireless-switch-CH592\LIB\libCH59xBLE.a(tmos.o)
                0x0000000000003704                BLE_LibInit
 .text.clockGetTickValve
                0x0000000000003850       0x7e C:\Users\Administrator\Desktop\Wireless-switch-CH592\LIB\libCH59xBLE.a(tmos_hw.o)
 .text.ll_get_sca_own
                0x00000000000038ce       0x46 C:\Users\Administrator\Desktop\Wireless-switch-CH592\LIB\libCH59xBLE.a(tmos_hw.o)
                0x00000000000038ce                ll_get_sca_own
 .text.ble_ll_common_rand8
                0x0000000000003914       0x24 C:\Users\Administrator\Desktop\Wireless-switch-CH592\LIB\libCH59xBLE.a(tmos_hw.o)
                0x0000000000003914                ble_ll_common_rand8
 .text.ble_ll_common_rand16
                0x0000000000003938       0x24 C:\Users\Administrator\Desktop\Wireless-switch-CH592\LIB\libCH59xBLE.a(tmos_hw.o)
                0x0000000000003938                ble_ll_common_rand16
 .text.ble_ll_common_rand32
                0x000000000000395c       0x20 C:\Users\Administrator\Desktop\Wireless-switch-CH592\LIB\libCH59xBLE.a(tmos_hw.o)
                0x000000000000395c                ble_ll_common_rand32
 .text.TMOS_TempSample
                0x000000000000397c       0x62 C:\Users\Administrator\Desktop\Wireless-switch-CH592\LIB\libCH59xBLE.a(tmos_hw.o)
                0x000000000000397c                TMOS_TempSample
 .text.TMOS_TimerInit
                0x00000000000039de       0xec C:\Users\Administrator\Desktop\Wireless-switch-CH592\LIB\libCH59xBLE.a(tmos_hw.o)
                0x00000000000039de                TMOS_TimerInit
 .text.tmos_snv_init
                0x0000000000003aca       0xc0 C:\Users\Administrator\Desktop\Wireless-switch-CH592\LIB\libCH59xBLE.a(tmos_snv.o)
                0x0000000000003aca                tmos_snv_init
 .text.tmos_snv_read
                0x0000000000003b8a      0x294 C:\Users\Administrator\Desktop\Wireless-switch-CH592\LIB\libCH59xBLE.a(tmos_snv.o)
                0x0000000000003b8a                tmos_snv_read
 .text.tmos_snv_notify
                0x0000000000003e1e       0x5a C:\Users\Administrator\Desktop\Wireless-switch-CH592\LIB\libCH59xBLE.a(tmos_snv.o)
                0x0000000000003e1e                tmos_snv_notify
 .text.tmos_snv_write
                0x0000000000003e78      0x2d2 C:\Users\Administrator\Desktop\Wireless-switch-CH592\LIB\libCH59xBLE.a(tmos_snv.o)
                0x0000000000003e78                tmos_snv_write
 .text.tmos_snv_compact
                0x000000000000414a        0x4 C:\Users\Administrator\Desktop\Wireless-switch-CH592\LIB\libCH59xBLE.a(tmos_snv.o)
                0x000000000000414a                tmos_snv_compact
 .text.disconnectNext
                0x000000000000414e       0x22 C:\Users\Administrator\Desktop\Wireless-switch-CH592\LIB\libCH59xBLE.a(gap.o)
 .text.GAP_ParamInit
                0x0000000000004170      0x164 C:\Users\Administrator\Desktop\Wireless-switch-CH592\LIB\libCH59xBLE.a(gap.o)
                0x0000000000004170                GAP_ParamInit
 .text.sendTerminateEvent
                0x00000000000042d4       0x58 C:\Users\Administrator\Desktop\Wireless-switch-CH592\LIB\libCH59xBLE.a(gap.o)
                0x00000000000042d4                sendTerminateEvent
 .text.gapRegisterCentral
                0x000000000000432c        0x6 C:\Users\Administrator\Desktop\Wireless-switch-CH592\LIB\libCH59xBLE.a(gap.o)
                0x000000000000432c                gapRegisterCentral
 .text.gapRegisterCentralConn
                0x0000000000004332        0x6 C:\Users\Administrator\Desktop\Wireless-switch-CH592\LIB\libCH59xBLE.a(gap.o)
                0x0000000000004332                gapRegisterCentralConn
 .text.gapRegisterPeripheral
                0x0000000000004338        0x6 C:\Users\Administrator\Desktop\Wireless-switch-CH592\LIB\libCH59xBLE.a(gap.o)
                0x0000000000004338                gapRegisterPeripheral
 .text.gapRegisterPeripheralConn
                0x000000000000433e        0x6 C:\Users\Administrator\Desktop\Wireless-switch-CH592\LIB\libCH59xBLE.a(gap.o)
                0x000000000000433e                gapRegisterPeripheralConn
 .text.smGenerateRandBuf
                0x0000000000004344       0x56 C:\Users\Administrator\Desktop\Wireless-switch-CH592\LIB\libCH59xBLE.a(gap.o)
                0x0000000000004344                smGenerateRandBuf
 .text.gapL2capConnParamUpdateReq
                0x000000000000439a       0x36 C:\Users\Administrator\Desktop\Wireless-switch-CH592\LIB\libCH59xBLE.a(gap.o)
                0x000000000000439a                gapL2capConnParamUpdateReq
 .text.gapValidADType
                0x00000000000043d0       0x16 C:\Users\Administrator\Desktop\Wireless-switch-CH592\LIB\libCH59xBLE.a(gap.o)
                0x00000000000043d0                gapValidADType
 .text.gapFindADType
                0x00000000000043e6       0x92 C:\Users\Administrator\Desktop\Wireless-switch-CH592\LIB\libCH59xBLE.a(gap.o)
                0x00000000000043e6                gapFindADType
 .text.GAP_SecParamsInit
                0x0000000000004478       0xaa C:\Users\Administrator\Desktop\Wireless-switch-CH592\LIB\libCH59xBLE.a(gap.o)
                0x0000000000004478                GAP_SecParamsInit
 .text.GAP_ParamsInit
                0x0000000000004522       0x50 C:\Users\Administrator\Desktop\Wireless-switch-CH592\LIB\libCH59xBLE.a(gap.o)
                0x0000000000004522                GAP_ParamsInit
 .text.gapAddAddrAdj
                0x0000000000004572       0x48 C:\Users\Administrator\Desktop\Wireless-switch-CH592\LIB\libCH59xBLE.a(gap.o)
                0x0000000000004572                gapAddAddrAdj
 .text.gapDetermineAddrType
                0x00000000000045ba       0x28 C:\Users\Administrator\Desktop\Wireless-switch-CH592\LIB\libCH59xBLE.a(gap.o)
                0x00000000000045ba                gapDetermineAddrType
 .text.gapFreeAuthLink
                0x00000000000045e2       0x4a C:\Users\Administrator\Desktop\Wireless-switch-CH592\LIB\libCH59xBLE.a(gap.o)
                0x00000000000045e2                gapFreeAuthLink
 .text.gapGetDevAddress
                0x000000000000462c       0x24 C:\Users\Administrator\Desktop\Wireless-switch-CH592\LIB\libCH59xBLE.a(gap.o)
                0x000000000000462c                gapGetDevAddress
 .text.gapGetDevAddressMode
                0x0000000000004650        0xa C:\Users\Administrator\Desktop\Wireless-switch-CH592\LIB\libCH59xBLE.a(gap.o)
                0x0000000000004650                gapGetDevAddressMode
 .text.gapGetIRK
                0x000000000000465a        0xc C:\Users\Administrator\Desktop\Wireless-switch-CH592\LIB\libCH59xBLE.a(gap.o)
                0x000000000000465a                gapGetIRK
 .text.gapGetSRK
                0x0000000000004666        0xc C:\Users\Administrator\Desktop\Wireless-switch-CH592\LIB\libCH59xBLE.a(gap.o)
                0x0000000000004666                gapGetSRK
 .text.gapGetSignCounter
                0x0000000000004672        0xe C:\Users\Administrator\Desktop\Wireless-switch-CH592\LIB\libCH59xBLE.a(gap.o)
                0x0000000000004672                gapGetSignCounter
 .text.gapIncSignCounter
                0x0000000000004680       0x28 C:\Users\Administrator\Desktop\Wireless-switch-CH592\LIB\libCH59xBLE.a(gap.o)
                0x0000000000004680                gapIncSignCounter
 .text.gapProcessConnEvt
                0x00000000000046a8       0x48 C:\Users\Administrator\Desktop\Wireless-switch-CH592\LIB\libCH59xBLE.a(gap.o)
                0x00000000000046a8                gapProcessConnEvt
 .text.gapProcessDisconnectCompleteEvt
                0x00000000000046f0       0xa6 C:\Users\Administrator\Desktop\Wireless-switch-CH592\LIB\libCH59xBLE.a(gap.o)
                0x00000000000046f0                gapProcessDisconnectCompleteEvt
 .text.sendAuthEvent
                0x0000000000004796      0x11e C:\Users\Administrator\Desktop\Wireless-switch-CH592\LIB\libCH59xBLE.a(gap.o)
                0x0000000000004796                sendAuthEvent
 .text.gapSendBondCompleteEvent
                0x00000000000048b4       0x74 C:\Users\Administrator\Desktop\Wireless-switch-CH592\LIB\libCH59xBLE.a(gap.o)
                0x00000000000048b4                gapSendBondCompleteEvent
 .text.gapSendPairingReqEvent
                0x0000000000004928       0x96 C:\Users\Administrator\Desktop\Wireless-switch-CH592\LIB\libCH59xBLE.a(gap.o)
                0x0000000000004928                gapSendPairingReqEvent
 .text.gapSendSlaveSecurityReqEvent
                0x00000000000049be       0x68 C:\Users\Administrator\Desktop\Wireless-switch-CH592\LIB\libCH59xBLE.a(gap.o)
                0x00000000000049be                gapSendSlaveSecurityReqEvent
 .text.gapSendDeviceInitDoneEvent
                0x0000000000004a26       0x88 C:\Users\Administrator\Desktop\Wireless-switch-CH592\LIB\libCH59xBLE.a(gap.o)
                0x0000000000004a26                gapSendDeviceInitDoneEvent
 .text.gapSendLinkUpdateEvent
                0x0000000000004aae       0xb2 C:\Users\Administrator\Desktop\Wireless-switch-CH592\LIB\libCH59xBLE.a(gap.o)
                0x0000000000004aae                gapSendLinkUpdateEvent
 .text.gapSendPhyUpdateEvent
                0x0000000000004b60       0x58 C:\Users\Administrator\Desktop\Wireless-switch-CH592\LIB\libCH59xBLE.a(gap.o)
                0x0000000000004b60                gapSendPhyUpdateEvent
 .text.gapSendEstLinkEvent
                0x0000000000004bb8       0xbc C:\Users\Administrator\Desktop\Wireless-switch-CH592\LIB\libCH59xBLE.a(gap.o)
                0x0000000000004bb8                gapSendEstLinkEvent
 .text.gapProcessNewAddr
                0x0000000000004c74       0x3e C:\Users\Administrator\Desktop\Wireless-switch-CH592\LIB\libCH59xBLE.a(gap.o)
                0x0000000000004c74                gapProcessNewAddr
 .text.gapProcessRandomAddrComplete
                0x0000000000004cb2       0xb6 C:\Users\Administrator\Desktop\Wireless-switch-CH592\LIB\libCH59xBLE.a(gap.o)
                0x0000000000004cb2                gapProcessRandomAddrComplete
 .text.GAP_Authenticate
                0x0000000000004d68       0xde C:\Users\Administrator\Desktop\Wireless-switch-CH592\LIB\libCH59xBLE.a(gap.o)
                0x0000000000004d68                GAP_Authenticate
 .text.GAP_Bond
                0x0000000000004e46       0xaa C:\Users\Administrator\Desktop\Wireless-switch-CH592\LIB\libCH59xBLE.a(gap.o)
                0x0000000000004e46                GAP_Bond
 .text.GAP_GetParamValue
                0x0000000000004ef0       0x20 C:\Users\Administrator\Desktop\Wireless-switch-CH592\LIB\libCH59xBLE.a(gap.o)
                0x0000000000004ef0                GAP_GetParamValue
 .text.GAP_PasscodeUpdate
                0x0000000000004f10       0x54 C:\Users\Administrator\Desktop\Wireless-switch-CH592\LIB\libCH59xBLE.a(gap.o)
                0x0000000000004f10                GAP_PasscodeUpdate
 .text.GAP_RegisterForMsgs
                0x0000000000004f64        0xa C:\Users\Administrator\Desktop\Wireless-switch-CH592\LIB\libCH59xBLE.a(gap.o)
                0x0000000000004f64                GAP_RegisterForMsgs
 .text.GAP_ResolvePrivateAddr
                0x0000000000004f6e        0x4 C:\Users\Administrator\Desktop\Wireless-switch-CH592\LIB\libCH59xBLE.a(gap.o)
                0x0000000000004f6e                GAP_ResolvePrivateAddr
 .text.gapPairingCompleteCB
                0x0000000000004f72      0x18c C:\Users\Administrator\Desktop\Wireless-switch-CH592\LIB\libCH59xBLE.a(gap.o)
                0x0000000000004f72                gapPairingCompleteCB
 .text.gapPasskeyNeededCB
                0x00000000000050fe       0x8e C:\Users\Administrator\Desktop\Wireless-switch-CH592\LIB\libCH59xBLE.a(gap.o)
                0x00000000000050fe                gapPasskeyNeededCB
 .text.gapOobNeededCB
                0x000000000000518c       0xa6 C:\Users\Administrator\Desktop\Wireless-switch-CH592\LIB\libCH59xBLE.a(gap.o)
                0x000000000000518c                gapOobNeededCB
 .text.gapFreeEstLink
                0x0000000000005232       0x20 C:\Users\Administrator\Desktop\Wireless-switch-CH592\LIB\libCH59xBLE.a(gap.o)
                0x0000000000005232                gapFreeEstLink
 .text.gapUpdateConnSignCounter
                0x0000000000005252       0x7a C:\Users\Administrator\Desktop\Wireless-switch-CH592\LIB\libCH59xBLE.a(gap.o)
                0x0000000000005252                gapUpdateConnSignCounter
 .text.GAP_TerminateAuth
                0x00000000000052cc       0x2a C:\Users\Administrator\Desktop\Wireless-switch-CH592\LIB\libCH59xBLE.a(gap.o)
                0x00000000000052cc                GAP_TerminateAuth
 .text.GAP_NumActiveConnections
                0x00000000000052f6        0x4 C:\Users\Administrator\Desktop\Wireless-switch-CH592\LIB\libCH59xBLE.a(gap.o)
                0x00000000000052f6                GAP_NumActiveConnections
 .text.GAP_TerminateLinkReq
                0x00000000000052fa       0x8e C:\Users\Administrator\Desktop\Wireless-switch-CH592\LIB\libCH59xBLE.a(gap.o)
                0x00000000000052fa                GAP_TerminateLinkReq
 .text.GAP_SetParamValue
                0x0000000000005388       0x6c C:\Users\Administrator\Desktop\Wireless-switch-CH592\LIB\libCH59xBLE.a(gap.o)
                0x0000000000005388                GAP_SetParamValue
 .text.GAP_Init
                0x00000000000053f4       0x48 C:\Users\Administrator\Desktop\Wireless-switch-CH592\LIB\libCH59xBLE.a(gap.o)
                0x00000000000053f4                GAP_Init
 .text.GAP_ProcessEvent
                0x000000000000543c      0x66a C:\Users\Administrator\Desktop\Wireless-switch-CH592\LIB\libCH59xBLE.a(gap.o)
                0x000000000000543c                GAP_ProcessEvent
 .text.gapSendScanEnable
                0x0000000000005aa6       0x3a C:\Users\Administrator\Desktop\Wireless-switch-CH592\LIB\libCH59xBLE.a(gap_central.o)
 .text.gapCentProcessConnEvt
                0x0000000000005ae0      0x168 C:\Users\Administrator\Desktop\Wireless-switch-CH592\LIB\libCH59xBLE.a(gap_central.o)
                0x0000000000005ae0                gapCentProcessConnEvt
 .text.gapProcessScanningPeriodicAdvEvt
                0x0000000000005c48       0xa0 C:\Users\Administrator\Desktop\Wireless-switch-CH592\LIB\libCH59xBLE.a(gap_central.o)
                0x0000000000005c48                gapProcessScanningPeriodicAdvEvt
 .text.gapCancelLinkReq
                0x0000000000005ce8       0x38 C:\Users\Administrator\Desktop\Wireless-switch-CH592\LIB\libCH59xBLE.a(gap_central.o)
                0x0000000000005ce8                gapCancelLinkReq
 .text.gapProcessAdvertDevInfo
                0x0000000000005d20      0x242 C:\Users\Administrator\Desktop\Wireless-switch-CH592\LIB\libCH59xBLE.a(gap_central.o)
                0x0000000000005d20                gapProcessAdvertDevInfo
 .text.gapProcessExtAdvertDevInfo
                0x0000000000005f62      0x260 C:\Users\Administrator\Desktop\Wireless-switch-CH592\LIB\libCH59xBLE.a(gap_central.o)
                0x0000000000005f62                gapProcessExtAdvertDevInfo
 .text.gapProcessPeriodicAdvertisingSyncEstablishedEvt
                0x00000000000061c2       0xae C:\Users\Administrator\Desktop\Wireless-switch-CH592\LIB\libCH59xBLE.a(gap_central.o)
                0x00000000000061c2                gapProcessPeriodicAdvertisingSyncEstablishedEvt
 .text.gapProcessPeriodicAdvertisingSyncLostEvt
                0x0000000000006270       0x56 C:\Users\Administrator\Desktop\Wireless-switch-CH592\LIB\libCH59xBLE.a(gap_central.o)
                0x0000000000006270                gapProcessPeriodicAdvertisingSyncLostEvt
 .text.gapFreeScanRecs
                0x00000000000062c6       0xa6 C:\Users\Administrator\Desktop\Wireless-switch-CH592\LIB\libCH59xBLE.a(gap_central.o)
                0x00000000000062c6                gapFreeScanRecs
 .text.gapSendDevDiscEvent
                0x000000000000636c      0x124 C:\Users\Administrator\Desktop\Wireless-switch-CH592\LIB\libCH59xBLE.a(gap_central.o)
                0x000000000000636c                gapSendDevDiscEvent
 .text.gapSetScanParamStatus
                0x0000000000006490       0x56 C:\Users\Administrator\Desktop\Wireless-switch-CH592\LIB\libCH59xBLE.a(gap_central.o)
 .text.gapCentProcessHCICmdEvt
                0x00000000000064e6       0x3c C:\Users\Administrator\Desktop\Wireless-switch-CH592\LIB\libCH59xBLE.a(gap_central.o)
                0x00000000000064e6                gapCentProcessHCICmdEvt
 .text.gapProcessScanningEvt
                0x0000000000006522      0x10e C:\Users\Administrator\Desktop\Wireless-switch-CH592\LIB\libCH59xBLE.a(gap_central.o)
                0x0000000000006522                gapProcessScanningEvt
 .text.gapProcessScanningDirectEvt
                0x0000000000006630       0xfc C:\Users\Administrator\Desktop\Wireless-switch-CH592\LIB\libCH59xBLE.a(gap_central.o)
                0x0000000000006630                gapProcessScanningDirectEvt
 .text.gapProcessScanningExtAdvEvt
                0x000000000000672c      0x2c4 C:\Users\Administrator\Desktop\Wireless-switch-CH592\LIB\libCH59xBLE.a(gap_central.o)
                0x000000000000672c                gapProcessScanningExtAdvEvt
 .text.GAP_CentConnRegister
                0x00000000000069f0       0x1a C:\Users\Administrator\Desktop\Wireless-switch-CH592\LIB\libCH59xBLE.a(gap_central.o)
                0x00000000000069f0                GAP_CentConnRegister
 .text.GAP_CentralParamInit
                0x0000000000006a0a       0x6e C:\Users\Administrator\Desktop\Wireless-switch-CH592\LIB\libCH59xBLE.a(gap_central.o)
                0x0000000000006a0a                GAP_CentralParamInit
 .text.GAP_CentDevMgrInit
                0x0000000000006a78       0x9c C:\Users\Administrator\Desktop\Wireless-switch-CH592\LIB\libCH59xBLE.a(gap_central.o)
                0x0000000000006a78                GAP_CentDevMgrInit
 .text.gapFreeAdvertState
                0x0000000000006b14       0x20 C:\Users\Administrator\Desktop\Wireless-switch-CH592\LIB\libCH59xBLE.a(gap_peripheral.o)
 .text.gapSetPeriodicAdvParams
                0x0000000000006b34       0x30 C:\Users\Administrator\Desktop\Wireless-switch-CH592\LIB\libCH59xBLE.a(gap_peripheral.o)
 .text.gapSetConnectionlessCTEParams
                0x0000000000006b64       0x54 C:\Users\Administrator\Desktop\Wireless-switch-CH592\LIB\libCH59xBLE.a(gap_peripheral.o)
 .text.gapSetAdvParams
                0x0000000000006bb8       0xfc C:\Users\Administrator\Desktop\Wireless-switch-CH592\LIB\libCH59xBLE.a(gap_peripheral.o)
 .text.gapPeriProcessConnEvt
                0x0000000000006cb4       0xd0 C:\Users\Administrator\Desktop\Wireless-switch-CH592\LIB\libCH59xBLE.a(gap_peripheral.o)
 .text.gapWriteAdvDataStatus
                0x0000000000006d84       0x8a C:\Users\Administrator\Desktop\Wireless-switch-CH592\LIB\libCH59xBLE.a(gap_peripheral.o)
 .text.GAP_MakeDiscoverable
                0x0000000000006e0e      0x174 C:\Users\Administrator\Desktop\Wireless-switch-CH592\LIB\libCH59xBLE.a(gap_peripheral.o)
                0x0000000000006e0e                GAP_MakeDiscoverable
 .text.GAP_EndDiscoverable
                0x0000000000006f82       0x66 C:\Users\Administrator\Desktop\Wireless-switch-CH592\LIB\libCH59xBLE.a(gap_peripheral.o)
                0x0000000000006f82                GAP_EndDiscoverable
 .text.gapProcessAdvertisingEvt
                0x0000000000006fe8      0x116 C:\Users\Administrator\Desktop\Wireless-switch-CH592\LIB\libCH59xBLE.a(gap_peripheral.o)
 .text.GAP_MakePeriodic
                0x00000000000070fe       0x26 C:\Users\Administrator\Desktop\Wireless-switch-CH592\LIB\libCH59xBLE.a(gap_peripheral.o)
                0x00000000000070fe                GAP_MakePeriodic
 .text.GAP_EndPeriodic
                0x0000000000007124        0xc C:\Users\Administrator\Desktop\Wireless-switch-CH592\LIB\libCH59xBLE.a(gap_peripheral.o)
                0x0000000000007124                GAP_EndPeriodic
 .text.GAP_MakeConnecttionlessCTE
                0x0000000000007130       0x1a C:\Users\Administrator\Desktop\Wireless-switch-CH592\LIB\libCH59xBLE.a(gap_peripheral.o)
                0x0000000000007130                GAP_MakeConnecttionlessCTE
 .text.GAP_EndConnecttionlessCTE
                0x000000000000714a        0xc C:\Users\Administrator\Desktop\Wireless-switch-CH592\LIB\libCH59xBLE.a(gap_peripheral.o)
                0x000000000000714a                GAP_EndConnecttionlessCTE
 .text.GAP_UpdateAdvertisingData
                0x0000000000007156      0x136 C:\Users\Administrator\Desktop\Wireless-switch-CH592\LIB\libCH59xBLE.a(gap_peripheral.o)
                0x0000000000007156                GAP_UpdateAdvertisingData
 .text.GAP_SetAdvertisingAdvData
                0x000000000000728c      0x102 C:\Users\Administrator\Desktop\Wireless-switch-CH592\LIB\libCH59xBLE.a(gap_peripheral.o)
                0x000000000000728c                GAP_SetAdvertisingAdvData
 .text.GAP_SetAdvertisingRspData
                0x000000000000738e      0x102 C:\Users\Administrator\Desktop\Wireless-switch-CH592\LIB\libCH59xBLE.a(gap_peripheral.o)
                0x000000000000738e                GAP_SetAdvertisingRspData
 .text.GAP_SetPeriodicAdvertisingData
                0x0000000000007490       0xc6 C:\Users\Administrator\Desktop\Wireless-switch-CH592\LIB\libCH59xBLE.a(gap_peripheral.o)
                0x0000000000007490                GAP_SetPeriodicAdvertisingData
 .text.GAP_GetAdvertisingAdvData
                0x0000000000007556       0x26 C:\Users\Administrator\Desktop\Wireless-switch-CH592\LIB\libCH59xBLE.a(gap_peripheral.o)
                0x0000000000007556                GAP_GetAdvertisingAdvData
 .text.GAP_GetAdvertisingRspData
                0x000000000000757c       0x34 C:\Users\Administrator\Desktop\Wireless-switch-CH592\LIB\libCH59xBLE.a(gap_peripheral.o)
                0x000000000000757c                GAP_GetAdvertisingRspData
 .text.GAP_GetPeriodicAdvertisingData
                0x00000000000075b0       0x34 C:\Users\Administrator\Desktop\Wireless-switch-CH592\LIB\libCH59xBLE.a(gap_peripheral.o)
                0x00000000000075b0                GAP_GetPeriodicAdvertisingData
 .text.GAP_PeriConnRegister
                0x00000000000075e4       0x2e C:\Users\Administrator\Desktop\Wireless-switch-CH592\LIB\libCH59xBLE.a(gap_peripheral.o)
                0x00000000000075e4                GAP_PeriConnRegister
 .text.GAP_PeripheralParamInit
                0x0000000000007612       0x6c C:\Users\Administrator\Desktop\Wireless-switch-CH592\LIB\libCH59xBLE.a(gap_peripheral.o)
                0x0000000000007612                GAP_PeripheralParamInit
 .text.gapSendMakeDiscEvent
                0x000000000000767e       0x50 C:\Users\Administrator\Desktop\Wireless-switch-CH592\LIB\libCH59xBLE.a(gap_peripheral.o)
                0x000000000000767e                gapSendMakeDiscEvent
 .text.gapWriteAdvEnableStatus
                0x00000000000076ce      0x10e C:\Users\Administrator\Desktop\Wireless-switch-CH592\LIB\libCH59xBLE.a(gap_peripheral.o)
 .text.gapSendMakePeriodicEvent
                0x00000000000077dc       0x3a C:\Users\Administrator\Desktop\Wireless-switch-CH592\LIB\libCH59xBLE.a(gap_peripheral.o)
                0x00000000000077dc                gapSendMakePeriodicEvent
 .text.gapSendMakeConnectionlessCTEEvent
                0x0000000000007816       0x3a C:\Users\Administrator\Desktop\Wireless-switch-CH592\LIB\libCH59xBLE.a(gap_peripheral.o)
                0x0000000000007816                gapSendMakeConnectionlessCTEEvent
 .text.gapPeriProcessHCICmdCompleteEvt
                0x0000000000007850      0x22a C:\Users\Administrator\Desktop\Wireless-switch-CH592\LIB\libCH59xBLE.a(gap_peripheral.o)
 .text.GAP_PeriDevMgrInit
                0x0000000000007a7a       0x2e C:\Users\Administrator\Desktop\Wireless-switch-CH592\LIB\libCH59xBLE.a(gap_peripheral.o)
                0x0000000000007a7a                GAP_PeriDevMgrInit
 .text.gattProcessExchangeMTUReq
                0x0000000000007aa8        0x4 C:\Users\Administrator\Desktop\Wireless-switch-CH592\LIB\libCH59xBLE.a(gattservapp.o)
 .text.gattServApp_FindCharCfgItem
                0x0000000000007aac       0x24 C:\Users\Administrator\Desktop\Wireless-switch-CH592\LIB\libCH59xBLE.a(gattservapp.o)
 .text.gattServerHandleTimerCB
                0x0000000000007ad0       0x3c C:\Users\Administrator\Desktop\Wireless-switch-CH592\LIB\libCH59xBLE.a(gattservapp.o)
 .text.GATTServApp_InitCharCfg.part.12
                0x0000000000007b0c       0x20 C:\Users\Administrator\Desktop\Wireless-switch-CH592\LIB\libCH59xBLE.a(gattservapp.o)
 .text.gattProcessExecuteWriteReq
                0x0000000000007b2c        0x4 C:\Users\Administrator\Desktop\Wireless-switch-CH592\LIB\libCH59xBLE.a(gattservapp.o)
 .text.GATTServApp_ParamInit
                0x0000000000007b30       0xd6 C:\Users\Administrator\Desktop\Wireless-switch-CH592\LIB\libCH59xBLE.a(gattservapp.o)
                0x0000000000007b30                GATTServApp_ParamInit
 .text.GATTServApp_ReadCharCfg
                0x0000000000007c06       0x16 C:\Users\Administrator\Desktop\Wireless-switch-CH592\LIB\libCH59xBLE.a(gattservapp.o)
                0x0000000000007c06                GATTServApp_ReadCharCfg
 .text.GATTServApp_WriteCharCfg
                0x0000000000007c1c       0x38 C:\Users\Administrator\Desktop\Wireless-switch-CH592\LIB\libCH59xBLE.a(gattservapp.o)
                0x0000000000007c1c                GATTServApp_WriteCharCfg
 .text.GATTServApp_ProcessCCCWriteReq
                0x0000000000007c54       0x5c C:\Users\Administrator\Desktop\Wireless-switch-CH592\LIB\libCH59xBLE.a(gattservapp.o)
                0x0000000000007c54                GATTServApp_ProcessCCCWriteReq
 .text.gattServApp_WriteAttrCB
                0x0000000000007cb0       0x32 C:\Users\Administrator\Desktop\Wireless-switch-CH592\LIB\libCH59xBLE.a(gattservapp.o)
                0x0000000000007cb0                gattServApp_WriteAttrCB
 .text.GATTServApp_SendCCCUpdatedEvent
                0x0000000000007ce2       0x5e C:\Users\Administrator\Desktop\Wireless-switch-CH592\LIB\libCH59xBLE.a(gattservapp.o)
                0x0000000000007ce2                GATTServApp_SendCCCUpdatedEvent
 .text.GATTServApp_SendServiceChangedInd
                0x0000000000007d40       0x34 C:\Users\Administrator\Desktop\Wireless-switch-CH592\LIB\libCH59xBLE.a(gattservapp.o)
                0x0000000000007d40                GATTServApp_SendServiceChangedInd
 .text.gattServApp_ClearPrepareWriteQ
                0x0000000000007d74       0x50 C:\Users\Administrator\Desktop\Wireless-switch-CH592\LIB\libCH59xBLE.a(gattservapp.o)
                0x0000000000007d74                gattServApp_ClearPrepareWriteQ
 .text.gattServApp_FindPrepareWriteQ
                0x0000000000007dc4       0x30 C:\Users\Administrator\Desktop\Wireless-switch-CH592\LIB\libCH59xBLE.a(gattservapp.o)
                0x0000000000007dc4                gattServApp_FindPrepareWriteQ
 .text.gattServApp_FindServiceCBs
                0x0000000000007df4       0x18 C:\Users\Administrator\Desktop\Wireless-switch-CH592\LIB\libCH59xBLE.a(gattservapp.o)
                0x0000000000007df4                gattServApp_FindServiceCBs
 .text.gattServApp_FindAuthorizeAttrCB
                0x0000000000007e0c       0x14 C:\Users\Administrator\Desktop\Wireless-switch-CH592\LIB\libCH59xBLE.a(gattservapp.o)
                0x0000000000007e0c                gattServApp_FindAuthorizeAttrCB
 .text.gattServApp_IsWriteLong
                0x0000000000007e20       0xea C:\Users\Administrator\Desktop\Wireless-switch-CH592\LIB\libCH59xBLE.a(gattservapp.o)
                0x0000000000007e20                gattServApp_IsWriteLong
 .text.gattFindService
                0x0000000000007f0a       0x1c C:\Users\Administrator\Desktop\Wireless-switch-CH592\LIB\libCH59xBLE.a(gattservapp.o)
                0x0000000000007f0a                gattFindService
 .text.GATT_ServiceNumAttrs
                0x0000000000007f26       0x16 C:\Users\Administrator\Desktop\Wireless-switch-CH592\LIB\libCH59xBLE.a(gattservapp.o)
                0x0000000000007f26                GATT_ServiceNumAttrs
 .text.GATT_ServiceEncKeySize
                0x0000000000007f3c       0x16 C:\Users\Administrator\Desktop\Wireless-switch-CH592\LIB\libCH59xBLE.a(gattservapp.o)
                0x0000000000007f3c                GATT_ServiceEncKeySize
 .text.GATT_VerifyWritePermissions.part.7
                0x0000000000007f52       0x2c C:\Users\Administrator\Desktop\Wireless-switch-CH592\LIB\libCH59xBLE.a(gattservapp.o)
 .text.gattResetServerInfo
                0x0000000000007f7e       0x1c C:\Users\Administrator\Desktop\Wireless-switch-CH592\LIB\libCH59xBLE.a(gattservapp.o)
                0x0000000000007f7e                gattResetServerInfo
 .text.gattFindServerInfo
                0x0000000000007f9a       0x2c C:\Users\Administrator\Desktop\Wireless-switch-CH592\LIB\libCH59xBLE.a(gattservapp.o)
                0x0000000000007f9a                gattFindServerInfo
 .text.gattServerHandleConnStatusCB
                0x0000000000007fc6       0x8e C:\Users\Administrator\Desktop\Wireless-switch-CH592\LIB\libCH59xBLE.a(gattservapp.o)
                0x0000000000007fc6                gattServerHandleConnStatusCB
 .text.gattServerProcessMsgCB
                0x0000000000008054      0x1ba C:\Users\Administrator\Desktop\Wireless-switch-CH592\LIB\libCH59xBLE.a(gattservapp.o)
                0x0000000000008054                gattServerProcessMsgCB
 .text.gattServerNotifyTxCB
                0x000000000000820e       0x28 C:\Users\Administrator\Desktop\Wireless-switch-CH592\LIB\libCH59xBLE.a(gattservapp.o)
 .text.GATT_FindHandle
                0x0000000000008236       0x4a C:\Users\Administrator\Desktop\Wireless-switch-CH592\LIB\libCH59xBLE.a(gattservapp.o)
                0x0000000000008236                GATT_FindHandle
 .text.GATTServApp_WriteAttr
                0x0000000000008280       0xa6 C:\Users\Administrator\Desktop\Wireless-switch-CH592\LIB\libCH59xBLE.a(gattservapp.o)
                0x0000000000008280                GATTServApp_WriteAttr
 .text.gattServApp_ProcessExecuteWriteReq
                0x0000000000008326       0xfe C:\Users\Administrator\Desktop\Wireless-switch-CH592\LIB\libCH59xBLE.a(gattservapp.o)
                0x0000000000008326                gattServApp_ProcessExecuteWriteReq
 .text.gattServApp_ProcessPrepareWriteReq
                0x0000000000008424      0x10e C:\Users\Administrator\Desktop\Wireless-switch-CH592\LIB\libCH59xBLE.a(gattservapp.o)
                0x0000000000008424                gattServApp_ProcessPrepareWriteReq
 .text.gattServApp_ProcessWriteReq
                0x0000000000008532       0xb0 C:\Users\Administrator\Desktop\Wireless-switch-CH592\LIB\libCH59xBLE.a(gattservapp.o)
                0x0000000000008532                gattServApp_ProcessWriteReq
 .text.GATT_Indication
                0x00000000000085e2       0xa4 C:\Users\Administrator\Desktop\Wireless-switch-CH592\LIB\libCH59xBLE.a(gattservapp.o)
                0x00000000000085e2                GATT_Indication
 .text.GATT_FindHandleUUID
                0x0000000000008686       0x94 C:\Users\Administrator\Desktop\Wireless-switch-CH592\LIB\libCH59xBLE.a(gattservapp.o)
                0x0000000000008686                GATT_FindHandleUUID
 .text.gattProcessReadByGrpTypeReq
                0x000000000000871a       0x5e C:\Users\Administrator\Desktop\Wireless-switch-CH592\LIB\libCH59xBLE.a(gattservapp.o)
 .text.gattProcessReadByTypeReq
                0x0000000000008778       0x34 C:\Users\Administrator\Desktop\Wireless-switch-CH592\LIB\libCH59xBLE.a(gattservapp.o)
 .text.gattProcessFindByTypeValueReq
                0x00000000000087ac       0x34 C:\Users\Administrator\Desktop\Wireless-switch-CH592\LIB\libCH59xBLE.a(gattservapp.o)
 .text.gattProcessFindInfoReq
                0x00000000000087e0      0x1aa C:\Users\Administrator\Desktop\Wireless-switch-CH592\LIB\libCH59xBLE.a(gattservapp.o)
 .text.GATT_VerifyWritePermissions
                0x000000000000898a       0x6a C:\Users\Administrator\Desktop\Wireless-switch-CH592\LIB\libCH59xBLE.a(gattservapp.o)
                0x000000000000898a                GATT_VerifyWritePermissions
 .text.gattProcessWriteReq
                0x00000000000089f4       0x34 C:\Users\Administrator\Desktop\Wireless-switch-CH592\LIB\libCH59xBLE.a(gattservapp.o)
 .text.GATT_VerifyPrepareWritePermissions
                0x0000000000008a28       0x56 C:\Users\Administrator\Desktop\Wireless-switch-CH592\LIB\libCH59xBLE.a(gattservapp.o)
                0x0000000000008a28                GATT_VerifyPrepareWritePermissions
 .text.gattProcessPrepareWriteReq
                0x0000000000008a7e       0x34 C:\Users\Administrator\Desktop\Wireless-switch-CH592\LIB\libCH59xBLE.a(gattservapp.o)
 .text.GATT_FindNextAttr
                0x0000000000008ab2       0xc2 C:\Users\Administrator\Desktop\Wireless-switch-CH592\LIB\libCH59xBLE.a(gattservapp.o)
                0x0000000000008ab2                GATT_FindNextAttr
 .text.GATTServApp_ReadAttr
                0x0000000000008b74      0x2ea C:\Users\Administrator\Desktop\Wireless-switch-CH592\LIB\libCH59xBLE.a(gattservapp.o)
                0x0000000000008b74                GATTServApp_ReadAttr
 .text.gattServApp_ProcessReadMultiReq
                0x0000000000008e5e      0x16e C:\Users\Administrator\Desktop\Wireless-switch-CH592\LIB\libCH59xBLE.a(gattservapp.o)
                0x0000000000008e5e                gattServApp_ProcessReadMultiReq
 .text.gattServApp_ProcessFindByTypeValueReq
                0x0000000000008fcc      0x1a0 C:\Users\Administrator\Desktop\Wireless-switch-CH592\LIB\libCH59xBLE.a(gattservapp.o)
                0x0000000000008fcc                gattServApp_ProcessFindByTypeValueReq
 .text.GATT_VerifyReadPermissions
                0x000000000000916c       0x68 C:\Users\Administrator\Desktop\Wireless-switch-CH592\LIB\libCH59xBLE.a(gattservapp.o)
                0x000000000000916c                GATT_VerifyReadPermissions
 .text.gattProcessReadMultiReq
                0x00000000000091d4       0xae C:\Users\Administrator\Desktop\Wireless-switch-CH592\LIB\libCH59xBLE.a(gattservapp.o)
 .text.gattProcessReadReq
                0x0000000000009282       0x30 C:\Users\Administrator\Desktop\Wireless-switch-CH592\LIB\libCH59xBLE.a(gattservapp.o)
 .text.gattServApp_ProcessReadByGrpTypeReq
                0x00000000000092b2      0x21c C:\Users\Administrator\Desktop\Wireless-switch-CH592\LIB\libCH59xBLE.a(gattservapp.o)
                0x00000000000092b2                gattServApp_ProcessReadByGrpTypeReq
 .text.gattServApp_ProcessReadByTypeReq
                0x00000000000094ce      0x1ae C:\Users\Administrator\Desktop\Wireless-switch-CH592\LIB\libCH59xBLE.a(gattservapp.o)
                0x00000000000094ce                gattServApp_ProcessReadByTypeReq
 .text.GATTServApp_InitCharCfg
                0x000000000000967c       0x28 C:\Users\Administrator\Desktop\Wireless-switch-CH592\LIB\libCH59xBLE.a(gattservapp.o)
                0x000000000000967c                GATTServApp_InitCharCfg
 .text.gattServApp_HandleConnStatusCB
                0x00000000000096a4       0x74 C:\Users\Administrator\Desktop\Wireless-switch-CH592\LIB\libCH59xBLE.a(gattservapp.o)
                0x00000000000096a4                gattServApp_HandleConnStatusCB
 .text.GATT_InitServer
                0x0000000000009718       0xfa C:\Users\Administrator\Desktop\Wireless-switch-CH592\LIB\libCH59xBLE.a(gattservapp.o)
                0x0000000000009718                GATT_InitServer
 .text.GATTServApp_Init
                0x0000000000009812       0x34 C:\Users\Administrator\Desktop\Wireless-switch-CH592\LIB\libCH59xBLE.a(gattservapp.o)
                0x0000000000009812                GATTServApp_Init
 .text.GATTServApp_ProcessEvent
                0x0000000000009846      0x36a C:\Users\Administrator\Desktop\Wireless-switch-CH592\LIB\libCH59xBLE.a(gattservapp.o)
                0x0000000000009846                GATTServApp_ProcessEvent
 .text.l2capAllocConnChannel
                0x0000000000009bb0       0xe0 C:\Users\Administrator\Desktop\Wireless-switch-CH592\LIB\libCH59xBLE.a(l2cap.o)
                0x0000000000009bb0                l2capAllocConnChannel
 .text.l2capFindLocalCID
                0x0000000000009c90       0x2c C:\Users\Administrator\Desktop\Wireless-switch-CH592\LIB\libCH59xBLE.a(l2cap.o)
                0x0000000000009c90                l2capFindLocalCID
 .text.l2capFindLocalId
                0x0000000000009cbc       0x30 C:\Users\Administrator\Desktop\Wireless-switch-CH592\LIB\libCH59xBLE.a(l2cap.o)
                0x0000000000009cbc                l2capFindLocalId
 .text.l2capFindPsm
                0x0000000000009cec       0x30 C:\Users\Administrator\Desktop\Wireless-switch-CH592\LIB\libCH59xBLE.a(l2cap.o)
                0x0000000000009cec                l2capFindPsm
 .text.l2capFindRemoteCID
                0x0000000000009d1c       0x3c C:\Users\Administrator\Desktop\Wireless-switch-CH592\LIB\libCH59xBLE.a(l2cap.o)
                0x0000000000009d1c                l2capFindRemoteCID
 .text.l2capFreeChannel
                0x0000000000009d58       0x4e C:\Users\Administrator\Desktop\Wireless-switch-CH592\LIB\libCH59xBLE.a(l2cap.o)
                0x0000000000009d58                l2capFreeChannel
 .text.l2capDisconnectChannel
                0x0000000000009da6       0x28 C:\Users\Administrator\Desktop\Wireless-switch-CH592\LIB\libCH59xBLE.a(l2cap.o)
                0x0000000000009da6                l2capDisconnectChannel
 .text.l2capHandleTimerCB
                0x0000000000009dce       0x2c C:\Users\Administrator\Desktop\Wireless-switch-CH592\LIB\libCH59xBLE.a(l2cap.o)
                0x0000000000009dce                l2capHandleTimerCB
 .text.l2capFreePendingPkt
                0x0000000000009dfa       0x58 C:\Users\Administrator\Desktop\Wireless-switch-CH592\LIB\libCH59xBLE.a(l2cap.o)
                0x0000000000009dfa                l2capFreePendingPkt
 .text.l2capGetCoChannelInfo
                0x0000000000009e52       0x86 C:\Users\Administrator\Desktop\Wireless-switch-CH592\LIB\libCH59xBLE.a(l2cap.o)
                0x0000000000009e52                l2capGetCoChannelInfo
 .text.l2capNumActiveChannnels
                0x0000000000009ed8       0x48 C:\Users\Administrator\Desktop\Wireless-switch-CH592\LIB\libCH59xBLE.a(l2cap.o)
                0x0000000000009ed8                l2capNumActiveChannnels
 .text.l2capStartTimer
                0x0000000000009f20       0x1a C:\Users\Administrator\Desktop\Wireless-switch-CH592\LIB\libCH59xBLE.a(l2cap.o)
                0x0000000000009f20                l2capStartTimer
 .text.l2capStopTimer
                0x0000000000009f3a       0x1e C:\Users\Administrator\Desktop\Wireless-switch-CH592\LIB\libCH59xBLE.a(l2cap.o)
                0x0000000000009f3a                l2capStopTimer
 .text.l2capDisconnectAllChannels
                0x0000000000009f58       0xdc C:\Users\Administrator\Desktop\Wireless-switch-CH592\LIB\libCH59xBLE.a(l2cap.o)
                0x0000000000009f58                l2capDisconnectAllChannels
 .text.l2capHandleConnStatusCB
                0x000000000000a034       0x3c C:\Users\Administrator\Desktop\Wireless-switch-CH592\LIB\libCH59xBLE.a(l2cap.o)
                0x000000000000a034                l2capHandleConnStatusCB
 .text.l2capHandleRxError
                0x000000000000a070        0x6 C:\Users\Administrator\Desktop\Wireless-switch-CH592\LIB\libCH59xBLE.a(l2cap.o)
                0x000000000000a070                l2capHandleRxError
 .text.L2CAP_GetMTU
                0x000000000000a076        0x6 C:\Users\Administrator\Desktop\Wireless-switch-CH592\LIB\libCH59xBLE.a(l2cap.o)
                0x000000000000a076                L2CAP_GetMTU
 .text.L2CAP_HostNumCompletedPkts
                0x000000000000a07c       0x28 C:\Users\Administrator\Desktop\Wireless-switch-CH592\LIB\libCH59xBLE.a(l2cap.o)
                0x000000000000a07c                L2CAP_HostNumCompletedPkts
 .text.L2CAP_ParseConnectReq
                0x000000000000a0a4       0x5e C:\Users\Administrator\Desktop\Wireless-switch-CH592\LIB\libCH59xBLE.a(l2cap.o)
                0x000000000000a0a4                L2CAP_ParseConnectReq
 .text.L2CAP_ParseFlowCtrlCredit
                0x000000000000a102       0x2e C:\Users\Administrator\Desktop\Wireless-switch-CH592\LIB\libCH59xBLE.a(l2cap.o)
                0x000000000000a102                L2CAP_ParseFlowCtrlCredit
 .text.L2CAP_RegisterApp
                0x000000000000a130       0x30 C:\Users\Administrator\Desktop\Wireless-switch-CH592\LIB\libCH59xBLE.a(l2cap.o)
                0x000000000000a130                L2CAP_RegisterApp
 .text.L2CAP_SetBufSize
                0x000000000000a160       0x1e C:\Users\Administrator\Desktop\Wireless-switch-CH592\LIB\libCH59xBLE.a(l2cap.o)
                0x000000000000a160                L2CAP_SetBufSize
 .text.L2CAP_bm_alloc
                0x000000000000a17e       0x2a C:\Users\Administrator\Desktop\Wireless-switch-CH592\LIB\libCH59xBLE.a(l2cap.o)
                0x000000000000a17e                L2CAP_bm_alloc
 .text.L2CAP_Init
                0x000000000000a1a8      0x15e C:\Users\Administrator\Desktop\Wireless-switch-CH592\LIB\libCH59xBLE.a(l2cap.o)
                0x000000000000a1a8                L2CAP_Init
 .text.L2CAP_ProcessEvent
                0x000000000000a306       0xd4 C:\Users\Administrator\Desktop\Wireless-switch-CH592\LIB\libCH59xBLE.a(l2cap.o)
                0x000000000000a306                L2CAP_ProcessEvent
 .text.l2capParseCmdReject
                0x000000000000a3da       0x5e C:\Users\Administrator\Desktop\Wireless-switch-CH592\LIB\libCH59xBLE.a(l2cap_input.o)
                0x000000000000a3da                l2capParseCmdReject
 .text.l2capParseDisconnectReq
                0x000000000000a438       0x2e C:\Users\Administrator\Desktop\Wireless-switch-CH592\LIB\libCH59xBLE.a(l2cap_input.o)
                0x000000000000a438                l2capParseDisconnectReq
 .text.l2capParseDisconnectRsp
                0x000000000000a466       0x2e C:\Users\Administrator\Desktop\Wireless-switch-CH592\LIB\libCH59xBLE.a(l2cap_input.o)
                0x000000000000a466                l2capParseDisconnectRsp
 .text.L2CAP_ParseParamUpdateReq
                0x000000000000a494       0x4e C:\Users\Administrator\Desktop\Wireless-switch-CH592\LIB\libCH59xBLE.a(l2cap_input.o)
                0x000000000000a494                L2CAP_ParseParamUpdateReq
 .text.l2capParseParamUpdateRsp
                0x000000000000a4e2       0x1e C:\Users\Administrator\Desktop\Wireless-switch-CH592\LIB\libCH59xBLE.a(l2cap_input.o)
                0x000000000000a4e2                l2capParseParamUpdateRsp
 .text.l2capProcessConnectReq
                0x000000000000a500       0xfc C:\Users\Administrator\Desktop\Wireless-switch-CH592\LIB\libCH59xBLE.a(l2cap_input.o)
                0x000000000000a500                l2capProcessConnectReq
 .text.l2capParseConnectRsp
                0x000000000000a5fc       0x5e C:\Users\Administrator\Desktop\Wireless-switch-CH592\LIB\libCH59xBLE.a(l2cap_input.o)
                0x000000000000a5fc                l2capParseConnectRsp
 .text.l2capParseSignalHdr
                0x000000000000a65a       0x22 C:\Users\Administrator\Desktop\Wireless-switch-CH592\LIB\libCH59xBLE.a(l2cap_input.o)
                0x000000000000a65a                l2capParseSignalHdr
 .text.l2capParsePacket
                0x000000000000a67c       0x8c C:\Users\Administrator\Desktop\Wireless-switch-CH592\LIB\libCH59xBLE.a(l2cap_input.o)
                0x000000000000a67c                l2capParsePacket
 .text.l2capProcessReq
                0x000000000000a708      0x15e C:\Users\Administrator\Desktop\Wireless-switch-CH592\LIB\libCH59xBLE.a(l2cap_input.o)
                0x000000000000a708                l2capProcessReq
 .text.l2capProcessRsp
                0x000000000000a866      0x150 C:\Users\Administrator\Desktop\Wireless-switch-CH592\LIB\libCH59xBLE.a(l2cap_input.o)
                0x000000000000a866                l2capProcessRsp
 .text.l2capProcessRxData
                0x000000000000a9b6       0xf8 C:\Users\Administrator\Desktop\Wireless-switch-CH592\LIB\libCH59xBLE.a(l2cap_input.o)
                0x000000000000a9b6                l2capProcessRxData
 .text.l2capNotifyData
                0x000000000000aaae       0x5e C:\Users\Administrator\Desktop\Wireless-switch-CH592\LIB\libCH59xBLE.a(l2cap_output.o)
                0x000000000000aaae                l2capNotifyData
 .text.l2capNotifySignal
                0x000000000000ab0c       0x7a C:\Users\Administrator\Desktop\Wireless-switch-CH592\LIB\libCH59xBLE.a(l2cap_output.o)
                0x000000000000ab0c                l2capNotifySignal
 .text.l2capNotifyCreditEvt
                0x000000000000ab86       0xa4 C:\Users\Administrator\Desktop\Wireless-switch-CH592\LIB\libCH59xBLE.a(l2cap_output.o)
                0x000000000000ab86                l2capNotifyCreditEvt
 .text.l2capNotifyChannelEstEvt
                0x000000000000ac2a       0x5c C:\Users\Administrator\Desktop\Wireless-switch-CH592\LIB\libCH59xBLE.a(l2cap_output.o)
                0x000000000000ac2a                l2capNotifyChannelEstEvt
 .text.l2capNotifyChannelTermEvt
                0x000000000000ac86       0x3e C:\Users\Administrator\Desktop\Wireless-switch-CH592\LIB\libCH59xBLE.a(l2cap_output.o)
                0x000000000000ac86                l2capNotifyChannelTermEvt
 .text.l2capNotifyEvent
                0x000000000000acc4       0x66 C:\Users\Administrator\Desktop\Wireless-switch-CH592\LIB\libCH59xBLE.a(l2cap_output.o)
                0x000000000000acc4                l2capNotifyEvent
 .text.l2capStoreFCPkt
                0x000000000000ad2a       0x32 C:\Users\Administrator\Desktop\Wireless-switch-CH592\LIB\libCH59xBLE.a(l2cap_output.o)
                0x000000000000ad2a                l2capStoreFCPkt
 .text.l2capFreeTxSDU
                0x000000000000ad5c       0x9e C:\Users\Administrator\Desktop\Wireless-switch-CH592\LIB\libCH59xBLE.a(l2cap_output.o)
                0x000000000000ad5c                l2capFreeTxSDU
 .text.l2capReassembleSegment
                0x000000000000adfa      0x178 C:\Users\Administrator\Desktop\Wireless-switch-CH592\LIB\libCH59xBLE.a(l2cap_output.o)
                0x000000000000adfa                l2capReassembleSegment
 .text.l2capEncapSendData
                0x000000000000af72       0xf0 C:\Users\Administrator\Desktop\Wireless-switch-CH592\LIB\libCH59xBLE.a(l2cap_output.o)
                0x000000000000af72                l2capEncapSendData
 .text.l2capSendFCPkt.part.3
                0x000000000000b062       0x70 C:\Users\Administrator\Desktop\Wireless-switch-CH592\LIB\libCH59xBLE.a(l2cap_output.o)
 .text.l2capSendSegment
                0x000000000000b0d2      0x108 C:\Users\Administrator\Desktop\Wireless-switch-CH592\LIB\libCH59xBLE.a(l2cap_output.o)
                0x000000000000b0d2                l2capSendSegment
 .text.l2capSendNextSegment
                0x000000000000b1da       0xb4 C:\Users\Administrator\Desktop\Wireless-switch-CH592\LIB\libCH59xBLE.a(l2cap_output.o)
                0x000000000000b1da                l2capSendNextSegment
 .text.l2capSendPkt
                0x000000000000b28e       0x3a C:\Users\Administrator\Desktop\Wireless-switch-CH592\LIB\libCH59xBLE.a(l2cap_output.o)
                0x000000000000b28e                l2capSendPkt
 .text.L2CAP_SendData
                0x000000000000b2c8       0x82 C:\Users\Administrator\Desktop\Wireless-switch-CH592\LIB\libCH59xBLE.a(l2cap_output.o)
                0x000000000000b2c8                L2CAP_SendData
 .text.l2capSendCmd
                0x000000000000b34a       0x8a C:\Users\Administrator\Desktop\Wireless-switch-CH592\LIB\libCH59xBLE.a(l2cap_output.o)
                0x000000000000b34a                l2capSendCmd
 .text.l2capSendReq
                0x000000000000b3d4       0xc8 C:\Users\Administrator\Desktop\Wireless-switch-CH592\LIB\libCH59xBLE.a(l2cap_output.o)
                0x000000000000b3d4                l2capSendReq
 .text.l2capBuildDisconnectReq
                0x000000000000b49c       0x28 C:\Users\Administrator\Desktop\Wireless-switch-CH592\LIB\libCH59xBLE.a(l2cap_sdu.o)
 .text.l2capBuildParamUpdateReq
                0x000000000000b4c4       0x4c C:\Users\Administrator\Desktop\Wireless-switch-CH592\LIB\libCH59xBLE.a(l2cap_sdu.o)
 .text.l2capBuildParamUpdateRsp
                0x000000000000b510       0x16 C:\Users\Administrator\Desktop\Wireless-switch-CH592\LIB\libCH59xBLE.a(l2cap_sdu.o)
 .text.l2capBuildConnectRsp
                0x000000000000b526       0x5e C:\Users\Administrator\Desktop\Wireless-switch-CH592\LIB\libCH59xBLE.a(l2cap_sdu.o)
 .text.l2capBuildCmdReject
                0x000000000000b584       0x62 C:\Users\Administrator\Desktop\Wireless-switch-CH592\LIB\libCH59xBLE.a(l2cap_sdu.o)
                0x000000000000b584                l2capBuildCmdReject
 .text.l2capBuildDisconnectRsp
                0x000000000000b5e6       0x28 C:\Users\Administrator\Desktop\Wireless-switch-CH592\LIB\libCH59xBLE.a(l2cap_sdu.o)
                0x000000000000b5e6                l2capBuildDisconnectRsp
 .text.l2capSendConnectRsp
                0x000000000000b60e       0xaa C:\Users\Administrator\Desktop\Wireless-switch-CH592\LIB\libCH59xBLE.a(l2cap_sdu.o)
                0x000000000000b60e                l2capSendConnectRsp
 .text.L2CAP_CmdReject
                0x000000000000b6b8       0x12 C:\Users\Administrator\Desktop\Wireless-switch-CH592\LIB\libCH59xBLE.a(l2cap_sdu.o)
                0x000000000000b6b8                L2CAP_CmdReject
 .text.L2CAP_DisconnectReq
                0x000000000000b6ca       0x2a C:\Users\Administrator\Desktop\Wireless-switch-CH592\LIB\libCH59xBLE.a(l2cap_sdu.o)
                0x000000000000b6ca                L2CAP_DisconnectReq
 .text.L2CAP_ConnParamUpdateReq
                0x000000000000b6f4       0x16 C:\Users\Administrator\Desktop\Wireless-switch-CH592\LIB\libCH59xBLE.a(l2cap_sdu.o)
                0x000000000000b6f4                L2CAP_ConnParamUpdateReq
 .text.L2CAP_ConnParamUpdateRsp
                0x000000000000b70a       0x12 C:\Users\Administrator\Desktop\Wireless-switch-CH592\LIB\libCH59xBLE.a(l2cap_sdu.o)
                0x000000000000b70a                L2CAP_ConnParamUpdateRsp
 .text.reportStatusChange
                0x000000000000b71c       0x3e C:\Users\Administrator\Desktop\Wireless-switch-CH592\LIB\libCH59xBLE.a(linkdb.o)
 .text.linkDB_Init
                0x000000000000b75a       0xa8 C:\Users\Administrator\Desktop\Wireless-switch-CH592\LIB\libCH59xBLE.a(linkdb.o)
                0x000000000000b75a                linkDB_Init
 .text.linkDB_Find
                0x000000000000b802       0x34 C:\Users\Administrator\Desktop\Wireless-switch-CH592\LIB\libCH59xBLE.a(linkdb.o)
                0x000000000000b802                linkDB_Find
 .text.linkDB_Authen
                0x000000000000b836       0x5c C:\Users\Administrator\Desktop\Wireless-switch-CH592\LIB\libCH59xBLE.a(linkdb.o)
                0x000000000000b836                linkDB_Authen
 .text.linkDB_FindByAddr
                0x000000000000b892       0x82 C:\Users\Administrator\Desktop\Wireless-switch-CH592\LIB\libCH59xBLE.a(linkdb.o)
                0x000000000000b892                linkDB_FindByAddr
 .text.linkDB_FindFirst
                0x000000000000b914       0x40 C:\Users\Administrator\Desktop\Wireless-switch-CH592\LIB\libCH59xBLE.a(linkdb.o)
                0x000000000000b914                linkDB_FindFirst
 .text.linkDB_MTU
                0x000000000000b954       0x18 C:\Users\Administrator\Desktop\Wireless-switch-CH592\LIB\libCH59xBLE.a(linkdb.o)
                0x000000000000b954                linkDB_MTU
 .text.linkDB_NumActive
                0x000000000000b96c       0x36 C:\Users\Administrator\Desktop\Wireless-switch-CH592\LIB\libCH59xBLE.a(linkdb.o)
                0x000000000000b96c                linkDB_NumActive
 .text.linkDB_NumConns
                0x000000000000b9a2        0xa C:\Users\Administrator\Desktop\Wireless-switch-CH592\LIB\libCH59xBLE.a(linkdb.o)
                0x000000000000b9a2                linkDB_NumConns
 .text.linkDB_Register
                0x000000000000b9ac       0x28 C:\Users\Administrator\Desktop\Wireless-switch-CH592\LIB\libCH59xBLE.a(linkdb.o)
                0x000000000000b9ac                linkDB_Register
 .text.linkDB_Remove
                0x000000000000b9d4       0x4c C:\Users\Administrator\Desktop\Wireless-switch-CH592\LIB\libCH59xBLE.a(linkdb.o)
                0x000000000000b9d4                linkDB_Remove
 .text.linkDB_Role
                0x000000000000ba20       0x18 C:\Users\Administrator\Desktop\Wireless-switch-CH592\LIB\libCH59xBLE.a(linkdb.o)
                0x000000000000ba20                linkDB_Role
 .text.linkDB_State
                0x000000000000ba38       0x30 C:\Users\Administrator\Desktop\Wireless-switch-CH592\LIB\libCH59xBLE.a(linkdb.o)
                0x000000000000ba38                linkDB_State
 .text.linkDB_UpdateMTU
                0x000000000000ba68       0x28 C:\Users\Administrator\Desktop\Wireless-switch-CH592\LIB\libCH59xBLE.a(linkdb.o)
                0x000000000000ba68                linkDB_UpdateMTU
 .text.linkDB_PerformFunc
                0x000000000000ba90       0x5a C:\Users\Administrator\Desktop\Wireless-switch-CH592\LIB\libCH59xBLE.a(linkdb.o)
                0x000000000000ba90                linkDB_PerformFunc
 .text.linkDB_GetSMEvtID
                0x000000000000baea       0x60 C:\Users\Administrator\Desktop\Wireless-switch-CH592\LIB\libCH59xBLE.a(linkdb.o)
                0x000000000000baea                linkDB_GetSMEvtID
 .text.linkDB_Add
                0x000000000000bb4a       0xb2 C:\Users\Administrator\Desktop\Wireless-switch-CH592\LIB\libCH59xBLE.a(linkdb.o)
                0x000000000000bb4a                linkDB_Add
 .text.linkDB_GetHandleFromSMEvtID
                0x000000000000bbfc       0x3a C:\Users\Administrator\Desktop\Wireless-switch-CH592\LIB\libCH59xBLE.a(linkdb.o)
                0x000000000000bbfc                linkDB_GetHandleFromSMEvtID
 .text.linkDB_GetPairingParam
                0x000000000000bc36       0x76 C:\Users\Administrator\Desktop\Wireless-switch-CH592\LIB\libCH59xBLE.a(linkdb.o)
                0x000000000000bc36                linkDB_GetPairingParam
 .text.linkDB_NeedSendKey
                0x000000000000bcac       0x4c C:\Users\Administrator\Desktop\Wireless-switch-CH592\LIB\libCH59xBLE.a(linkdb.o)
                0x000000000000bcac                linkDB_NeedSendKey
 .text.smStartRspTimer
                0x000000000000bcf8       0x3a C:\Users\Administrator\Desktop\Wireless-switch-CH592\LIB\libCH59xBLE.a(sm.o)
 .text.smStartEncryption
                0x000000000000bd32       0xa0 C:\Users\Administrator\Desktop\Wireless-switch-CH592\LIB\libCH59xBLE.a(sm.o)
 .text.smFreePairingParams
                0x000000000000bdd2       0x7e C:\Users\Administrator\Desktop\Wireless-switch-CH592\LIB\libCH59xBLE.a(sm.o)
                0x000000000000bdd2                smFreePairingParams
 .text.smEndPairing
                0x000000000000be50       0x60 C:\Users\Administrator\Desktop\Wireless-switch-CH592\LIB\libCH59xBLE.a(sm.o)
                0x000000000000be50                smEndPairing
 .text.smLinkCheck
                0x000000000000beb0       0x34 C:\Users\Administrator\Desktop\Wireless-switch-CH592\LIB\libCH59xBLE.a(sm.o)
                0x000000000000beb0                smLinkCheck
 .text.smNextPairingState
                0x000000000000bee4       0x60 C:\Users\Administrator\Desktop\Wireless-switch-CH592\LIB\libCH59xBLE.a(sm.o)
                0x000000000000bee4                smNextPairingState
 .text.smProcessEncryptChange
                0x000000000000bf44       0xf8 C:\Users\Administrator\Desktop\Wireless-switch-CH592\LIB\libCH59xBLE.a(sm.o)
                0x000000000000bf44                smProcessEncryptChange
 .text.smSendSMMsg
                0x000000000000c03c       0x5c C:\Users\Administrator\Desktop\Wireless-switch-CH592\LIB\libCH59xBLE.a(sm.o)
                0x000000000000c03c                smSendSMMsg
 .text.smSendFailAndEnd
                0x000000000000c098       0x38 C:\Users\Administrator\Desktop\Wireless-switch-CH592\LIB\libCH59xBLE.a(sm.o)
                0x000000000000c098                smSendFailAndEnd
 .text.smProcessPairingReq
                0x000000000000c0d0       0x40 C:\Users\Administrator\Desktop\Wireless-switch-CH592\LIB\libCH59xBLE.a(sm.o)
                0x000000000000c0d0                smProcessPairingReq
 .text.smSetPairingReqRsp
                0x000000000000c110       0x3c C:\Users\Administrator\Desktop\Wireless-switch-CH592\LIB\libCH59xBLE.a(sm.o)
                0x000000000000c110                smSetPairingReqRsp
 .text.SM_StartEncryption
                0x000000000000c14c       0x1a C:\Users\Administrator\Desktop\Wireless-switch-CH592\LIB\libCH59xBLE.a(sm.o)
                0x000000000000c14c                SM_StartEncryption
 .text.sm_dhkey
                0x000000000000c166       0x3e C:\Users\Administrator\Desktop\Wireless-switch-CH592\LIB\libCH59xBLE.a(sm.o)
                0x000000000000c166                sm_dhkey
 .text.sm_c1    0x000000000000c1a4       0xb4 C:\Users\Administrator\Desktop\Wireless-switch-CH592\LIB\libCH59xBLE.a(sm.o)
                0x000000000000c1a4                sm_c1
 .text.smDetermineKeySize
                0x000000000000c258       0x20 C:\Users\Administrator\Desktop\Wireless-switch-CH592\LIB\libCH59xBLE.a(sm.o)
                0x000000000000c258                smDetermineKeySize
 .text.smpParsePairingReq
                0x000000000000c278      0x118 C:\Users\Administrator\Desktop\Wireless-switch-CH592\LIB\libCH59xBLE.a(sm.o)
                0x000000000000c278                smpParsePairingReq
 .text.smpParseEncInfo
                0x000000000000c390       0x2a C:\Users\Administrator\Desktop\Wireless-switch-CH592\LIB\libCH59xBLE.a(sm.o)
                0x000000000000c390                smpParseEncInfo
 .text.smpParseIdentityAddrInfo
                0x000000000000c3ba       0x34 C:\Users\Administrator\Desktop\Wireless-switch-CH592\LIB\libCH59xBLE.a(sm.o)
                0x000000000000c3ba                smpParseIdentityAddrInfo
 .text.smpParseIdentityInfo
                0x000000000000c3ee       0x2a C:\Users\Administrator\Desktop\Wireless-switch-CH592\LIB\libCH59xBLE.a(sm.o)
                0x000000000000c3ee                smpParseIdentityInfo
 .text.smpParseMasterID
                0x000000000000c418       0x3c C:\Users\Administrator\Desktop\Wireless-switch-CH592\LIB\libCH59xBLE.a(sm.o)
                0x000000000000c418                smpParseMasterID
 .text.smpParsePairingConfirm
                0x000000000000c454       0x2a C:\Users\Administrator\Desktop\Wireless-switch-CH592\LIB\libCH59xBLE.a(sm.o)
                0x000000000000c454                smpParsePairingConfirm
 .text.smpParsePairingFailed
                0x000000000000c47e       0x1c C:\Users\Administrator\Desktop\Wireless-switch-CH592\LIB\libCH59xBLE.a(sm.o)
                0x000000000000c47e                smpParsePairingFailed
 .text.smpParsePairingRandom
                0x000000000000c49a       0x2a C:\Users\Administrator\Desktop\Wireless-switch-CH592\LIB\libCH59xBLE.a(sm.o)
                0x000000000000c49a                smpParsePairingRandom
 .text.smpParseSigningInfo
                0x000000000000c4c4       0x2a C:\Users\Administrator\Desktop\Wireless-switch-CH592\LIB\libCH59xBLE.a(sm.o)
                0x000000000000c4c4                smpParseSigningInfo
 .text.smpParsePairingPublicKey
                0x000000000000c4ee       0x2c C:\Users\Administrator\Desktop\Wireless-switch-CH592\LIB\libCH59xBLE.a(sm.o)
                0x000000000000c4ee                smpParsePairingPublicKey
 .text.smpParsePairingDHKeyCheck
                0x000000000000c51a       0x2a C:\Users\Administrator\Desktop\Wireless-switch-CH592\LIB\libCH59xBLE.a(sm.o)
                0x000000000000c51a                smpParsePairingDHKeyCheck
 .text.smProcessDataMsg
                0x000000000000c544      0x104 C:\Users\Administrator\Desktop\Wireless-switch-CH592\LIB\libCH59xBLE.a(sm.o)
                0x000000000000c544                smProcessDataMsg
 .text.smProcessTMOSMsg
                0x000000000000c648      0x170 C:\Users\Administrator\Desktop\Wireless-switch-CH592\LIB\libCH59xBLE.a(sm.o)
                0x000000000000c648                smProcessTMOSMsg
 .text.SM_CalcRandomAddr
                0x000000000000c7b8       0x54 C:\Users\Administrator\Desktop\Wireless-switch-CH592\LIB\libCH59xBLE.a(sm.o)
                0x000000000000c7b8                SM_CalcRandomAddr
 .text.SM_GenerateAuthenSig
                0x000000000000c80c       0xe6 C:\Users\Administrator\Desktop\Wireless-switch-CH592\LIB\libCH59xBLE.a(sm.o)
                0x000000000000c80c                SM_GenerateAuthenSig
 .text.SM_PasskeyUpdate
                0x000000000000c8f2       0xe6 C:\Users\Administrator\Desktop\Wireless-switch-CH592\LIB\libCH59xBLE.a(sm.o)
                0x000000000000c8f2                SM_PasskeyUpdate
 .text.SM_ResolveRandomAddrs
                0x000000000000c9d8       0x5e C:\Users\Administrator\Desktop\Wireless-switch-CH592\LIB\libCH59xBLE.a(sm.o)
                0x000000000000c9d8                SM_ResolveRandomAddrs
 .text.SM_StartPairing
                0x000000000000ca36       0xc2 C:\Users\Administrator\Desktop\Wireless-switch-CH592\LIB\libCH59xBLE.a(sm.o)
                0x000000000000ca36                SM_StartPairing
 .text.SM_VerifyAuthenSig
                0x000000000000caf8      0x150 C:\Users\Administrator\Desktop\Wireless-switch-CH592\LIB\libCH59xBLE.a(sm.o)
                0x000000000000caf8                SM_VerifyAuthenSig
 .text.SM_ProcessEvent
                0x000000000000cc48       0xb4 C:\Users\Administrator\Desktop\Wireless-switch-CH592\LIB\libCH59xBLE.a(sm.o)
                0x000000000000cc48                SM_ProcessEvent
 .text.SM_ParamInit
                0x000000000000ccfc       0x66 C:\Users\Administrator\Desktop\Wireless-switch-CH592\LIB\libCH59xBLE.a(sm.o)
                0x000000000000ccfc                SM_ParamInit
 .text.SM_InitiatorInit
                0x000000000000cd62       0x22 C:\Users\Administrator\Desktop\Wireless-switch-CH592\LIB\libCH59xBLE.a(sm.o)
                0x000000000000cd62                SM_InitiatorInit
 .text.SM_ResponderInit
                0x000000000000cd84       0x22 C:\Users\Administrator\Desktop\Wireless-switch-CH592\LIB\libCH59xBLE.a(sm.o)
                0x000000000000cd84                SM_ResponderInit
 .text.SM_Init  0x000000000000cda6       0x2a C:\Users\Administrator\Desktop\Wireless-switch-CH592\LIB\libCH59xBLE.a(sm.o)
                0x000000000000cda6                SM_Init
 .text.smpInitiatorProcessPairingRsp
                0x000000000000cdd0      0x26e C:\Users\Administrator\Desktop\Wireless-switch-CH592\LIB\libCH59xBLE.a(sm_initiator.o)
                0x000000000000cdd0                smpInitiatorProcessPairingRsp
 .text.smInitiatorSendNextKeyInfo
                0x000000000000d03e      0x26e C:\Users\Administrator\Desktop\Wireless-switch-CH592\LIB\libCH59xBLE.a(sm_initiator.o)
                0x000000000000d03e                smInitiatorSendNextKeyInfo
 .text.setupInitiatorKeys
                0x000000000000d2ac       0x88 C:\Users\Administrator\Desktop\Wireless-switch-CH592\LIB\libCH59xBLE.a(sm_initiator.o)
 .text.smpInitiatorProcessIncoming
                0x000000000000d334      0x418 C:\Users\Administrator\Desktop\Wireless-switch-CH592\LIB\libCH59xBLE.a(sm_initiator.o)
                0x000000000000d334                smpInitiatorProcessIncoming
 .text.smpBuildPairingReqRsp
                0x000000000000d74c       0xc6 C:\Users\Administrator\Desktop\Wireless-switch-CH592\LIB\libCH59xBLE.a(sm_pdu.o)
 .text.smpBuildPairingReq
                0x000000000000d812        0xa C:\Users\Administrator\Desktop\Wireless-switch-CH592\LIB\libCH59xBLE.a(sm_pdu.o)
                0x000000000000d812                smpBuildPairingReq
 .text.smpBuildPairingRsp
                0x000000000000d81c        0xa C:\Users\Administrator\Desktop\Wireless-switch-CH592\LIB\libCH59xBLE.a(sm_pdu.o)
                0x000000000000d81c                smpBuildPairingRsp
 .text.smpBuildPairingConfirm
                0x000000000000d826       0x30 C:\Users\Administrator\Desktop\Wireless-switch-CH592\LIB\libCH59xBLE.a(sm_pdu.o)
                0x000000000000d826                smpBuildPairingConfirm
 .text.smpBuildPairingRandom
                0x000000000000d856       0x30 C:\Users\Administrator\Desktop\Wireless-switch-CH592\LIB\libCH59xBLE.a(sm_pdu.o)
                0x000000000000d856                smpBuildPairingRandom
 .text.smpBuildEncInfo
                0x000000000000d886       0x30 C:\Users\Administrator\Desktop\Wireless-switch-CH592\LIB\libCH59xBLE.a(sm_pdu.o)
                0x000000000000d886                smpBuildEncInfo
 .text.smpBuildMasterID
                0x000000000000d8b6       0x44 C:\Users\Administrator\Desktop\Wireless-switch-CH592\LIB\libCH59xBLE.a(sm_pdu.o)
                0x000000000000d8b6                smpBuildMasterID
 .text.smpBuildIdentityInfo
                0x000000000000d8fa       0x30 C:\Users\Administrator\Desktop\Wireless-switch-CH592\LIB\libCH59xBLE.a(sm_pdu.o)
                0x000000000000d8fa                smpBuildIdentityInfo
 .text.smpBuildIdentityAddrInfo
                0x000000000000d92a       0x3a C:\Users\Administrator\Desktop\Wireless-switch-CH592\LIB\libCH59xBLE.a(sm_pdu.o)
                0x000000000000d92a                smpBuildIdentityAddrInfo
 .text.smpBuildSigningInfo
                0x000000000000d964       0x30 C:\Users\Administrator\Desktop\Wireless-switch-CH592\LIB\libCH59xBLE.a(sm_pdu.o)
                0x000000000000d964                smpBuildSigningInfo
 .text.smpBuildPublicKey
                0x000000000000d994       0x32 C:\Users\Administrator\Desktop\Wireless-switch-CH592\LIB\libCH59xBLE.a(sm_pdu.o)
                0x000000000000d994                smpBuildPublicKey
 .text.smpBuildDHKey
                0x000000000000d9c6       0x30 C:\Users\Administrator\Desktop\Wireless-switch-CH592\LIB\libCH59xBLE.a(sm_pdu.o)
                0x000000000000d9c6                smpBuildDHKey
 .text.smpBuildPairingFailed
                0x000000000000d9f6       0x1a C:\Users\Administrator\Desktop\Wireless-switch-CH592\LIB\libCH59xBLE.a(sm_pdu.o)
                0x000000000000d9f6                smpBuildPairingFailed
 .text.smGeneratePairingReq
                0x000000000000da10       0x30 C:\Users\Administrator\Desktop\Wireless-switch-CH592\LIB\libCH59xBLE.a(sm_pdu.o)
                0x000000000000da10                smGeneratePairingReq
 .text.smGeneratePairingRsp
                0x000000000000da40       0x30 C:\Users\Administrator\Desktop\Wireless-switch-CH592\LIB\libCH59xBLE.a(sm_pdu.o)
                0x000000000000da40                smGeneratePairingRsp
 .text.smGenerateConfirm
                0x000000000000da70       0x34 C:\Users\Administrator\Desktop\Wireless-switch-CH592\LIB\libCH59xBLE.a(sm_pdu.o)
                0x000000000000da70                smGenerateConfirm
 .text.smGenerateRandMsg
                0x000000000000daa4       0x34 C:\Users\Administrator\Desktop\Wireless-switch-CH592\LIB\libCH59xBLE.a(sm_pdu.o)
                0x000000000000daa4                smGenerateRandMsg
 .text.smGeneratePairingPublicKey
                0x000000000000dad8       0x64 C:\Users\Administrator\Desktop\Wireless-switch-CH592\LIB\libCH59xBLE.a(sm_pdu.o)
                0x000000000000dad8                smGeneratePairingPublicKey
 .text.smGeneratePairingDHKeyCheck
                0x000000000000db3c      0x250 C:\Users\Administrator\Desktop\Wireless-switch-CH592\LIB\libCH59xBLE.a(sm_pdu.o)
                0x000000000000db3c                smGeneratePairingDHKeyCheck
 .text.smPairingSendEncInfo
                0x000000000000dd8c       0x10 C:\Users\Administrator\Desktop\Wireless-switch-CH592\LIB\libCH59xBLE.a(sm_pdu.o)
                0x000000000000dd8c                smPairingSendEncInfo
 .text.smPairingSendIdentityAddrInfo
                0x000000000000dd9c       0x38 C:\Users\Administrator\Desktop\Wireless-switch-CH592\LIB\libCH59xBLE.a(sm_pdu.o)
                0x000000000000dd9c                smPairingSendIdentityAddrInfo
 .text.smPairingSendIdentityInfo
                0x000000000000ddd4       0x10 C:\Users\Administrator\Desktop\Wireless-switch-CH592\LIB\libCH59xBLE.a(sm_pdu.o)
                0x000000000000ddd4                smPairingSendIdentityInfo
 .text.smPairingSendMasterID
                0x000000000000dde4       0x38 C:\Users\Administrator\Desktop\Wireless-switch-CH592\LIB\libCH59xBLE.a(sm_pdu.o)
                0x000000000000dde4                smPairingSendMasterID
 .text.smPairingSendSingingInfo
                0x000000000000de1c       0x10 C:\Users\Administrator\Desktop\Wireless-switch-CH592\LIB\libCH59xBLE.a(sm_pdu.o)
                0x000000000000de1c                smPairingSendSingingInfo
 .text.smResponderSendNextKeyInfo
                0x000000000000de2c      0x2e6 C:\Users\Administrator\Desktop\Wireless-switch-CH592\LIB\libCH59xBLE.a(sm_responding.o)
                0x000000000000de2c                smResponderSendNextKeyInfo
 .text.smResponderProcessLTKReq
                0x000000000000e112      0x1b6 C:\Users\Administrator\Desktop\Wireless-switch-CH592\LIB\libCH59xBLE.a(sm_responding.o)
                0x000000000000e112                smResponderProcessLTKReq
 .text.smpResponderProcessIncoming
                0x000000000000e2c8      0x6f2 C:\Users\Administrator\Desktop\Wireless-switch-CH592\LIB\libCH59xBLE.a(sm_responding.o)
                0x000000000000e2c8                smpResponderProcessIncoming
 .text.xor_128  0x000000000000e9ba       0x28 C:\Users\Administrator\Desktop\Wireless-switch-CH592\LIB\libCH59xBLE.a(sm_toolbox.o)
                0x000000000000e9ba                xor_128
 .text.leftshift_onebit
                0x000000000000e9e2       0x2e C:\Users\Administrator\Desktop\Wireless-switch-CH592\LIB\libCH59xBLE.a(sm_toolbox.o)
                0x000000000000e9e2                leftshift_onebit
 .text.padding  0x000000000000ea10       0x38 C:\Users\Administrator\Desktop\Wireless-switch-CH592\LIB\libCH59xBLE.a(sm_toolbox.o)
                0x000000000000ea10                padding
 .text.generate_subkey
                0x000000000000ea48       0xd4 C:\Users\Administrator\Desktop\Wireless-switch-CH592\LIB\libCH59xBLE.a(sm_toolbox.o)
                0x000000000000ea48                generate_subkey
 .text.sm_xor   0x000000000000eb1c       0x24 C:\Users\Administrator\Desktop\Wireless-switch-CH592\LIB\libCH59xBLE.a(sm_toolbox.o)
                0x000000000000eb1c                sm_xor
 .text.sm_ah    0x000000000000eb40       0x90 C:\Users\Administrator\Desktop\Wireless-switch-CH592\LIB\libCH59xBLE.a(sm_toolbox.o)
                0x000000000000eb40                sm_ah
 .text.sm_c1new
                0x000000000000ebd0      0x144 C:\Users\Administrator\Desktop\Wireless-switch-CH592\LIB\libCH59xBLE.a(sm_toolbox.o)
                0x000000000000ebd0                sm_c1new
 .text.sm_s1    0x000000000000ed14       0x96 C:\Users\Administrator\Desktop\Wireless-switch-CH592\LIB\libCH59xBLE.a(sm_toolbox.o)
                0x000000000000ed14                sm_s1
 .text.sm_CMAC  0x000000000000edaa      0x172 C:\Users\Administrator\Desktop\Wireless-switch-CH592\LIB\libCH59xBLE.a(sm_toolbox.o)
                0x000000000000edaa                sm_CMAC
 .text.HOST_LE_ConnectionCompleteEvent
                0x000000000000ef1c       0xca C:\Users\Administrator\Desktop\Wireless-switch-CH592\LIB\libCH59xBLE.a(host_input.o)
                0x000000000000ef1c                HOST_LE_ConnectionCompleteEvent
 .text.HOST_LE_ConnectionUpdateCompleteEvent
                0x000000000000efe6       0x60 C:\Users\Administrator\Desktop\Wireless-switch-CH592\LIB\libCH59xBLE.a(host_input.o)
                0x000000000000efe6                HOST_LE_ConnectionUpdateCompleteEvent
 .text.HOST_LE_ReadRemoteUsedFeaturesCompleteEvent
                0x000000000000f046       0x66 C:\Users\Administrator\Desktop\Wireless-switch-CH592\LIB\libCH59xBLE.a(host_input.o)
                0x000000000000f046                HOST_LE_ReadRemoteUsedFeaturesCompleteEvent
 .text.HOST_LE_LongTermKeyRequestEvent
                0x000000000000f0ac       0x64 C:\Users\Administrator\Desktop\Wireless-switch-CH592\LIB\libCH59xBLE.a(host_input.o)
                0x000000000000f0ac                HOST_LE_LongTermKeyRequestEvent
 .text.HOST_LE_RemoteConnectionParameterRequestEvent
                0x000000000000f110       0x60 C:\Users\Administrator\Desktop\Wireless-switch-CH592\LIB\libCH59xBLE.a(host_input.o)
                0x000000000000f110                HOST_LE_RemoteConnectionParameterRequestEvent
 .text.HOST_RemoteConnectionParameterRequestEvent
                0x000000000000f170       0x42 C:\Users\Administrator\Desktop\Wireless-switch-CH592\LIB\libCH59xBLE.a(host_input.o)
                0x000000000000f170                HOST_RemoteConnectionParameterRequestEvent
 .text.HOST_LE_DataLengthChangeEvent
                0x000000000000f1b2       0x60 C:\Users\Administrator\Desktop\Wireless-switch-CH592\LIB\libCH59xBLE.a(host_input.o)
                0x000000000000f1b2                HOST_LE_DataLengthChangeEvent
 .text.HOST_LE_EnhancedConnectionCompleteEvent
                0x000000000000f212      0x128 C:\Users\Administrator\Desktop\Wireless-switch-CH592\LIB\libCH59xBLE.a(host_input.o)
                0x000000000000f212                HOST_LE_EnhancedConnectionCompleteEvent
 .text.HOST_LE_PHYUpdateCompleteReportEvent