Archive member included to satisfy reference by file (symbol)

C:\Users\Administrator\Desktop\Wireless-switch-CH592\StdPeriphDriver\libISP592.a(ISP583.o)
                              ./StdPeriphDriver/CH59x_flash.o (FLASH_EEPROM_CMD)
C:\Users\Administrator\Desktop\Wireless-switch-CH592\LIB\libCH59xBLE.a(message.o)
                              ./HAL/MCU.o (tmos_msg_deallocate)
C:\Users\Administrator\Desktop\Wireless-switch-CH592\LIB\libCH59xBLE.a(tmos.o)
                              ./Profile/devinfoservice.o (tmos_memcpy)
C:\Users\Administrator\Desktop\Wireless-switch-CH592\LIB\libCH59xBLE.a(tmos_hw.o)
                              C:\Users\Administrator\Desktop\Wireless-switch-CH592\LIB\libCH59xBLE.a(tmos.o) (bleClock_t)
C:\Users\Administrator\Desktop\Wireless-switch-CH592\LIB\libCH59xBLE.a(tmos_snv.o)
                              C:\Users\Administrator\Desktop\Wireless-switch-CH592\LIB\libCH59xBLE.a(tmos.o) (tmos_snv_init)
C:\Users\Administrator\Desktop\Wireless-switch-CH592\LIB\libCH59xBLE.a(gap.o)
                              ./APP/broadcaster.o (GAP_SetParamValue)
C:\Users\Administrator\Desktop\Wireless-switch-CH592\LIB\libCH59xBLE.a(gap_central.o)
                              C:\Users\Administrator\Desktop\Wireless-switch-CH592\LIB\libCH59xBLE.a(gap.o) (gapProcessPeriodicAdvertisingSyncEstablishedEvt)
C:\Users\Administrator\Desktop\Wireless-switch-CH592\LIB\libCH59xBLE.a(gap_peripheral.o)
                              ./APP/broadcaster.o (GAP_UpdateAdvertisingData)
C:\Users\Administrator\Desktop\Wireless-switch-CH592\LIB\libCH59xBLE.a(gatt_uuid.o)
                              ./Profile/devinfoservice.o (characterUUID)
C:\Users\Administrator\Desktop\Wireless-switch-CH592\LIB\libCH59xBLE.a(gattservapp.o)
                              ./Profile/devinfoservice.o (GATTServApp_RegisterService)
C:\Users\Administrator\Desktop\Wireless-switch-CH592\LIB\libCH59xBLE.a(l2cap.o)
                              C:\Users\Administrator\Desktop\Wireless-switch-CH592\LIB\libCH59xBLE.a(gattservapp.o) (L2CAP_GetMTU)
C:\Users\Administrator\Desktop\Wireless-switch-CH592\LIB\libCH59xBLE.a(l2cap_input.o)
                              C:\Users\Administrator\Desktop\Wireless-switch-CH592\LIB\libCH59xBLE.a(l2cap.o) (l2capProcessRxData)
C:\Users\Administrator\Desktop\Wireless-switch-CH592\LIB\libCH59xBLE.a(l2cap_output.o)
                              C:\Users\Administrator\Desktop\Wireless-switch-CH592\LIB\libCH59xBLE.a(l2cap_input.o) (l2capNotifyData)
C:\Users\Administrator\Desktop\Wireless-switch-CH592\LIB\libCH59xBLE.a(l2cap_sdu.o)
                              C:\Users\Administrator\Desktop\Wireless-switch-CH592\LIB\libCH59xBLE.a(l2cap_input.o) (l2capBuildDisconnectRsp)
C:\Users\Administrator\Desktop\Wireless-switch-CH592\LIB\libCH59xBLE.a(linkdb.o)
                              C:\Users\Administrator\Desktop\Wireless-switch-CH592\LIB\libCH59xBLE.a(l2cap.o) (linkDB_Init)
C:\Users\Administrator\Desktop\Wireless-switch-CH592\LIB\libCH59xBLE.a(sm.o)
                              C:\Users\Administrator\Desktop\Wireless-switch-CH592\LIB\libCH59xBLE.a(gap.o) (smFreePairingParams)
C:\Users\Administrator\Desktop\Wireless-switch-CH592\LIB\libCH59xBLE.a(sm_initiator.o)
                              C:\Users\Administrator\Desktop\Wireless-switch-CH592\LIB\libCH59xBLE.a(sm.o) (smInitiatorSendNextKeyInfo)
C:\Users\Administrator\Desktop\Wireless-switch-CH592\LIB\libCH59xBLE.a(sm_pdu.o)
                              C:\Users\Administrator\Desktop\Wireless-switch-CH592\LIB\libCH59xBLE.a(sm.o) (smpBuildPairingReq)
C:\Users\Administrator\Desktop\Wireless-switch-CH592\LIB\libCH59xBLE.a(sm_responding.o)
                              C:\Users\Administrator\Desktop\Wireless-switch-CH592\LIB\libCH59xBLE.a(sm.o) (smResponderSendNextKeyInfo)
C:\Users\Administrator\Desktop\Wireless-switch-CH592\LIB\libCH59xBLE.a(sm_toolbox.o)
                              C:\Users\Administrator\Desktop\Wireless-switch-CH592\LIB\libCH59xBLE.a(sm.o) (sm_ah)
C:\Users\Administrator\Desktop\Wireless-switch-CH592\LIB\libCH59xBLE.a(host_input.o)
                              C:\Users\Administrator\Desktop\Wireless-switch-CH592\LIB\libCH59xBLE.a(gap.o) (gBleHostPara)
C:\Users\Administrator\Desktop\Wireless-switch-CH592\LIB\libCH59xBLE.a(host_output.o)
                              C:\Users\Administrator\Desktop\Wireless-switch-CH592\LIB\libCH59xBLE.a(gap.o) (HCI_DisconnectCmd)
C:\Users\Administrator\Desktop\Wireless-switch-CH592\LIB\libCH59xBLE.a(ll_connect.o)
                              C:\Users\Administrator\Desktop\Wireless-switch-CH592\LIB\libCH59xBLE.a(tmos.o) (LL_GetNextConnectEventTime)
C:\Users\Administrator\Desktop\Wireless-switch-CH592\LIB\libCH59xBLE.a(ll_core.o)
                              C:\Users\Administrator\Desktop\Wireless-switch-CH592\LIB\libCH59xBLE.a(ll_connect.o) (LL_CoreGetCore)
C:\Users\Administrator\Desktop\Wireless-switch-CH592\LIB\libCH59xBLE.a(ll_hop.o)
[...]
Memory Configuration

Name             Origin             Length             Attributes
FLASH            0x0000000000000000 0x0000000000070000 xr
RAM              0x0000000020000000 0x0000000000006800 xrw
*default*        0x0000000000000000 0xffffffffffffffff

Linker script and memory map

LOAD ./StdPeriphDriver/CH59x_adc.o
LOAD ./StdPeriphDriver/CH59x_clk.o
LOAD ./StdPeriphDriver/CH59x_flash.o
LOAD ./StdPeriphDriver/CH59x_gpio.o
LOAD ./StdPeriphDriver/CH59x_i2c.o
LOAD ./StdPeriphDriver/CH59x_lcd.o
LOAD ./StdPeriphDriver/CH59x_pwr.o
LOAD ./StdPeriphDriver/CH59x_sys.o
LOAD ./StdPeriphDriver/CH59x_uart1.o
LOAD ./Startup/startup_CH592.o
LOAD ./RVMSIS/core_riscv.o
LOAD ./Profile/devinfoservice.o
LOAD ./LIB/ble_task_scheduler.o
LOAD ./HAL/MCU.o
LOAD ./HAL/RTC.o
LOAD ./HAL/SLEEP.o
LOAD ./APP/broadcaster.o
LOAD ./APP/broadcaster_main.o
LOAD C:\Users\Administrator\Desktop\Wireless-switch-CH592\StdPeriphDriver\libISP592.a
LOAD C:\Users\Administrator\Desktop\Wireless-switch-CH592\LIB\libCH59xBLE.a
LOAD c:/mounriver/mounriver_studio/toolchain/risc-v embedded gcc12/bin/../lib/gcc/riscv-none-elf/12.2.0/../../../../riscv-none-elf/lib\libprintfloat.a
LOAD c:/mounriver/mounriver_studio/toolchain/risc-v embedded gcc12/bin/../lib/gcc/riscv-none-elf/12.2.0\libgcc.a
LOAD c:/mounriver/mounriver_studio/toolchain/risc-v embedded gcc12/bin/../lib/gcc/riscv-none-elf/12.2.0/../../../../riscv-none-elf/lib\libg_nano.a
LOAD c:/mounriver/mounriver_studio/toolchain/risc-v embedded gcc12/bin/../lib/gcc/riscv-none-elf/12.2.0/../../../../riscv-none-elf/lib\libc_nano.a
LOAD c:/mounriver/mounriver_studio/toolchain/risc-v embedded gcc12/bin/../lib/gcc/riscv-none-elf/12.2.0\libgcc.a
START GROUP
LOAD c:/mounriver/mounriver_studio/toolchain/risc-v embedded gcc12/bin/../lib/gcc/riscv-none-elf/12.2.0\libgcc.a
LOAD c:/mounriver/mounriver_studio/toolchain/risc-v embedded gcc12/bin/../lib/gcc/riscv-none-elf/12.2.0/../../../../riscv-none-elf/lib\libc_nano.a
LOAD c:/mounriver/mounriver_studio/toolchain/risc-v embedded gcc12/bin/../lib/gcc/riscv-none-elf/12.2.0/../../../../riscv-none-elf/lib\libnosys.a
END GROUP
START GROUP
LOAD c:/mounriver/mounriver_studio/toolchain/risc-v embedded gcc12/bin/../lib/gcc/riscv-none-elf/12.2.0\libgcc.a
LOAD c:/mounriver/mounriver_studio/toolchain/risc-v embedded gcc12/bin/../lib/gcc/riscv-none-elf/12.2.0/../../../../riscv-none-elf/lib\libc_nano.a
LOAD c:/mounriver/mounriver_studio/toolchain/risc-v embedded gcc12/bin/../lib/gcc/riscv-none-elf/12.2.0/../../../../riscv-none-elf/lib\libnosys.a
END GROUP

.init           0x0000000000000000        0x4
                0x0000000000000000                _sinit = .
                0x0000000000000000                . = ALIGN (0x4)
 *(SORT_NONE(.init))
 .init          0x0000000000000000        0x4 ./Startup/startup_CH592.o
                0x0000000000000000                _start
                0x0000000000000004                . = ALIGN (0x4)
                0x0000000000000004                _einit = .

.highcodelalign
                0x0000000000000004        0x0
                0x0000000000000004                . = ALIGN (0x4)
                0x0000000000000004                PROVIDE (_highcode_lma = .)

.highcode       0x0000000020000000     0x1e50 load address 0x0000000000000004
                0x0000000020000000                . = ALIGN (0x4)
                0x0000000020000000                PROVIDE (_highcode_vma_start = .)
 *(.vector)
 .vector        0x0000000020000000       0x90 ./Startup/startup_CH592.o
 *(SORT_NONE(.vector_handler))
 .vector_handler
                0x0000000020000090        0x2 ./Startup/startup_CH592.o
                0x0000000020000090                GPIOA_IRQHandler
                0x0000000020000090                SysTick_Handler
                0x0000000020000090                NMI_Handler
                0x0000000020000090                UART1_IRQHandler
                0x0000000020000090                UART0_IRQHandler
                0x0000000020000090                BB_IRQHandler
                0x0000000020000090                Break_Point_Handler
                0x0000000020000090                TMR0_IRQHandler
                0x0000000020000090                UART2_IRQHandler
                0x0000000020000090                PWMX_IRQHandler
                0x0000000020000090                ADC_IRQHandler
                0x0000000020000090                TMR2_IRQHandler
                0x0000000020000090                USB_IRQHandler
                0x0000000020000090                I2C_IRQHandler
                0x0000000020000090                WDOG_BAT_IRQHandler
                0x0000000020000090                TMR3_IRQHandler
                0x0000000020000090                SW_Handler
                0x0000000020000090                SPI0_IRQHandler
                0x0000000020000090                UART3_IRQHandler
                0x0000000020000090                TMR1_IRQHandler
 *(.highcode)
 .highcode      0x0000000020000092      0x4e0 ./StdPeriphDriver/CH59x_pwr.o
                0x0000000020000092                LowPower_Idle
                0x00000000200000ce                LowPower_Halt
                0x00000000200001f4                LowPower_Sleep
                0x00000000200003fc                LowPower_Shutdown
 .highcode      0x0000000020000572      0x2b0 ./StdPeriphDriver/CH59x_sys.o
                0x0000000020000572                SetSysClock
                0x0000000020000714                SYS_ResetExecute
                0x000000002000076c                HardFault_Handler
                0x00000000200007ec                mDelayuS
                0x00000000200007fa                mDelaymS
 *fill*         0x0000000020000822        0x2 
 .highcode      0x0000000020000824       0x4e ./LIB/ble_task_scheduler.o
                0x0000000020000824                Ecall_U_Mode_Handler
                0x0000000020000824                Ecall_M_Mode_Handler
 .highcode      0x0000000020000872       0x2e ./HAL/RTC.o
                0x000000002000088a                RTC_IRQHandler
 .highcode      0x00000000200008a0      0x1b4 ./APP/broadcaster.o
                0x00000000200008a0                sample_battery_voltage
                0x0000000020000926                set_battery
                0x000000002000095c                update_key_event
                0x000000002000097c                update_advert_data
                0x00000000200009ca                handle_key_event
 .highcode      0x0000000020000a54      0x128 ./APP/broadcaster_main.o
                0x0000000020000a54                Main_Circulation
                0x0000000020000ae6                GPIOB_IRQHandler
 .highcode      0x0000000020000b7c      0x426 C:\Users\Administrator\Desktop\Wireless-switch-CH592\StdPeriphDriver\libISP592.a(ISP583.o)
                0x0000000020000b7c                FLASH_ROM_BEG
                0x0000000020000b8e                FLASH_ROM_END
                0x0000000020000b9c                FLASH_ROM_IN
                0x0000000020000baa                FLASH_ROM_OUT
                0x0000000020000bb8                FLASH_ROM_ADDR
                0x0000000020000c00                FLASH_ROM_WAIT
                0x0000000020000c38                FLASH_EEPROM_CMD
 .highcode      0x0000000020000fa2      0x56e C:\Users\Administrator\Desktop\Wireless-switch-CH592\LIB\libCH59xBLE.a(tmos.o)
                0x0000000020000fa2                tmos_memcpy
                0x0000000020000fdc                tmos_memcpy_word
                0x000000002000100c                tmos_memset
                0x000000002000103a                tmos_strlen
                0x0000000020001066                tmos_memdup
                0x00000000200010b4                tmos_memcmp
                0x00000000200010fe                tmos_revmemcpy
                0x0000000020001132                tmos_isbufset
                0x00000000200012b4                ble_controller_func
                0x00000000200012f4                TMOS_SystemProcess
 .highcode      0x0000000020001510       0x36 C:\Users\Administrator\Desktop\Wireless-switch-CH592\LIB\libCH59xBLE.a(tmos_hw.o)
 .highcode      0x0000000020001546       0x4e C:\Users\Administrator\Desktop\Wireless-switch-CH592\LIB\libCH59xBLE.a(ll_whitelist.o)
                0x0000000020001546                LL_WhitelistLookup
 .highcode      0x0000000020001594      0x10c C:\Users\Administrator\Desktop\Wireless-switch-CH592\LIB\libCH59xBLE.a(bb.o)
                0x0000000020001594                BB_IRQLibHandler
                0x000000002000169a                BB_IRQLibFunction
 .highcode      0x00000000200016a0      0x1e6 C:\Users\Administrator\Desktop\Wireless-switch-CH592\LIB\libCH59xBLE.a(ip.o)
                0x00000000200016a0                ll_rx_wait_finish
                0x00000000200016de                ble_ll_chkcrc
                0x0000000020001770                ll_tx_wait_finish
 .highcode      0x0000000020001886      0x1f8 C:\Users\Administrator\Desktop\Wireless-switch-CH592\LIB\libCH59xBLE.a(lle.o)
                0x0000000020001886                LLE_IRQSubHandler
 .highcode      0x0000000020001a7e       0x3a C:\Users\Administrator\Desktop\Wireless-switch-CH592\LIB\libCH59xBLE.a(rfend.o)
                0x0000000020001a7e                RFEND_WaitTune
 .highcode      0x0000000020001ab8      0x1ee C:\Users\Administrator\Desktop\Wireless-switch-CH592\LIB\libCH59xBLE.a(memory.o)
                0x0000000020001ab8                tmos_memory_allocate
                0x0000000020001ba6                tmos_memory_free
 .highcode      0x0000000020001ca6       0xd8 C:\Users\Administrator\Desktop\Wireless-switch-CH592\LIB\libCH59xBLE.a(ll_resolvinglist.o)
                0x0000000020001ca6                LL_ResolvinglistPeerIdentifyAddressGetIrk
                0x0000000020001cfa                LL_ResolvinglistPeerRpaAddressGetIrk
                0x0000000020001d3c                LL_ResolvinglistLocalRpaAddressGetIrk
 *(.highcode.*)
 *fill*         0x0000000020001d7e        0x2 
 .highcode.LLE_IRQHandler
                0x0000000020001d80       0x86 ./LIB/ble_task_scheduler.o
                0x0000000020001d80                LLE_IRQHandler
 *fill*         0x0000000020001e06        0x2 
 .highcode.ble_controller_scheduler
                0x0000000020001e08        0xa C:\Users\Administrator\Desktop\Wireless-switch-CH592\LIB\libCH59xBLE.a(ble_task_process.o)
 *fill*         0x0000000020001e12        0x2 
 .highcode.LLE_IRQLibHandler
                0x0000000020001e14       0x3a C:\Users\Administrator\Desktop\Wireless-switch-CH592\LIB\libCH59xBLE.a(ble_task_process.o)
                0x0000000020001e14                LLE_IRQLibHandler
                0x0000000020001e50                . = ALIGN (0x4)
 *fill*         0x0000000020001e4e        0x2 
                0x0000000020001e50                PROVIDE (_highcode_vma_end = .)

.text           0x0000000000001e54    0x1b844
                0x0000000000001e54                . = ALIGN (0x4)
 *(SORT_NONE(.handle_reset))
 .handle_reset  0x0000000000001e54       0xae ./Startup/startup_CH592.o
                0x0000000000001e54                handle_reset
 *(.text)
 *(.text.*)
 .text.ADC_DataCalib_Rough
                0x0000000000001f02       0x92 ./StdPeriphDriver/CH59x_adc.o
                0x0000000000001f02                ADC_DataCalib_Rough
 .text.ADC_InterBATSampInit
                0x0000000000001f94       0x2a ./StdPeriphDriver/CH59x_adc.o
                0x0000000000001f94                ADC_InterBATSampInit
 .text.ADC_ExcutSingleConver
                0x0000000000001fbe       0x22 ./StdPeriphDriver/CH59x_adc.o
                0x0000000000001fbe                ADC_ExcutSingleConver
 .text.HSECFG_Current
                0x0000000000001fe0       0x4e ./StdPeriphDriver/CH59x_clk.o
                0x0000000000001fe0                HSECFG_Current
 .text.RTC_InitTime
                0x000000000000202e      0x1e8 ./StdPeriphDriver/CH59x_clk.o
                0x000000000000202e                RTC_InitTime
 .text.RTC_GetCycle32k
                0x0000000000002216       0x18 ./StdPeriphDriver/CH59x_clk.o
                0x0000000000002216                RTC_GetCycle32k
 .text.GPIOA_ModeCfg
                0x000000000000222e       0x9e ./StdPeriphDriver/CH59x_gpio.o
                0x000000000000222e                GPIOA_ModeCfg
 .text.GPIOB_ModeCfg
                0x00000000000022cc       0x9e ./StdPeriphDriver/CH59x_gpio.o
                0x00000000000022cc                GPIOB_ModeCfg
 .text.GPIOB_DisableIT
                0x000000000000236a       0x14 ./StdPeriphDriver/CH59x_gpio.o
                0x000000000000236a                GPIOB_DisableIT
 .text.GPIOB_ITModeCfg
                0x000000000000237e       0x7e ./StdPeriphDriver/CH59x_gpio.o
                0x000000000000237e                GPIOB_ITModeCfg
 .text.PWR_DCDCCfg
                0x00000000000023fc      0x120 ./StdPeriphDriver/CH59x_pwr.o
                0x00000000000023fc                PWR_DCDCCfg
 .text.PWR_PeriphWakeUpCfg
                0x000000000000251c       0xfa ./StdPeriphDriver/CH59x_pwr.o
                0x000000000000251c                PWR_PeriphWakeUpCfg
 .text.SYS_DisableAllIrq
                0x0000000000002616       0x1c ./StdPeriphDriver/CH59x_sys.o
                0x0000000000002616                SYS_DisableAllIrq
 .text.SYS_RecoverIrq
                0x0000000000002632       0x14 ./StdPeriphDriver/CH59x_sys.o
                0x0000000000002632                SYS_RecoverIrq
 .text.SYS_GetSysTickCnt
                0x0000000000002646        0xa ./StdPeriphDriver/CH59x_sys.o
                0x0000000000002646                SYS_GetSysTickCnt
 .text.HAL_ProcessEvent
                0x0000000000002650       0x54 ./HAL/MCU.o
                0x0000000000002650                HAL_ProcessEvent
 .text.CH59x_BLEInit
                0x00000000000026a4       0xec ./HAL/MCU.o
                0x00000000000026a4                CH59x_BLEInit
 .text.HAL_Init
                0x0000000000002790       0x1c ./HAL/MCU.o
                0x0000000000002790                HAL_Init
 .text.RTC_SetTignTime
                0x00000000000027ac       0x44 ./HAL/RTC.o
                0x00000000000027ac                RTC_SetTignTime
 .text.HAL_TimeInit
                0x00000000000027f0       0xbe ./HAL/RTC.o
                0x00000000000027f0                HAL_TimeInit
 .text.CH59x_LowPower
                0x00000000000028ae       0x84 ./HAL/SLEEP.o
                0x00000000000028ae                CH59x_LowPower
 .text.HAL_SleepInit
                0x0000000000002932       0x8a ./HAL/SLEEP.o
                0x0000000000002932                HAL_SleepInit
 .text.Broadcaster_StateNotificationCB
                0x00000000000029bc        0x2 ./APP/broadcaster.o
 .text.Broadcaster_Init
                0x00000000000029be       0xa4 ./APP/broadcaster.o
                0x00000000000029be                Broadcaster_Init
 .text.Broadcaster_ProcessEvent
                0x0000000000002a62      0x18a ./APP/broadcaster.o
                0x0000000000002a62                Broadcaster_ProcessEvent
 .text.startup.main
                0x0000000000002bec       0x8e ./APP/broadcaster_main.o
                0x0000000000002bec                main
 .text.tmos_msg_enqueue
                0x0000000000002c7a       0x1e C:\Users\Administrator\Desktop\Wireless-switch-CH592\LIB\libCH59xBLE.a(message.o)
                0x0000000000002c7a                tmos_msg_enqueue
 .text.tmos_msg_deallocate
                0x0000000000002c98       0x4e C:\Users\Administrator\Desktop\Wireless-switch-CH592\LIB\libCH59xBLE.a(message.o)
                0x0000000000002c98                tmos_msg_deallocate
 .text.tmos_msg_allocate
                0x0000000000002ce6       0x68 C:\Users\Administrator\Desktop\Wireless-switch-CH592\LIB\libCH59xBLE.a(message.o)
                0x0000000000002ce6                tmos_msg_allocate
 .text.tmos_msg_receive
                0x0000000000002d4e       0x86 C:\Users\Administrator\Desktop\Wireless-switch-CH592\LIB\libCH59xBLE.a(message.o)
                0x0000000000002d4e                tmos_msg_receive
 .text.tmos_msg_send
                0x0000000000002dd4       0x8c C:\Users\Administrator\Desktop\Wireless-switch-CH592\LIB\libCH59xBLE.a(message.o)
                0x0000000000002dd4                tmos_msg_send
 .text.tmos_msg_init
                0x0000000000002e60        0xa C:\Users\Administrator\Desktop\Wireless-switch-CH592\LIB\libCH59xBLE.a(message.o)
                0x0000000000002e60                tmos_msg_init
 .text.tmosFindTask
                0x0000000000002e6a       0x24 C:\Users\Administrator\Desktop\Wireless-switch-CH592\LIB\libCH59xBLE.a(tmos.o)
 .text.TMOS_CB_PeriodicProcessEvent
                0x0000000000002e8e       0x86 C:\Users\Administrator\Desktop\Wireless-switch-CH592\LIB\libCH59xBLE.a(tmos.o)
                0x0000000000002e8e                TMOS_CB_PeriodicProcessEvent
 .text.TMOS_CB_ProcessEvent
                0x0000000000002f14       0x80 C:\Users\Administrator\Desktop\Wireless-switch-CH592\LIB\libCH59xBLE.a(tmos.o)
                0x0000000000002f14                TMOS_CB_ProcessEvent
 .text.tmos_rand
                0x0000000000002f94       0x70 C:\Users\Administrator\Desktop\Wireless-switch-CH592\LIB\libCH59xBLE.a(tmos.o)
                0x0000000000002f94                tmos_rand
 .text.tmos_start_periodic_callback_task
                0x0000000000003004      0x11a C:\Users\Administrator\Desktop\Wireless-switch-CH592\LIB\libCH59xBLE.a(tmos.o)
                0x0000000000003004                tmos_start_periodic_callback_task
 .text.tmos_set_event
                0x000000000000311e       0x46 C:\Users\Administrator\Desktop\Wireless-switch-CH592\LIB\libCH59xBLE.a(tmos.o)
                0x000000000000311e                tmos_set_event
 .text.tmos_clear_event
                0x0000000000003164       0x4a C:\Users\Administrator\Desktop\Wireless-switch-CH592\LIB\libCH59xBLE.a(tmos.o)
                0x0000000000003164                tmos_clear_event
 .text.tmos_update_callback_timer
                0x00000000000031ae       0xde C:\Users\Administrator\Desktop\Wireless-switch-CH592\LIB\libCH59xBLE.a(tmos.o)
                0x00000000000031ae                tmos_update_callback_timer
 .text.tmos_start_task
                0x000000000000328c      0x15e C:\Users\Administrator\Desktop\Wireless-switch-CH592\LIB\libCH59xBLE.a(tmos.o)
                0x000000000000328c                tmos_start_task
 .text.tmos_start_callback_task
                0x00000000000033ea       0xc2 C:\Users\Administrator\Desktop\Wireless-switch-CH592\LIB\libCH59xBLE.a(tmos.o)
                0x00000000000033ea                tmos_start_callback_task
 .text.tmos_start_reload_task
                0x00000000000034ac       0x70 C:\Users\Administrator\Desktop\Wireless-switch-CH592\LIB\libCH59xBLE.a(tmos.o)
                0x00000000000034ac                tmos_start_reload_task
 .text.tmos_stop_task
                0x000000000000351c       0x6c C:\Users\Administrator\Desktop\Wireless-switch-CH592\LIB\libCH59xBLE.a(tmos.o)
                0x000000000000351c                tmos_stop_task
 .text.tmos_stop_callback_task
                0x0000000000003588       0x7c C:\Users\Administrator\Desktop\Wireless-switch-CH592\LIB\libCH59xBLE.a(tmos.o)
                0x0000000000003588                tmos_stop_callback_task
 .text.tmos_get_task_timer
                0x0000000000003604       0x7e C:\Users\Administrator\Desktop\Wireless-switch-CH592\LIB\libCH59xBLE.a(tmos.o)
                0x0000000000003604                tmos_get_task_timer
 .text.tmos_proces_idle
                0x0000000000003682      0x124 C:\Users\Administrator\Desktop\Wireless-switch-CH592\LIB\libCH59xBLE.a(tmos.o)
                0x0000000000003682                tmos_proces_idle
 .text.TMOS_TimerRegister
                0x00000000000037a6       0x1e C:\Users\Administrator\Desktop\Wireless-switch-CH592\LIB\libCH59xBLE.a(tmos.o)
                0x00000000000037a6                TMOS_TimerRegister
 .text.TMOS_ProcessRegister
                0x00000000000037c4       0x16 C:\Users\Administrator\Desktop\Wireless-switch-CH592\LIB\libCH59xBLE.a(tmos.o)
                0x00000000000037c4                TMOS_ProcessRegister
 .text.TMOS_SysRegister
                0x00000000000037da       0x16 C:\Users\Administrator\Desktop\Wireless-switch-CH592\LIB\libCH59xBLE.a(tmos.o)
                0x00000000000037da                TMOS_SysRegister
 .text.TMOS_Init
                0x00000000000037f0      0x13e C:\Users\Administrator\Desktop\Wireless-switch-CH592\LIB\libCH59xBLE.a(tmos.o)
                0x00000000000037f0                TMOS_Init
 .text.TMOS_ProcessEventRegister
                0x000000000000392e       0x3c C:\Users\Administrator\Desktop\Wireless-switch-CH592\LIB\libCH59xBLE.a(tmos.o)
                0x000000000000392e                TMOS_ProcessEventRegister
 .text.BLE_LibInit
                0x000000000000396a      0x14c C:\Users\Administrator\Desktop\Wireless-switch-CH592\LIB\libCH59xBLE.a(tmos.o)
                0x000000000000396a                BLE_LibInit
 .text.clockGetTickValve
                0x0000000000003ab6       0x7e C:\Users\Administrator\Desktop\Wireless-switch-CH592\LIB\libCH59xBLE.a(tmos_hw.o)
 .text.ll_get_sca_own
                0x0000000000003b34       0x46 C:\Users\Administrator\Desktop\Wireless-switch-CH592\LIB\libCH59xBLE.a(tmos_hw.o)
                0x0000000000003b34                ll_get_sca_own
 .text.ble_ll_common_rand8
                0x0000000000003b7a       0x24 C:\Users\Administrator\Desktop\Wireless-switch-CH592\LIB\libCH59xBLE.a(tmos_hw.o)
                0x0000000000003b7a                ble_ll_common_rand8
 .text.ble_ll_common_rand16
                0x0000000000003b9e       0x24 C:\Users\Administrator\Desktop\Wireless-switch-CH592\LIB\libCH59xBLE.a(tmos_hw.o)
                0x0000000000003b9e                ble_ll_common_rand16
 .text.ble_ll_common_rand32
                0x0000000000003bc2       0x20 C:\Users\Administrator\Desktop\Wireless-switch-CH592\LIB\libCH59xBLE.a(tmos_hw.o)
                0x0000000000003bc2                ble_ll_common_rand32
 .text.TMOS_TempSample
                0x0000000000003be2       0x62 C:\Users\Administrator\Desktop\Wireless-switch-CH592\LIB\libCH59xBLE.a(tmos_hw.o)
                0x0000000000003be2                TMOS_TempSample
 .text.TMOS_TimerInit
                0x0000000000003c44       0xec C:\Users\Administrator\Desktop\Wireless-switch-CH592\LIB\libCH59xBLE.a(tmos_hw.o)
                0x0000000000003c44                TMOS_TimerInit
 .text.tmos_snv_init
                0x0000000000003d30       0xc0 C:\Users\Administrator\Desktop\Wireless-switch-CH592\LIB\libCH59xBLE.a(tmos_snv.o)
                0x0000000000003d30                tmos_snv_init
 .text.tmos_snv_read
                0x0000000000003df0      0x294 C:\Users\Administrator\Desktop\Wireless-switch-CH592\LIB\libCH59xBLE.a(tmos_snv.o)
                0x0000000000003df0                tmos_snv_read
 .text.tmos_snv_notify
                0x0000000000004084       0x5a C:\Users\Administrator\Desktop\Wireless-switch-CH592\LIB\libCH59xBLE.a(tmos_snv.o)
                0x0000000000004084                tmos_snv_notify
 .text.tmos_snv_write
                0x00000000000040de      0x2d2 C:\Users\Administrator\Desktop\Wireless-switch-CH592\LIB\libCH59xBLE.a(tmos_snv.o)
                0x00000000000040de                tmos_snv_write
 .text.tmos_snv_compact
                0x00000000000043b0        0x4 C:\Users\Administrator\Desktop\Wireless-switch-CH592\LIB\libCH59xBLE.a(tmos_snv.o)
                0x00000000000043b0                tmos_snv_compact
 .text.disconnectNext
                0x00000000000043b4       0x22 C:\Users\Administrator\Desktop\Wireless-switch-CH592\LIB\libCH59xBLE.a(gap.o)
 .text.GAP_ParamInit
                0x00000000000043d6      0x164 C:\Users\Administrator\Desktop\Wireless-switch-CH592\LIB\libCH59xBLE.a(gap.o)
                0x00000000000043d6                GAP_ParamInit
 .text.sendTerminateEvent
                0x000000000000453a       0x58 C:\Users\Administrator\Desktop\Wireless-switch-CH592\LIB\libCH59xBLE.a(gap.o)
                0x000000000000453a                sendTerminateEvent
 .text.gapRegisterCentral
                0x0000000000004592        0x6 C:\Users\Administrator\Desktop\Wireless-switch-CH592\LIB\libCH59xBLE.a(gap.o)
                0x0000000000004592                gapRegisterCentral
 .text.gapRegisterCentralConn
                0x0000000000004598        0x6 C:\Users\Administrator\Desktop\Wireless-switch-CH592\LIB\libCH59xBLE.a(gap.o)
                0x0000000000004598                gapRegisterCentralConn
 .text.gapRegisterPeripheral
                0x000000000000459e        0x6 C:\Users\Administrator\Desktop\Wireless-switch-CH592\LIB\libCH59xBLE.a(gap.o)
                0x000000000000459e                gapRegisterPeripheral
 .text.gapRegisterPeripheralConn
                0x00000000000045a4        0x6 C:\Users\Administrator\Desktop\Wireless-switch-CH592\LIB\libCH59xBLE.a(gap.o)
                0x00000000000045a4                gapRegisterPeripheralConn
 .text.smGenerateRandBuf
                0x00000000000045aa       0x56 C:\Users\Administrator\Desktop\Wireless-switch-CH592\LIB\libCH59xBLE.a(gap.o)
                0x00000000000045aa                smGenerateRandBuf
 .text.gapL2capConnParamUpdateReq
                0x0000000000004600       0x36 C:\Users\Administrator\Desktop\Wireless-switch-CH592\LIB\libCH59xBLE.a(gap.o)
                0x0000000000004600                gapL2capConnParamUpdateReq
 .text.gapValidADType
                0x0000000000004636       0x16 C:\Users\Administrator\Desktop\Wireless-switch-CH592\LIB\libCH59xBLE.a(gap.o)
                0x0000000000004636                gapValidADType
 .text.gapFindADType
                0x000000000000464c       0x92 C:\Users\Administrator\Desktop\Wireless-switch-CH592\LIB\libCH59xBLE.a(gap.o)
                0x000000000000464c                gapFindADType
 .text.GAP_SecParamsInit
                0x00000000000046de       0xaa C:\Users\Administrator\Desktop\Wireless-switch-CH592\LIB\libCH59xBLE.a(gap.o)
                0x00000000000046de                GAP_SecParamsInit
 .text.GAP_ParamsInit
                0x0000000000004788       0x50 C:\Users\Administrator\Desktop\Wireless-switch-CH592\LIB\libCH59xBLE.a(gap.o)
                0x0000000000004788                GAP_ParamsInit
 .text.gapAddAddrAdj
                0x00000000000047d8       0x48 C:\Users\Administrator\Desktop\Wireless-switch-CH592\LIB\libCH59xBLE.a(gap.o)
                0x00000000000047d8                gapAddAddrAdj
 .text.gapDetermineAddrType
                0x0000000000004820       0x28 C:\Users\Administrator\Desktop\Wireless-switch-CH592\LIB\libCH59xBLE.a(gap.o)
                0x0000000000004820                gapDetermineAddrType
 .text.gapFreeAuthLink
                0x0000000000004848       0x4a C:\Users\Administrator\Desktop\Wireless-switch-CH592\LIB\libCH59xBLE.a(gap.o)
                0x0000000000004848                gapFreeAuthLink
 .text.gapGetDevAddress
                0x0000000000004892       0x24 C:\Users\Administrator\Desktop\Wireless-switch-CH592\LIB\libCH59xBLE.a(gap.o)
                0x0000000000004892                gapGetDevAddress
 .text.gapGetDevAddressMode
                0x00000000000048b6        0xa C:\Users\Administrator\Desktop\Wireless-switch-CH592\LIB\libCH59xBLE.a(gap.o)
                0x00000000000048b6                gapGetDevAddressMode
 .text.gapGetIRK
                0x00000000000048c0        0xc C:\Users\Administrator\Desktop\Wireless-switch-CH592\LIB\libCH59xBLE.a(gap.o)
                0x00000000000048c0                gapGetIRK
 .text.gapGetSRK
                0x00000000000048cc        0xc C:\Users\Administrator\Desktop\Wireless-switch-CH592\LIB\libCH59xBLE.a(gap.o)
                0x00000000000048cc                gapGetSRK
 .text.gapGetSignCounter
                0x00000000000048d8        0xe C:\Users\Administrator\Desktop\Wireless-switch-CH592\LIB\libCH59xBLE.a(gap.o)
                0x00000000000048d8                gapGetSignCounter
 .text.gapIncSignCounter
                0x00000000000048e6       0x28 C:\Users\Administrator\Desktop\Wireless-switch-CH592\LIB\libCH59xBLE.a(gap.o)
                0x00000000000048e6                gapIncSignCounter
 .text.gapProcessConnEvt
                0x000000000000490e       0x48 C:\Users\Administrator\Desktop\Wireless-switch-CH592\LIB\libCH59xBLE.a(gap.o)
                0x000000000000490e                gapProcessConnEvt
 .text.gapProcessDisconnectCompleteEvt
                0x0000000000004956       0xa6 C:\Users\Administrator\Desktop\Wireless-switch-CH592\LIB\libCH59xBLE.a(gap.o)
                0x0000000000004956                gapProcessDisconnectCompleteEvt
 .text.sendAuthEvent
                0x00000000000049fc      0x11e C:\Users\Administrator\Desktop\Wireless-switch-CH592\LIB\libCH59xBLE.a(gap.o)
                0x00000000000049fc                sendAuthEvent
 .text.gapSendBondCompleteEvent
                0x0000000000004b1a       0x74 C:\Users\Administrator\Desktop\Wireless-switch-CH592\LIB\libCH59xBLE.a(gap.o)
                0x0000000000004b1a                gapSendBondCompleteEvent
 .text.gapSendPairingReqEvent
                0x0000000000004b8e       0x96 C:\Users\Administrator\Desktop\Wireless-switch-CH592\LIB\libCH59xBLE.a(gap.o)
                0x0000000000004b8e                gapSendPairingReqEvent
 .text.gapSendSlaveSecurityReqEvent
                0x0000000000004c24       0x68 C:\Users\Administrator\Desktop\Wireless-switch-CH592\LIB\libCH59xBLE.a(gap.o)
                0x0000000000004c24                gapSendSlaveSecurityReqEvent
 .text.gapSendDeviceInitDoneEvent
                0x0000000000004c8c       0x88 C:\Users\Administrator\Desktop\Wireless-switch-CH592\LIB\libCH59xBLE.a(gap.o)
                0x0000000000004c8c                gapSendDeviceInitDoneEvent
 .text.gapSendLinkUpdateEvent
                0x0000000000004d14       0xb2 C:\Users\Administrator\Desktop\Wireless-switch-CH592\LIB\libCH59xBLE.a(gap.o)
                0x0000000000004d14                gapSendLinkUpdateEvent
 .text.gapSendPhyUpdateEvent
                0x0000000000004dc6       0x58 C:\Users\Administrator\Desktop\Wireless-switch-CH592\LIB\libCH59xBLE.a(gap.o)
                0x0000000000004dc6                gapSendPhyUpdateEvent
 .text.gapSendEstLinkEvent
                0x0000000000004e1e       0xbc C:\Users\Administrator\Desktop\Wireless-switch-CH592\LIB\libCH59xBLE.a(gap.o)
                0x0000000000004e1e                gapSendEstLinkEvent
 .text.gapProcessNewAddr
                0x0000000000004eda       0x3e C:\Users\Administrator\Desktop\Wireless-switch-CH592\LIB\libCH59xBLE.a(gap.o)
                0x0000000000004eda                gapProcessNewAddr
 .text.gapProcessRandomAddrComplete
                0x0000000000004f18       0xb6 C:\Users\Administrator\Desktop\Wireless-switch-CH592\LIB\libCH59xBLE.a(gap.o)
                0x0000000000004f18                gapProcessRandomAddrComplete
 .text.GAP_Authenticate
                0x0000000000004fce       0xde C:\Users\Administrator\Desktop\Wireless-switch-CH592\LIB\libCH59xBLE.a(gap.o)
                0x0000000000004fce                GAP_Authenticate
 .text.GAP_Bond
                0x00000000000050ac       0xaa C:\Users\Administrator\Desktop\Wireless-switch-CH592\LIB\libCH59xBLE.a(gap.o)
                0x00000000000050ac                GAP_Bond
 .text.GAP_GetParamValue
                0x0000000000005156       0x20 C:\Users\Administrator\Desktop\Wireless-switch-CH592\LIB\libCH59xBLE.a(gap.o)
                0x0000000000005156                GAP_GetParamValue
 .text.GAP_PasscodeUpdate
                0x0000000000005176       0x54 C:\Users\Administrator\Desktop\Wireless-switch-CH592\LIB\libCH59xBLE.a(gap.o)
                0x0000000000005176                GAP_PasscodeUpdate
 .text.GAP_RegisterForMsgs
                0x00000000000051ca        0xa C:\Users\Administrator\Desktop\Wireless-switch-CH592\LIB\libCH59xBLE.a(gap.o)
                0x00000000000051ca                GAP_RegisterForMsgs
 .text.GAP_ResolvePrivateAddr
                0x00000000000051d4        0x4 C:\Users\Administrator\Desktop\Wireless-switch-CH592\LIB\libCH59xBLE.a(gap.o)
                0x00000000000051d4                GAP_ResolvePrivateAddr
 .text.gapPairingCompleteCB
                0x00000000000051d8      0x18c C:\Users\Administrator\Desktop\Wireless-switch-CH592\LIB\libCH59xBLE.a(gap.o)
                0x00000000000051d8                gapPairingCompleteCB
 .text.gapPasskeyNeededCB
                0x0000000000005364       0x8e C:\Users\Administrator\Desktop\Wireless-switch-CH592\LIB\libCH59xBLE.a(gap.o)
                0x0000000000005364                gapPasskeyNeededCB
 .text.gapOobNeededCB
                0x00000000000053f2       0xa6 C:\Users\Administrator\Desktop\Wireless-switch-CH592\LIB\libCH59xBLE.a(gap.o)
                0x00000000000053f2                gapOobNeededCB
 .text.gapFreeEstLink
                0x0000000000005498       0x20 C:\Users\Administrator\Desktop\Wireless-switch-CH592\LIB\libCH59xBLE.a(gap.o)
                0x0000000000005498                gapFreeEstLink
 .text.gapUpdateConnSignCounter
                0x00000000000054b8       0x7a C:\Users\Administrator\Desktop\Wireless-switch-CH592\LIB\libCH59xBLE.a(gap.o)
                0x00000000000054b8                gapUpdateConnSignCounter
 .text.GAP_TerminateAuth
                0x0000000000005532       0x2a C:\Users\Administrator\Desktop\Wireless-switch-CH592\LIB\libCH59xBLE.a(gap.o)
                0x0000000000005532                GAP_TerminateAuth
 .text.GAP_NumActiveConnections
                0x000000000000555c        0x4 C:\Users\Administrator\Desktop\Wireless-switch-CH592\LIB\libCH59xBLE.a(gap.o)
                0x000000000000555c                GAP_NumActiveConnections
 .text.GAP_TerminateLinkReq
                0x0000000000005560       0x8e C:\Users\Administrator\Desktop\Wireless-switch-CH592\LIB\libCH59xBLE.a(gap.o)
                0x0000000000005560                GAP_TerminateLinkReq
 .text.GAP_SetParamValue
                0x00000000000055ee       0x6c C:\Users\Administrator\Desktop\Wireless-switch-CH592\LIB\libCH59xBLE.a(gap.o)
                0x00000000000055ee                GAP_SetParamValue
 .text.GAP_Init
                0x000000000000565a       0x48 C:\Users\Administrator\Desktop\Wireless-switch-CH592\LIB\libCH59xBLE.a(gap.o)
                0x000000000000565a                GAP_Init
 .text.GAP_ProcessEvent
                0x00000000000056a2      0x66a C:\Users\Administrator\Desktop\Wireless-switch-CH592\LIB\libCH59xBLE.a(gap.o)
                0x00000000000056a2                GAP_ProcessEvent
 .text.gapSendScanEnable
                0x0000000000005d0c       0x3a C:\Users\Administrator\Desktop\Wireless-switch-CH592\LIB\libCH59xBLE.a(gap_central.o)
 .text.gapCentProcessConnEvt
                0x0000000000005d46      0x168 C:\Users\Administrator\Desktop\Wireless-switch-CH592\LIB\libCH59xBLE.a(gap_central.o)
                0x0000000000005d46                gapCentProcessConnEvt
 .text.gapProcessScanningPeriodicAdvEvt
                0x0000000000005eae       0xa0 C:\Users\Administrator\Desktop\Wireless-switch-CH592\LIB\libCH59xBLE.a(gap_central.o)
                0x0000000000005eae                gapProcessScanningPeriodicAdvEvt
 .text.gapCancelLinkReq
                0x0000000000005f4e       0x38 C:\Users\Administrator\Desktop\Wireless-switch-CH592\LIB\libCH59xBLE.a(gap_central.o)
                0x0000000000005f4e                gapCancelLinkReq
 .text.gapProcessAdvertDevInfo
                0x0000000000005f86      0x242 C:\Users\Administrator\Desktop\Wireless-switch-CH592\LIB\libCH59xBLE.a(gap_central.o)
                0x0000000000005f86                gapProcessAdvertDevInfo
 .text.gapProcessExtAdvertDevInfo
                0x00000000000061c8      0x260 C:\Users\Administrator\Desktop\Wireless-switch-CH592\LIB\libCH59xBLE.a(gap_central.o)
                0x00000000000061c8                gapProcessExtAdvertDevInfo
 .text.gapProcessPeriodicAdvertisingSyncEstablishedEvt
                0x0000000000006428       0xae C:\Users\Administrator\Desktop\Wireless-switch-CH592\LIB\libCH59xBLE.a(gap_central.o)
                0x0000000000006428                gapProcessPeriodicAdvertisingSyncEstablishedEvt
 .text.gapProcessPeriodicAdvertisingSyncLostEvt
                0x00000000000064d6       0x56 C:\Users\Administrator\Desktop\Wireless-switch-CH592\LIB\libCH59xBLE.a(gap_central.o)
                0x00000000000064d6                gapProcessPeriodicAdvertisingSyncLostEvt
 .text.gapFreeScanRecs
                0x000000000000652c       0xa6 C:\Users\Administrator\Desktop\Wireless-switch-CH592\LIB\libCH59xBLE.a(gap_central.o)
                0x000000000000652c                gapFreeScanRecs
 .text.gapSendDevDiscEvent
                0x00000000000065d2      0x124 C:\Users\Administrator\Desktop\Wireless-switch-CH592\LIB\libCH59xBLE.a(gap_central.o)
                0x00000000000065d2                gapSendDevDiscEvent
 .text.gapSetScanParamStatus
                0x00000000000066f6       0x56 C:\Users\Administrator\Desktop\Wireless-switch-CH592\LIB\libCH59xBLE.a(gap_central.o)
 .text.gapCentProcessHCICmdEvt
                0x000000000000674c       0x3c C:\Users\Administrator\Desktop\Wireless-switch-CH592\LIB\libCH59xBLE.a(gap_central.o)
                0x000000000000674c                gapCentProcessHCICmdEvt
 .text.gapProcessScanningEvt
                0x0000000000006788      0x10e C:\Users\Administrator\Desktop\Wireless-switch-CH592\LIB\libCH59xBLE.a(gap_central.o)
                0x0000000000006788                gapProcessScanningEvt
 .text.gapProcessScanningDirectEvt
                0x0000000000006896       0xfc C:\Users\Administrator\Desktop\Wireless-switch-CH592\LIB\libCH59xBLE.a(gap_central.o)
                0x0000000000006896                gapProcessScanningDirectEvt
 .text.gapProcessScanningExtAdvEvt
                0x0000000000006992      0x2c4 C:\Users\Administrator\Desktop\Wireless-switch-CH592\LIB\libCH59xBLE.a(gap_central.o)
                0x0000000000006992                gapProcessScanningExtAdvEvt
 .text.GAP_CentConnRegister
                0x0000000000006c56       0x1a C:\Users\Administrator\Desktop\Wireless-switch-CH592\LIB\libCH59xBLE.a(gap_central.o)
                0x0000000000006c56                GAP_CentConnRegister
 .text.GAP_CentralParamInit
                0x0000000000006c70       0x6e C:\Users\Administrator\Desktop\Wireless-switch-CH592\LIB\libCH59xBLE.a(gap_central.o)
                0x0000000000006c70                GAP_CentralParamInit
 .text.GAP_CentDevMgrInit
                0x0000000000006cde       0x9c C:\Users\Administrator\Desktop\Wireless-switch-CH592\LIB\libCH59xBLE.a(gap_central.o)
                0x0000000000006cde                GAP_CentDevMgrInit
 .text.gapFreeAdvertState
                0x0000000000006d7a       0x20 C:\Users\Administrator\Desktop\Wireless-switch-CH592\LIB\libCH59xBLE.a(gap_peripheral.o)
 .text.gapSetPeriodicAdvParams
                0x0000000000006d9a       0x30 C:\Users\Administrator\Desktop\Wireless-switch-CH592\LIB\libCH59xBLE.a(gap_peripheral.o)
 .text.gapSetConnectionlessCTEParams
                0x0000000000006dca       0x54 C:\Users\Administrator\Desktop\Wireless-switch-CH592\LIB\libCH59xBLE.a(gap_peripheral.o)
 .text.gapSetAdvParams
                0x0000000000006e1e       0xfc C:\Users\Administrator\Desktop\Wireless-switch-CH592\LIB\libCH59xBLE.a(gap_peripheral.o)
 .text.gapPeriProcessConnEvt
                0x0000000000006f1a       0xd0 C:\Users\Administrator\Desktop\Wireless-switch-CH592\LIB\libCH59xBLE.a(gap_peripheral.o)
 .text.gapWriteAdvDataStatus
                0x0000000000006fea       0x8a C:\Users\Administrator\Desktop\Wireless-switch-CH592\LIB\libCH59xBLE.a(gap_peripheral.o)
 .text.GAP_MakeDiscoverable
                0x0000000000007074      0x174 C:\Users\Administrator\Desktop\Wireless-switch-CH592\LIB\libCH59xBLE.a(gap_peripheral.o)
                0x0000000000007074                GAP_MakeDiscoverable
 .text.GAP_EndDiscoverable
                0x00000000000071e8       0x66 C:\Users\Administrator\Desktop\Wireless-switch-CH592\LIB\libCH59xBLE.a(gap_peripheral.o)
                0x00000000000071e8                GAP_EndDiscoverable
 .text.gapProcessAdvertisingEvt
                0x000000000000724e      0x116 C:\Users\Administrator\Desktop\Wireless-switch-CH592\LIB\libCH59xBLE.a(gap_peripheral.o)
 .text.GAP_MakePeriodic
                0x0000000000007364       0x26 C:\Users\Administrator\Desktop\Wireless-switch-CH592\LIB\libCH59xBLE.a(gap_peripheral.o)
                0x0000000000007364                GAP_MakePeriodic
 .text.GAP_EndPeriodic
                0x000000000000738a        0xc C:\Users\Administrator\Desktop\Wireless-switch-CH592\LIB\libCH59xBLE.a(gap_peripheral.o)
                0x000000000000738a                GAP_EndPeriodic
 .text.GAP_MakeConnecttionlessCTE
                0x0000000000007396       0x1a C:\Users\Administrator\Desktop\Wireless-switch-CH592\LIB\libCH59xBLE.a(gap_peripheral.o)
                0x0000000000007396                GAP_MakeConnecttionlessCTE
 .text.GAP_EndConnecttionlessCTE
                0x00000000000073b0        0xc C:\Users\Administrator\Desktop\Wireless-switch-CH592\LIB\libCH59xBLE.a(gap_peripheral.o)
                0x00000000000073b0                GAP_EndConnecttionlessCTE
 .text.GAP_UpdateAdvertisingData
                0x00000000000073bc      0x136 C:\Users\Administrator\Desktop\Wireless-switch-CH592\LIB\libCH59xBLE.a(gap_peripheral.o)
                0x00000000000073bc                GAP_UpdateAdvertisingData
 .text.GAP_SetAdvertisingAdvData
                0x00000000000074f2      0x102 C:\Users\Administrator\Desktop\Wireless-switch-CH592\LIB\libCH59xBLE.a(gap_peripheral.o)
                0x00000000000074f2                GAP_SetAdvertisingAdvData
 .text.GAP_SetAdvertisingRspData
                0x00000000000075f4      0x102 C:\Users\Administrator\Desktop\Wireless-switch-CH592\LIB\libCH59xBLE.a(gap_peripheral.o)
                0x00000000000075f4                GAP_SetAdvertisingRspData
 .text.GAP_SetPeriodicAdvertisingData
                0x00000000000076f6       0xc6 C:\Users\Administrator\Desktop\Wireless-switch-CH592\LIB\libCH59xBLE.a(gap_peripheral.o)
                0x00000000000076f6                GAP_SetPeriodicAdvertisingData
 .text.GAP_GetAdvertisingAdvData
                0x00000000000077bc       0x26 C:\Users\Administrator\Desktop\Wireless-switch-CH592\LIB\libCH59xBLE.a(gap_peripheral.o)
                0x00000000000077bc                GAP_GetAdvertisingAdvData
 .text.GAP_GetAdvertisingRspData
                0x00000000000077e2       0x34 C:\Users\Administrator\Desktop\Wireless-switch-CH592\LIB\libCH59xBLE.a(gap_peripheral.o)
                0x00000000000077e2                GAP_GetAdvertisingRspData
 .text.GAP_GetPeriodicAdvertisingData
                0x0000000000007816       0x34 C:\Users\Administrator\Desktop\Wireless-switch-CH592\LIB\libCH59xBLE.a(gap_peripheral.o)
                0x0000000000007816                GAP_GetPeriodicAdvertisingData
 .text.GAP_PeriConnRegister
                0x000000000000784a       0x2e C:\Users\Administrator\Desktop\Wireless-switch-CH592\LIB\libCH59xBLE.a(gap_peripheral.o)
                0x000000000000784a                GAP_PeriConnRegister
 .text.GAP_PeripheralParamInit
                0x0000000000007878       0x6c C:\Users\Administrator\Desktop\Wireless-switch-CH592\LIB\libCH59xBLE.a(gap_peripheral.o)
                0x0000000000007878                GAP_PeripheralParamInit
 .text.gapSendMakeDiscEvent
                0x00000000000078e4       0x50 C:\Users\Administrator\Desktop\Wireless-switch-CH592\LIB\libCH59xBLE.a(gap_peripheral.o)
                0x00000000000078e4                gapSendMakeDiscEvent
 .text.gapWriteAdvEnableStatus
                0x0000000000007934      0x10e C:\Users\Administrator\Desktop\Wireless-switch-CH592\LIB\libCH59xBLE.a(gap_peripheral.o)
 .text.gapSendMakePeriodicEvent
                0x0000000000007a42       0x3a C:\Users\Administrator\Desktop\Wireless-switch-CH592\LIB\libCH59xBLE.a(gap_peripheral.o)
                0x0000000000007a42                gapSendMakePeriodicEvent
 .text.gapSendMakeConnectionlessCTEEvent
                0x0000000000007a7c       0x3a C:\Users\Administrator\Desktop\Wireless-switch-CH592\LIB\libCH59xBLE.a(gap_peripheral.o)
                0x0000000000007a7c                gapSendMakeConnectionlessCTEEvent
 .text.gapPeriProcessHCICmdCompleteEvt
                0x0000000000007ab6      0x22c C:\Users\Administrator\Desktop\Wireless-switch-CH592\LIB\libCH59xBLE.a(gap_peripheral.o)
 .text.GAP_PeriDevMgrInit
                0x0000000000007ce2       0x2e C:\Users\Administrator\Desktop\Wireless-switch-CH592\LIB\libCH59xBLE.a(gap_peripheral.o)
                0x0000000000007ce2                GAP_PeriDevMgrInit
 .text.gattProcessExchangeMTUReq
                0x0000000000007d10        0x4 C:\Users\Administrator\Desktop\Wireless-switch-CH592\LIB\libCH59xBLE.a(gattservapp.o)
 .text.gattServApp_FindCharCfgItem
                0x0000000000007d14       0x24 C:\Users\Administrator\Desktop\Wireless-switch-CH592\LIB\libCH59xBLE.a(gattservapp.o)
 .text.gattServerHandleTimerCB
                0x0000000000007d38       0x3c C:\Users\Administrator\Desktop\Wireless-switch-CH592\LIB\libCH59xBLE.a(gattservapp.o)
 .text.GATTServApp_InitCharCfg.part.12
                0x0000000000007d74       0x20 C:\Users\Administrator\Desktop\Wireless-switch-CH592\LIB\libCH59xBLE.a(gattservapp.o)
 .text.gattProcessExecuteWriteReq
                0x0000000000007d94        0x4 C:\Users\Administrator\Desktop\Wireless-switch-CH592\LIB\libCH59xBLE.a(gattservapp.o)
 .text.GATTServApp_ParamInit
                0x0000000000007d98       0xd6 C:\Users\Administrator\Desktop\Wireless-switch-CH592\LIB\libCH59xBLE.a(gattservapp.o)
                0x0000000000007d98                GATTServApp_ParamInit
 .text.GATTServApp_ReadCharCfg
                0x0000000000007e6e       0x16 C:\Users\Administrator\Desktop\Wireless-switch-CH592\LIB\libCH59xBLE.a(gattservapp.o)
                0x0000000000007e6e                GATTServApp_ReadCharCfg
 .text.GATTServApp_WriteCharCfg
                0x0000000000007e84       0x38 C:\Users\Administrator\Desktop\Wireless-switch-CH592\LIB\libCH59xBLE.a(gattservapp.o)
                0x0000000000007e84                GATTServApp_WriteCharCfg
 .text.GATTServApp_ProcessCCCWriteReq
                0x0000000000007ebc       0x5c C:\Users\Administrator\Desktop\Wireless-switch-CH592\LIB\libCH59xBLE.a(gattservapp.o)
                0x0000000000007ebc                GATTServApp_ProcessCCCWriteReq
 .text.gattServApp_WriteAttrCB
                0x0000000000007f18       0x32 C:\Users\Administrator\Desktop\Wireless-switch-CH592\LIB\libCH59xBLE.a(gattservapp.o)
                0x0000000000007f18                gattServApp_WriteAttrCB
 .text.GATTServApp_SendCCCUpdatedEvent
                0x0000000000007f4a       0x5e C:\Users\Administrator\Desktop\Wireless-switch-CH592\LIB\libCH59xBLE.a(gattservapp.o)
                0x0000000000007f4a                GATTServApp_SendCCCUpdatedEvent
 .text.GATTServApp_SendServiceChangedInd
                0x0000000000007fa8       0x34 C:\Users\Administrator\Desktop\Wireless-switch-CH592\LIB\libCH59xBLE.a(gattservapp.o)
                0x0000000000007fa8                GATTServApp_SendServiceChangedInd
 .text.gattServApp_ClearPrepareWriteQ
                0x0000000000007fdc       0x50 C:\Users\Administrator\Desktop\Wireless-switch-CH592\LIB\libCH59xBLE.a(gattservapp.o)
                0x0000000000007fdc                gattServApp_ClearPrepareWriteQ
 .text.gattServApp_FindPrepareWriteQ
                0x000000000000802c       0x30 C:\Users\Administrator\Desktop\Wireless-switch-CH592\LIB\libCH59xBLE.a(gattservapp.o)
                0x000000000000802c                gattServApp_FindPrepareWriteQ
 .text.gattServApp_FindServiceCBs
                0x000000000000805c       0x18 C:\Users\Administrator\Desktop\Wireless-switch-CH592\LIB\libCH59xBLE.a(gattservapp.o)
                0x000000000000805c                gattServApp_FindServiceCBs
 .text.gattServApp_FindAuthorizeAttrCB
                0x0000000000008074       0x14 C:\Users\Administrator\Desktop\Wireless-switch-CH592\LIB\libCH59xBLE.a(gattservapp.o)
                0x0000000000008074                gattServApp_FindAuthorizeAttrCB
 .text.gattServApp_IsWriteLong
                0x0000000000008088       0xea C:\Users\Administrator\Desktop\Wireless-switch-CH592\LIB\libCH59xBLE.a(gattservapp.o)
                0x0000000000008088                gattServApp_IsWriteLong
 .text.gattFindService
                0x0000000000008172       0x1c C:\Users\Administrator\Desktop\Wireless-switch-CH592\LIB\libCH59xBLE.a(gattservapp.o)
                0x0000000000008172                gattFindService
 .text.GATT_ServiceNumAttrs
                0x000000000000818e       0x16 C:\Users\Administrator\Desktop\Wireless-switch-CH592\LIB\libCH59xBLE.a(gattservapp.o)
                0x000000000000818e                GATT_ServiceNumAttrs
 .text.GATT_ServiceEncKeySize
                0x00000000000081a4       0x16 C:\Users\Administrator\Desktop\Wireless-switch-CH592\LIB\libCH59xBLE.a(gattservapp.o)
                0x00000000000081a4                GATT_ServiceEncKeySize
 .text.GATT_VerifyWritePermissions.part.7
                0x00000000000081ba       0x2c C:\Users\Administrator\Desktop\Wireless-switch-CH592\LIB\libCH59xBLE.a(gattservapp.o)
 .text.gattResetServerInfo
                0x00000000000081e6       0x1c C:\Users\Administrator\Desktop\Wireless-switch-CH592\LIB\libCH59xBLE.a(gattservapp.o)
                0x00000000000081e6                gattResetServerInfo
 .text.gattFindServerInfo
                0x0000000000008202       0x2c C:\Users\Administrator\Desktop\Wireless-switch-CH592\LIB\libCH59xBLE.a(gattservapp.o)
                0x0000000000008202                gattFindServerInfo
 .text.gattServerHandleConnStatusCB
                0x000000000000822e       0x8e C:\Users\Administrator\Desktop\Wireless-switch-CH592\LIB\libCH59xBLE.a(gattservapp.o)
                0x000000000000822e                gattServerHandleConnStatusCB
 .text.gattServerProcessMsgCB
                0x00000000000082bc      0x1ba C:\Users\Administrator\Desktop\Wireless-switch-CH592\LIB\libCH59xBLE.a(gattservapp.o)
                0x00000000000082bc                gattServerProcessMsgCB
 .text.gattServerNotifyTxCB
                0x0000000000008476       0x28 C:\Users\Administrator\Desktop\Wireless-switch-CH592\LIB\libCH59xBLE.a(gattservapp.o)
 .text.GATT_FindHandle
                0x000000000000849e       0x4a C:\Users\Administrator\Desktop\Wireless-switch-CH592\LIB\libCH59xBLE.a(gattservapp.o)
                0x000000000000849e                GATT_FindHandle
 .text.GATTServApp_WriteAttr
                0x00000000000084e8       0xa6 C:\Users\Administrator\Desktop\Wireless-switch-CH592\LIB\libCH59xBLE.a(gattservapp.o)
                0x00000000000084e8                GATTServApp_WriteAttr
 .text.gattServApp_ProcessExecuteWriteReq
                0x000000000000858e       0xfe C:\Users\Administrator\Desktop\Wireless-switch-CH592\LIB\libCH59xBLE.a(gattservapp.o)
                0x000000000000858e                gattServApp_ProcessExecuteWriteReq
 .text.gattServApp_ProcessPrepareWriteReq
                0x000000000000868c      0x10e C:\Users\Administrator\Desktop\Wireless-switch-CH592\LIB\libCH59xBLE.a(gattservapp.o)
                0x000000000000868c                gattServApp_ProcessPrepareWriteReq
 .text.gattServApp_ProcessWriteReq
                0x000000000000879a       0xb0 C:\Users\Administrator\Desktop\Wireless-switch-CH592\LIB\libCH59xBLE.a(gattservapp.o)
                0x000000000000879a                gattServApp_ProcessWriteReq
 .text.GATT_Indication
                0x000000000000884a       0xa4 C:\Users\Administrator\Desktop\Wireless-switch-CH592\LIB\libCH59xBLE.a(gattservapp.o)
                0x000000000000884a                GATT_Indication
 .text.GATT_FindHandleUUID
                0x00000000000088ee       0x94 C:\Users\Administrator\Desktop\Wireless-switch-CH592\LIB\libCH59xBLE.a(gattservapp.o)
                0x00000000000088ee                GATT_FindHandleUUID
 .text.gattProcessReadByGrpTypeReq
                0x0000000000008982       0x5e C:\Users\Administrator\Desktop\Wireless-switch-CH592\LIB\libCH59xBLE.a(gattservapp.o)
 .text.gattProcessReadByTypeReq
                0x00000000000089e0       0x34 C:\Users\Administrator\Desktop\Wireless-switch-CH592\LIB\libCH59xBLE.a(gattservapp.o)
 .text.gattProcessFindByTypeValueReq
                0x0000000000008a14       0x34 C:\Users\Administrator\Desktop\Wireless-switch-CH592\LIB\libCH59xBLE.a(gattservapp.o)
 .text.gattProcessFindInfoReq
                0x0000000000008a48      0x1aa C:\Users\Administrator\Desktop\Wireless-switch-CH592\LIB\libCH59xBLE.a(gattservapp.o)
 .text.GATT_VerifyWritePermissions
                0x0000000000008bf2       0x6a C:\Users\Administrator\Desktop\Wireless-switch-CH592\LIB\libCH59xBLE.a(gattservapp.o)
                0x0000000000008bf2                GATT_VerifyWritePermissions
 .text.gattProcessWriteReq
                0x0000000000008c5c       0x34 C:\Users\Administrator\Desktop\Wireless-switch-CH592\LIB\libCH59xBLE.a(gattservapp.o)
 .text.GATT_VerifyPrepareWritePermissions
                0x0000000000008c90       0x56 C:\Users\Administrator\Desktop\Wireless-switch-CH592\LIB\libCH59xBLE.a(gattservapp.o)
                0x0000000000008c90                GATT_VerifyPrepareWritePermissions
 .text.gattProcessPrepareWriteReq
                0x0000000000008ce6       0x34 C:\Users\Administrator\Desktop\Wireless-switch-CH592\LIB\libCH59xBLE.a(gattservapp.o)
 .text.GATT_FindNextAttr
                0x0000000000008d1a       0xc2 C:\Users\Administrator\Desktop\Wireless-switch-CH592\LIB\libCH59xBLE.a(gattservapp.o)
                0x0000000000008d1a                GATT_FindNextAttr
 .text.GATTServApp_ReadAttr
                0x0000000000008ddc      0x2ea C:\Users\Administrator\Desktop\Wireless-switch-CH592\LIB\libCH59xBLE.a(gattservapp.o)
                0x0000000000008ddc                GATTServApp_ReadAttr
 .text.gattServApp_ProcessReadMultiReq
                0x00000000000090c6      0x16e C:\Users\Administrator\Desktop\Wireless-switch-CH592\LIB\libCH59xBLE.a(gattservapp.o)
                0x00000000000090c6                gattServApp_ProcessReadMultiReq
 .text.gattServApp_ProcessFindByTypeValueReq
                0x0000000000009234      0x1a0 C:\Users\Administrator\Desktop\Wireless-switch-CH592\LIB\libCH59xBLE.a(gattservapp.o)
                0x0000000000009234                gattServApp_ProcessFindByTypeValueReq
 .text.GATT_VerifyReadPermissions
                0x00000000000093d4       0x68 C:\Users\Administrator\Desktop\Wireless-switch-CH592\LIB\libCH59xBLE.a(gattservapp.o)
                0x00000000000093d4                GATT_VerifyReadPermissions
 .text.gattProcessReadMultiReq
                0x000000000000943c       0xae C:\Users\Administrator\Desktop\Wireless-switch-CH592\LIB\libCH59xBLE.a(gattservapp.o)
 .text.gattProcessReadReq
                0x00000000000094ea       0x30 C:\Users\Administrator\Desktop\Wireless-switch-CH592\LIB\libCH59xBLE.a(gattservapp.o)
 .text.gattServApp_ProcessReadByGrpTypeReq
                0x000000000000951a      0x21c C:\Users\Administrator\Desktop\Wireless-switch-CH592\LIB\libCH59xBLE.a(gattservapp.o)
                0x000000000000951a                gattServApp_ProcessReadByGrpTypeReq
 .text.gattServApp_ProcessReadByTypeReq
                0x0000000000009736      0x1ae C:\Users\Administrator\Desktop\Wireless-switch-CH592\LIB\libCH59xBLE.a(gattservapp.o)
                0x0000000000009736                gattServApp_ProcessReadByTypeReq
 .text.GATTServApp_InitCharCfg
                0x00000000000098e4       0x28 C:\Users\Administrator\Desktop\Wireless-switch-CH592\LIB\libCH59xBLE.a(gattservapp.o)
                0x00000000000098e4                GATTServApp_InitCharCfg
 .text.gattServApp_HandleConnStatusCB
                0x000000000000990c       0x74 C:\Users\Administrator\Desktop\Wireless-switch-CH592\LIB\libCH59xBLE.a(gattservapp.o)
                0x000000000000990c                gattServApp_HandleConnStatusCB
 .text.GATT_InitServer
                0x0000000000009980       0xfa C:\Users\Administrator\Desktop\Wireless-switch-CH592\LIB\libCH59xBLE.a(gattservapp.o)
                0x0000000000009980                GATT_InitServer
 .text.GATTServApp_Init
                0x0000000000009a7a       0x34 C:\Users\Administrator\Desktop\Wireless-switch-CH592\LIB\libCH59xBLE.a(gattservapp.o)
                0x0000000000009a7a                GATTServApp_Init
 .text.GATTServApp_ProcessEvent
                0x0000000000009aae      0x36a C:\Users\Administrator\Desktop\Wireless-switch-CH592\LIB\libCH59xBLE.a(gattservapp.o)
                0x0000000000009aae                GATTServApp_ProcessEvent
 .text.l2capAllocConnChannel
                0x0000000000009e18       0xe0 C:\Users\Administrator\Desktop\Wireless-switch-CH592\LIB\libCH59xBLE.a(l2cap.o)
                0x0000000000009e18                l2capAllocConnChannel
 .text.l2capFindLocalCID
                0x0000000000009ef8       0x2c C:\Users\Administrator\Desktop\Wireless-switch-CH592\LIB\libCH59xBLE.a(l2cap.o)
                0x0000000000009ef8                l2capFindLocalCID
 .text.l2capFindLocalId
                0x0000000000009f24       0x30 C:\Users\Administrator\Desktop\Wireless-switch-CH592\LIB\libCH59xBLE.a(l2cap.o)
                0x0000000000009f24                l2capFindLocalId
 .text.l2capFindPsm
                0x0000000000009f54       0x30 C:\Users\Administrator\Desktop\Wireless-switch-CH592\LIB\libCH59xBLE.a(l2cap.o)
                0x0000000000009f54                l2capFindPsm
 .text.l2capFindRemoteCID
                0x0000000000009f84       0x3c C:\Users\Administrator\Desktop\Wireless-switch-CH592\LIB\libCH59xBLE.a(l2cap.o)
                0x0000000000009f84                l2capFindRemoteCID
 .text.l2capFreeChannel
                0x0000000000009fc0       0x4e C:\Users\Administrator\Desktop\Wireless-switch-CH592\LIB\libCH59xBLE.a(l2cap.o)
                0x0000000000009fc0                l2capFreeChannel
 .text.l2capDisconnectChannel
                0x000000000000a00e       0x28 C:\Users\Administrator\Desktop\Wireless-switch-CH592\LIB\libCH59xBLE.a(l2cap.o)
                0x000000000000a00e                l2capDisconnectChannel
 .text.l2capHandleTimerCB
                0x000000000000a036       0x2c C:\Users\Administrator\Desktop\Wireless-switch-CH592\LIB\libCH59xBLE.a(l2cap.o)
                0x000000000000a036                l2capHandleTimerCB
 .text.l2capFreePendingPkt
                0x000000000000a062       0x58 C:\Users\Administrator\Desktop\Wireless-switch-CH592\LIB\libCH59xBLE.a(l2cap.o)
                0x000000000000a062                l2capFreePendingPkt
 .text.l2capGetCoChannelInfo
                0x000000000000a0ba       0x86 C:\Users\Administrator\Desktop\Wireless-switch-CH592\LIB\libCH59xBLE.a(l2cap.o)
                0x000000000000a0ba                l2capGetCoChannelInfo
 .text.l2capNumActiveChannnels
                0x000000000000a140       0x48 C:\Users\Administrator\Desktop\Wireless-switch-CH592\LIB\libCH59xBLE.a(l2cap.o)
                0x000000000000a140                l2capNumActiveChannnels
 .text.l2capStartTimer
                0x000000000000a188       0x1a C:\Users\Administrator\Desktop\Wireless-switch-CH592\LIB\libCH59xBLE.a(l2cap.o)
                0x000000000000a188                l2capStartTimer
 .text.l2capStopTimer
                0x000000000000a1a2       0x1e C:\Users\Administrator\Desktop\Wireless-switch-CH592\LIB\libCH59xBLE.a(l2cap.o)
                0x000000000000a1a2                l2capStopTimer
 .text.l2capDisconnectAllChannels
                0x000000000000a1c0       0xdc C:\Users\Administrator\Desktop\Wireless-switch-CH592\LIB\libCH59xBLE.a(l2cap.o)
                0x000000000000a1c0                l2capDisconnectAllChannels
 .text.l2capHandleConnStatusCB
                0x000000000000a29c       0x3c C:\Users\Administrator\Desktop\Wireless-switch-CH592\LIB\libCH59xBLE.a(l2cap.o)
                0x000000000000a29c                l2capHandleConnStatusCB
 .text.l2capHandleRxError
                0x000000000000a2d8        0x6 C:\Users\Administrator\Desktop\Wireless-switch-CH592\LIB\libCH59xBLE.a(l2cap.o)
                0x000000000000a2d8                l2capHandleRxError
 .text.L2CAP_GetMTU
                0x000000000000a2de        0x6 C:\Users\Administrator\Desktop\Wireless-switch-CH592\LIB\libCH59xBLE.a(l2cap.o)
                0x000000000000a2de                L2CAP_GetMTU
 .text.L2CAP_HostNumCompletedPkts
                0x000000000000a2e4       0x28 C:\Users\Administrator\Desktop\Wireless-switch-CH592\LIB\libCH59xBLE.a(l2cap.o)
                0x000000000000a2e4                L2CAP_HostNumCompletedPkts
 .text.L2CAP_ParseConnectReq
                0x000000000000a30c       0x5e C:\Users\Administrator\Desktop\Wireless-switch-CH592\LIB\libCH59xBLE.a(l2cap.o)
                0x000000000000a30c                L2CAP_ParseConnectReq
 .text.L2CAP_ParseFlowCtrlCredit
                0x000000000000a36a       0x2e C:\Users\Administrator\Desktop\Wireless-switch-CH592\LIB\libCH59xBLE.a(l2cap.o)
                0x000000000000a36a                L2CAP_ParseFlowCtrlCredit
 .text.L2CAP_RegisterApp
                0x000000000000a398       0x30 C:\Users\Administrator\Desktop\Wireless-switch-CH592\LIB\libCH59xBLE.a(l2cap.o)
                0x000000000000a398                L2CAP_RegisterApp
 .text.L2CAP_SetBufSize
                0x000000000000a3c8       0x1e C:\Users\Administrator\Desktop\Wireless-switch-CH592\LIB\libCH59xBLE.a(l2cap.o)
                0x000000000000a3c8                L2CAP_SetBufSize
 .text.L2CAP_bm_alloc
                0x000000000000a3e6       0x2a C:\Users\Administrator\Desktop\Wireless-switch-CH592\LIB\libCH59xBLE.a(l2cap.o)
                0x000000000000a3e6                L2CAP_bm_alloc
 .text.L2CAP_Init
                0x000000000000a410      0x15e C:\Users\Administrator\Desktop\Wireless-switch-CH592\LIB\libCH59xBLE.a(l2cap.o)
                0x000000000000a410                L2CAP_Init
 .text.L2CAP_ProcessEvent
                0x000000000000a56e       0xd4 C:\Users\Administrator\Desktop\Wireless-switch-CH592\LIB\libCH59xBLE.a(l2cap.o)
                0x000000000000a56e                L2CAP_ProcessEvent
 .text.l2capParseCmdReject
                0x000000000000a642       0x5e C:\Users\Administrator\Desktop\Wireless-switch-CH592\LIB\libCH59xBLE.a(l2cap_input.o)
                0x000000000000a642                l2capParseCmdReject
 .text.l2capParseDisconnectReq
                0x000000000000a6a0       0x2e C:\Users\Administrator\Desktop\Wireless-switch-CH592\LIB\libCH59xBLE.a(l2cap_input.o)
                0x000000000000a6a0                l2capParseDisconnectReq
 .text.l2capParseDisconnectRsp
                0x000000000000a6ce       0x2e C:\Users\Administrator\Desktop\Wireless-switch-CH592\LIB\libCH59xBLE.a(l2cap_input.o)
                0x000000000000a6ce                l2capParseDisconnectRsp
 .text.L2CAP_ParseParamUpdateReq
                0x000000000000a6fc       0x4e C:\Users\Administrator\Desktop\Wireless-switch-CH592\LIB\libCH59xBLE.a(l2cap_input.o)
                0x000000000000a6fc                L2CAP_ParseParamUpdateReq
 .text.l2capParseParamUpdateRsp
                0x000000000000a74a       0x1e C:\Users\Administrator\Desktop\Wireless-switch-CH592\LIB\libCH59xBLE.a(l2cap_input.o)
                0x000000000000a74a                l2capParseParamUpdateRsp
 .text.l2capProcessConnectReq
                0x000000000000a768       0xfc C:\Users\Administrator\Desktop\Wireless-switch-CH592\LIB\libCH59xBLE.a(l2cap_input.o)
                0x000000000000a768                l2capProcessConnectReq
 .text.l2capParseConnectRsp
                0x000000000000a864       0x5e C:\Users\Administrator\Desktop\Wireless-switch-CH592\LIB\libCH59xBLE.a(l2cap_input.o)
                0x000000000000a864                l2capParseConnectRsp
 .text.l2capParseSignalHdr
                0x000000000000a8c2       0x22 C:\Users\Administrator\Desktop\Wireless-switch-CH592\LIB\libCH59xBLE.a(l2cap_input.o)
                0x000000000000a8c2                l2capParseSignalHdr
 .text.l2capParsePacket
                0x000000000000a8e4       0x8c C:\Users\Administrator\Desktop\Wireless-switch-CH592\LIB\libCH59xBLE.a(l2cap_input.o)
                0x000000000000a8e4                l2capParsePacket
 .text.l2capProcessReq
                0x000000000000a970      0x15e C:\Users\Administrator\Desktop\Wireless-switch-CH592\LIB\libCH59xBLE.a(l2cap_input.o)
                0x000000000000a970                l2capProcessReq
 .text.l2capProcessRsp
                0x000000000000aace      0x150 C:\Users\Administrator\Desktop\Wireless-switch-CH592\LIB\libCH59xBLE.a(l2cap_input.o)
                0x000000000000aace                l2capProcessRsp
 .text.l2capProcessRxData
                0x000000000000ac1e       0xf8 C:\Users\Administrator\Desktop\Wireless-switch-CH592\LIB\libCH59xBLE.a(l2cap_input.o)
                0x000000000000ac1e                l2capProcessRxData
 .text.l2capNotifyData
                0x000000000000ad16       0x5e C:\Users\Administrator\Desktop\Wireless-switch-CH592\LIB\libCH59xBLE.a(l2cap_output.o)
                0x000000000000ad16                l2capNotifyData
 .text.l2capNotifySignal
                0x000000000000ad74       0x7a C:\Users\Administrator\Desktop\Wireless-switch-CH592\LIB\libCH59xBLE.a(l2cap_output.o)
                0x000000000000ad74                l2capNotifySignal
 .text.l2capNotifyCreditEvt
                0x000000000000adee       0xa4 C:\Users\Administrator\Desktop\Wireless-switch-CH592\LIB\libCH59xBLE.a(l2cap_output.o)
                0x000000000000adee                l2capNotifyCreditEvt
 .text.l2capNotifyChannelEstEvt
                0x000000000000ae92       0x5c C:\Users\Administrator\Desktop\Wireless-switch-CH592\LIB\libCH59xBLE.a(l2cap_output.o)
                0x000000000000ae92                l2capNotifyChannelEstEvt
 .text.l2capNotifyChannelTermEvt
                0x000000000000aeee       0x3e C:\Users\Administrator\Desktop\Wireless-switch-CH592\LIB\libCH59xBLE.a(l2cap_output.o)
                0x000000000000aeee                l2capNotifyChannelTermEvt
 .text.l2capNotifyEvent
                0x000000000000af2c       0x66 C:\Users\Administrator\Desktop\Wireless-switch-CH592\LIB\libCH59xBLE.a(l2cap_output.o)
                0x000000000000af2c                l2capNotifyEvent
 .text.l2capStoreFCPkt
                0x000000000000af92       0x32 C:\Users\Administrator\Desktop\Wireless-switch-CH592\LIB\libCH59xBLE.a(l2cap_output.o)
                0x000000000000af92                l2capStoreFCPkt
 .text.l2capFreeTxSDU
                0x000000000000afc4       0x9e C:\Users\Administrator\Desktop\Wireless-switch-CH592\LIB\libCH59xBLE.a(l2cap_output.o)
                0x000000000000afc4                l2capFreeTxSDU
 .text.l2capReassembleSegment
                0x000000000000b062      0x178 C:\Users\Administrator\Desktop\Wireless-switch-CH592\LIB\libCH59xBLE.a(l2cap_output.o)
                0x000000000000b062                l2capReassembleSegment
 .text.l2capEncapSendData
                0x000000000000b1da       0xf0 C:\Users\Administrator\Desktop\Wireless-switch-CH592\LIB\libCH59xBLE.a(l2cap_output.o)
                0x000000000000b1da                l2capEncapSendData
 .text.l2capSendFCPkt.part.3
                0x000000000000b2ca       0x70 C:\Users\Administrator\Desktop\Wireless-switch-CH592\LIB\libCH59xBLE.a(l2cap_output.o)
 .text.l2capSendSegment
                0x000000000000b33a      0x108 C:\Users\Administrator\Desktop\Wireless-switch-CH592\LIB\libCH59xBLE.a(l2cap_output.o)
                0x000000000000b33a                l2capSendSegment
 .text.l2capSendNextSegment
                0x000000000000b442       0xb4 C:\Users\Administrator\Desktop\Wireless-switch-CH592\LIB\libCH59xBLE.a(l2cap_output.o)
                0x000000000000b442                l2capSendNextSegment
 .text.l2capSendPkt
                0x000000000000b4f6       0x3a C:\Users\Administrator\Desktop\Wireless-switch-CH592\LIB\libCH59xBLE.a(l2cap_output.o)
                0x000000000000b4f6                l2capSendPkt
 .text.L2CAP_SendData
                0x000000000000b530       0x82 C:\Users\Administrator\Desktop\Wireless-switch-CH592\LIB\libCH59xBLE.a(l2cap_output.o)
                0x000000000000b530                L2CAP_SendData
 .text.l2capSendCmd
                0x000000000000b5b2       0x8a C:\Users\Administrator\Desktop\Wireless-switch-CH592\LIB\libCH59xBLE.a(l2cap_output.o)
                0x000000000000b5b2                l2capSendCmd
 .text.l2capSendReq
                0x000000000000b63c       0xc8 C:\Users\Administrator\Desktop\Wireless-switch-CH592\LIB\libCH59xBLE.a(l2cap_output.o)
                0x000000000000b63c                l2capSendReq
 .text.l2capBuildDisconnectReq
                0x000000000000b704       0x28 C:\Users\Administrator\Desktop\Wireless-switch-CH592\LIB\libCH59xBLE.a(l2cap_sdu.o)
 .text.l2capBuildParamUpdateReq
                0x000000000000b72c       0x4c C:\Users\Administrator\Desktop\Wireless-switch-CH592\LIB\libCH59xBLE.a(l2cap_sdu.o)
 .text.l2capBuildParamUpdateRsp
                0x000000000000b778       0x16 C:\Users\Administrator\Desktop\Wireless-switch-CH592\LIB\libCH59xBLE.a(l2cap_sdu.o)
 .text.l2capBuildConnectRsp
                0x000000000000b78e       0x5e C:\Users\Administrator\Desktop\Wireless-switch-CH592\LIB\libCH59xBLE.a(l2cap_sdu.o)
 .text.l2capBuildCmdReject
                0x000000000000b7ec       0x62 C:\Users\Administrator\Desktop\Wireless-switch-CH592\LIB\libCH59xBLE.a(l2cap_sdu.o)
                0x000000000000b7ec                l2capBuildCmdReject
 .text.l2capBuildDisconnectRsp
                0x000000000000b84e       0x28 C:\Users\Administrator\Desktop\Wireless-switch-CH592\LIB\libCH59xBLE.a(l2cap_sdu.o)
                0x000000000000b84e                l2capBuildDisconnectRsp
 .text.l2capSendConnectRsp
                0x000000000000b876       0xaa C:\Users\Administrator\Desktop\Wireless-switch-CH592\LIB\libCH59xBLE.a(l2cap_sdu.o)
                0x000000000000b876                l2capSendConnectRsp
 .text.L2CAP_CmdReject
                0x000000000000b920       0x12 C:\Users\Administrator\Desktop\Wireless-switch-CH592\LIB\libCH59xBLE.a(l2cap_sdu.o)
                0x000000000000b920                L2CAP_CmdReject
 .text.L2CAP_DisconnectReq
                0x000000000000b932       0x2a C:\Users\Administrator\Desktop\Wireless-switch-CH592\LIB\libCH59xBLE.a(l2cap_sdu.o)
                0x000000000000b932                L2CAP_DisconnectReq
 .text.L2CAP_ConnParamUpdateReq
                0x000000000000b95c       0x16 C:\Users\Administrator\Desktop\Wireless-switch-CH592\LIB\libCH59xBLE.a(l2cap_sdu.o)
                0x000000000000b95c                L2CAP_ConnParamUpdateReq
 .text.L2CAP_ConnParamUpdateRsp
                0x000000000000b972       0x12 C:\Users\Administrator\Desktop\Wireless-switch-CH592\LIB\libCH59xBLE.a(l2cap_sdu.o)
                0x000000000000b972                L2CAP_ConnParamUpdateRsp
 .text.reportStatusChange
                0x000000000000b984       0x3e C:\Users\Administrator\Desktop\Wireless-switch-CH592\LIB\libCH59xBLE.a(linkdb.o)
 .text.linkDB_Init
                0x000000000000b9c2       0xa8 C:\Users\Administrator\Desktop\Wireless-switch-CH592\LIB\libCH59xBLE.a(linkdb.o)
                0x000000000000b9c2                linkDB_Init
 .text.linkDB_Find
                0x000000000000ba6a       0x34 C:\Users\Administrator\Desktop\Wireless-switch-CH592\LIB\libCH59xBLE.a(linkdb.o)
                0x000000000000ba6a                linkDB_Find
 .text.linkDB_Authen
                0x000000000000ba9e       0x5c C:\Users\Administrator\Desktop\Wireless-switch-CH592\LIB\libCH59xBLE.a(linkdb.o)
                0x000000000000ba9e                linkDB_Authen
 .text.linkDB_FindByAddr
                0x000000000000bafa       0x82 C:\Users\Administrator\Desktop\Wireless-switch-CH592\LIB\libCH59xBLE.a(linkdb.o)
                0x000000000000bafa                linkDB_FindByAddr
 .text.linkDB_FindFirst
                0x000000000000bb7c       0x40 C:\Users\Administrator\Desktop\Wireless-switch-CH592\LIB\libCH59xBLE.a(linkdb.o)
                0x000000000000bb7c                linkDB_FindFirst
 .text.linkDB_MTU
                0x000000000000bbbc       0x18 C:\Users\Administrator\Desktop\Wireless-switch-CH592\LIB\libCH59xBLE.a(linkdb.o)
                0x000000000000bbbc                linkDB_MTU
 .text.linkDB_NumActive
                0x000000000000bbd4       0x36 C:\Users\Administrator\Desktop\Wireless-switch-CH592\LIB\libCH59xBLE.a(linkdb.o)
                0x000000000000bbd4                linkDB_NumActive
 .text.linkDB_NumConns
                0x000000000000bc0a        0xa C:\Users\Administrator\Desktop\Wireless-switch-CH592\LIB\libCH59xBLE.a(linkdb.o)
                0x000000000000bc0a                linkDB_NumConns
 .text.linkDB_Register
                0x000000000000bc14       0x28 C:\Users\Administrator\Desktop\Wireless-switch-CH592\LIB\libCH59xBLE.a(linkdb.o)
                0x000000000000bc14                linkDB_Register
 .text.linkDB_Remove
                0x000000000000bc3c       0x4c C:\Users\Administrator\Desktop\Wireless-switch-CH592\LIB\libCH59xBLE.a(linkdb.o)
                0x000000000000bc3c                linkDB_Remove
 .text.linkDB_Role
                0x000000000000bc88       0x18 C:\Users\Administrator\Desktop\Wireless-switch-CH592\LIB\libCH59xBLE.a(linkdb.o)
                0x000000000000bc88                linkDB_Role
 .text.linkDB_State
                0x000000000000bca0       0x30 C:\Users\Administrator\Desktop\Wireless-switch-CH592\LIB\libCH59xBLE.a(linkdb.o)
                0x000000000000bca0                linkDB_State
 .text.linkDB_UpdateMTU
                0x000000000000bcd0       0x28 C:\Users\Administrator\Desktop\Wireless-switch-CH592\LIB\libCH59xBLE.a(linkdb.o)
                0x000000000000bcd0                linkDB_UpdateMTU
 .text.linkDB_PerformFunc
                0x000000000000bcf8       0x5a C:\Users\Administrator\Desktop\Wireless-switch-CH592\LIB\libCH59xBLE.a(linkdb.o)
                0x000000000000bcf8                linkDB_PerformFunc
 .text.linkDB_GetSMEvtID
                0x000000000000bd52       0x60 C:\Users\Administrator\Desktop\Wireless-switch-CH592\LIB\libCH59xBLE.a(linkdb.o)
                0x000000000000bd52                linkDB_GetSMEvtID
 .text.linkDB_Add
                0x000000000000bdb2       0xb2 C:\Users\Administrator\Desktop\Wireless-switch-CH592\LIB\libCH59xBLE.a(linkdb.o)
                0x000000000000bdb2                linkDB_Add
 .text.linkDB_GetHandleFromSMEvtID
                0x000000000000be64       0x3a C:\Users\Administrator\Desktop\Wireless-switch-CH592\LIB\libCH59xBLE.a(linkdb.o)
                0x000000000000be64                linkDB_GetHandleFromSMEvtID
 .text.linkDB_GetPairingParam
                0x000000000000be9e       0x76 C:\Users\Administrator\Desktop\Wireless-switch-CH592\LIB\libCH59xBLE.a(linkdb.o)
                0x000000000000be9e                linkDB_GetPairingParam
 .text.linkDB_NeedSendKey
                0x000000000000bf14       0x4c C:\Users\Administrator\Desktop\Wireless-switch-CH592\LIB\libCH59xBLE.a(linkdb.o)
                0x000000000000bf14                linkDB_NeedSendKey
 .text.smStartRspTimer
                0x000000000000bf60       0x3a C:\Users\Administrator\Desktop\Wireless-switch-CH592\LIB\libCH59xBLE.a(sm.o)
 .text.smStartEncryption
                0x000000000000bf9a       0xa0 C:\Users\Administrator\Desktop\Wireless-switch-CH592\LIB\libCH59xBLE.a(sm.o)
 .text.smFreePairingParams
                0x000000000000c03a       0x7e C:\Users\Administrator\Desktop\Wireless-switch-CH592\LIB\libCH59xBLE.a(sm.o)
                0x000000000000c03a                smFreePairingParams
 .text.smEndPairing
                0x000000000000c0b8       0x60 C:\Users\Administrator\Desktop\Wireless-switch-CH592\LIB\libCH59xBLE.a(sm.o)
                0x000000000000c0b8                smEndPairing
 .text.smLinkCheck
                0x000000000000c118       0x34 C:\Users\Administrator\Desktop\Wireless-switch-CH592\LIB\libCH59xBLE.a(sm.o)
                0x000000000000c118                smLinkCheck
 .text.smNextPairingState
                0x000000000000c14c       0x60 C:\Users\Administrator\Desktop\Wireless-switch-CH592\LIB\libCH59xBLE.a(sm.o)
                0x000000000000c14c                smNextPairingState
 .text.smProcessEncryptChange
                0x000000000000c1ac       0xf8 C:\Users\Administrator\Desktop\Wireless-switch-CH592\LIB\libCH59xBLE.a(sm.o)
                0x000000000000c1ac                smProcessEncryptChange
 .text.smSendSMMsg
                0x000000000000c2a4       0x5c C:\Users\Administrator\Desktop\Wireless-switch-CH592\LIB\libCH59xBLE.a(sm.o)
                0x000000000000c2a4                smSendSMMsg
 .text.smSendFailAndEnd
                0x000000000000c300       0x38 C:\Users\Administrator\Desktop\Wireless-switch-CH592\LIB\libCH59xBLE.a(sm.o)
                0x000000000000c300                smSendFailAndEnd
 .text.smProcessPairingReq
                0x000000000000c338       0x40 C:\Users\Administrator\Desktop\Wireless-switch-CH592\LIB\libCH59xBLE.a(sm.o)
                0x000000000000c338                smProcessPairingReq
 .text.smSetPairingReqRsp
                0x000000000000c378       0x3c C:\Users\Administrator\Desktop\Wireless-switch-CH592\LIB\libCH59xBLE.a(sm.o)
                0x000000000000c378                smSetPairingReqRsp
 .text.SM_StartEncryption
                0x000000000000c3b4       0x1a C:\Users\Administrator\Desktop\Wireless-switch-CH592\LIB\libCH59xBLE.a(sm.o)
                0x000000000000c3b4                SM_StartEncryption
 .text.sm_dhkey
                0x000000000000c3ce       0x3e C:\Users\Administrator\Desktop\Wireless-switch-CH592\LIB\libCH59xBLE.a(sm.o)
                0x000000000000c3ce                sm_dhkey
 .text.sm_c1    0x000000000000c40c       0xb4 C:\Users\Administrator\Desktop\Wireless-switch-CH592\LIB\libCH59xBLE.a(sm.o)
                0x000000000000c40c                sm_c1
 .text.smDetermineKeySize
                0x000000000000c4c0       0x20 C:\Users\Administrator\Desktop\Wireless-switch-CH592\LIB\libCH59xBLE.a(sm.o)
                0x000000000000c4c0                smDetermineKeySize
 .text.smpParsePairingReq
                0x000000000000c4e0      0x118 C:\Users\Administrator\Desktop\Wireless-switch-CH592\LIB\libCH59xBLE.a(sm.o)
                0x000000000000c4e0                smpParsePairingReq
 .text.smpParseEncInfo
                0x000000000000c5f8       0x2a C:\Users\Administrator\Desktop\Wireless-switch-CH592\LIB\libCH59xBLE.a(sm.o)
                0x000000000000c5f8                smpParseEncInfo
 .text.smpParseIdentityAddrInfo
                0x000000000000c622       0x34 C:\Users\Administrator\Desktop\Wireless-switch-CH592\LIB\libCH59xBLE.a(sm.o)
                0x000000000000c622                smpParseIdentityAddrInfo
 .text.smpParseIdentityInfo
                0x000000000000c656       0x2a C:\Users\Administrator\Desktop\Wireless-switch-CH592\LIB\libCH59xBLE.a(sm.o)
                0x000000000000c656                smpParseIdentityInfo
 .text.smpParseMasterID
                0x000000000000c680       0x3c C:\Users\Administrator\Desktop\Wireless-switch-CH592\LIB\libCH59xBLE.a(sm.o)
                0x000000000000c680                smpParseMasterID
 .text.smpParsePairingConfirm
                0x000000000000c6bc       0x2a C:\Users\Administrator\Desktop\Wireless-switch-CH592\LIB\libCH59xBLE.a(sm.o)
                0x000000000000c6bc                smpParsePairingConfirm
 .text.smpParsePairingFailed
                0x000000000000c6e6       0x1c C:\Users\Administrator\Desktop\Wireless-switch-CH592\LIB\libCH59xBLE.a(sm.o)
                0x000000000000c6e6                smpParsePairingFailed
 .text.smpParsePairingRandom
                0x000000000000c702       0x2a C:\Users\Administrator\Desktop\Wireless-switch-CH592\LIB\libCH59xBLE.a(sm.o)
                0x000000000000c702                smpParsePairingRandom
 .text.smpParseSigningInfo
                0x000000000000c72c       0x2a C:\Users\Administrator\Desktop\Wireless-switch-CH592\LIB\libCH59xBLE.a(sm.o)
                0x000000000000c72c                smpParseSigningInfo
 .text.smpParsePairingPublicKey
                0x000000000000c756       0x2c C:\Users\Administrator\Desktop\Wireless-switch-CH592\LIB\libCH59xBLE.a(sm.o)
                0x000000000000c756                smpParsePairingPublicKey
 .text.smpParsePairingDHKeyCheck
                0x000000000000c782       0x2a C:\Users\Administrator\Desktop\Wireless-switch-CH592\LIB\libCH59xBLE.a(sm.o)
                0x000000000000c782                smpParsePairingDHKeyCheck
 .text.smProcessDataMsg
                0x000000000000c7ac      0x104 C:\Users\Administrator\Desktop\Wireless-switch-CH592\LIB\libCH59xBLE.a(sm.o)
                0x000000000000c7ac                smProcessDataMsg
 .text.smProcessTMOSMsg
                0x000000000000c8b0      0x170 C:\Users\Administrator\Desktop\Wireless-switch-CH592\LIB\libCH59xBLE.a(sm.o)
                0x000000000000c8b0                smProcessTMOSMsg
 .text.SM_CalcRandomAddr
                0x000000000000ca20       0x54 C:\Users\Administrator\Desktop\Wireless-switch-CH592\LIB\libCH59xBLE.a(sm.o)
                0x000000000000ca20                SM_CalcRandomAddr
 .text.SM_GenerateAuthenSig
                0x000000000000ca74       0xe6 C:\Users\Administrator\Desktop\Wireless-switch-CH592\LIB\libCH59xBLE.a(sm.o)
                0x000000000000ca74                SM_GenerateAuthenSig
 .text.SM_PasskeyUpdate
                0x000000000000cb5a       0xe6 C:\Users\Administrator\Desktop\Wireless-switch-CH592\LIB\libCH59xBLE.a(sm.o)
                0x000000000000cb5a                SM_PasskeyUpdate
 .text.SM_ResolveRandomAddrs
                0x000000000000cc40       0x5e C:\Users\Administrator\Desktop\Wireless-switch-CH592\LIB\libCH59xBLE.a(sm.o)
                0x000000000000cc40                SM_ResolveRandomAddrs
 .text.SM_StartPairing
                0x000000000000cc9e       0xc2 C:\Users\Administrator\Desktop\Wireless-switch-CH592\LIB\libCH59xBLE.a(sm.o)
                0x000000000000cc9e                SM_StartPairing
 .text.SM_VerifyAuthenSig
                0x000000000000cd60      0x150 C:\Users\Administrator\Desktop\Wireless-switch-CH592\LIB\libCH59xBLE.a(sm.o)
                0x000000000000cd60                SM_VerifyAuthenSig
 .text.SM_ProcessEvent
                0x000000000000ceb0       0xb4 C:\Users\Administrator\Desktop\Wireless-switch-CH592\LIB\libCH59xBLE.a(sm.o)
                0x000000000000ceb0                SM_ProcessEvent
 .text.SM_ParamInit
                0x000000000000cf64       0x66 C:\Users\Administrator\Desktop\Wireless-switch-CH592\LIB\libCH59xBLE.a(sm.o)
                0x000000000000cf64                SM_ParamInit
 .text.SM_InitiatorInit
                0x000000000000cfca       0x22 C:\Users\Administrator\Desktop\Wireless-switch-CH592\LIB\libCH59xBLE.a(sm.o)
                0x000000000000cfca                SM_InitiatorInit
 .text.SM_ResponderInit
                0x000000000000cfec       0x22 C:\Users\Administrator\Desktop\Wireless-switch-CH592\LIB\libCH59xBLE.a(sm.o)
                0x000000000000cfec                SM_ResponderInit
 .text.SM_Init  0x000000000000d00e       0x2a C:\Users\Administrator\Desktop\Wireless-switch-CH592\LIB\libCH59xBLE.a(sm.o)
                0x000000000000d00e                SM_Init
 .text.smpInitiatorProcessPairingRsp
                0x000000000000d038      0x26e C:\Users\Administrator\Desktop\Wireless-switch-CH592\LIB\libCH59xBLE.a(sm_initiator.o)
                0x000000000000d038                smpInitiatorProcessPairingRsp
 .text.smInitiatorSendNextKeyInfo
                0x000000000000d2a6      0x26e C:\Users\Administrator\Desktop\Wireless-switch-CH592\LIB\libCH59xBLE.a(sm_initiator.o)
                0x000000000000d2a6                smInitiatorSendNextKeyInfo
 .text.setupInitiatorKeys
                0x000000000000d514       0x88 C:\Users\Administrator\Desktop\Wireless-switch-CH592\LIB\libCH59xBLE.a(sm_initiator.o)
 .text.smpInitiatorProcessIncoming
                0x000000000000d59c      0x418 C:\Users\Administrator\Desktop\Wireless-switch-CH592\LIB\libCH59xBLE.a(sm_initiator.o)
                0x000000000000d59c                smpInitiatorProcessIncoming
 .text.smpBuildPairingReqRsp
                0x000000000000d9b4       0xc6 C:\Users\Administrator\Desktop\Wireless-switch-CH592\LIB\libCH59xBLE.a(sm_pdu.o)
 .text.smpBuildPairingReq
                0x000000000000da7a        0xa C:\Users\Administrator\Desktop\Wireless-switch-CH592\LIB\libCH59xBLE.a(sm_pdu.o)
                0x000000000000da7a                smpBuildPairingReq
 .text.smpBuildPairingRsp
                0x000000000000da84        0xa C:\Users\Administrator\Desktop\Wireless-switch-CH592\LIB\libCH59xBLE.a(sm_pdu.o)
                0x000000000000da84                smpBuildPairingRsp
 .text.smpBuildPairingConfirm
                0x000000000000da8e       0x30 C:\Users\Administrator\Desktop\Wireless-switch-CH592\LIB\libCH59xBLE.a(sm_pdu.o)
                0x000000000000da8e                smpBuildPairingConfirm
 .text.smpBuildPairingRandom
                0x000000000000dabe       0x30 C:\Users\Administrator\Desktop\Wireless-switch-CH592\LIB\libCH59xBLE.a(sm_pdu.o)
                0x000000000000dabe                smpBuildPairingRandom
 .text.smpBuildEncInfo
                0x000000000000daee       0x30 C:\Users\Administrator\Desktop\Wireless-switch-CH592\LIB\libCH59xBLE.a(sm_pdu.o)
                0x000000000000daee                smpBuildEncInfo
 .text.smpBuildMasterID
                0x000000000000db1e       0x44 C:\Users\Administrator\Desktop\Wireless-switch-CH592\LIB\libCH59xBLE.a(sm_pdu.o)
                0x000000000000db1e                smpBuildMasterID
 .text.smpBuildIdentityInfo
                0x000000000000db62       0x30 C:\Users\Administrator\Desktop\Wireless-switch-CH592\LIB\libCH59xBLE.a(sm_pdu.o)
                0x000000000000db62                smpBuildIdentityInfo
 .text.smpBuildIdentityAddrInfo
                0x000000000000db92       0x3a C:\Users\Administrator\Desktop\Wireless-switch-CH592\LIB\libCH59xBLE.a(sm_pdu.o)
                0x000000000000db92                smpBuildIdentityAddrInfo
 .text.smpBuildSigningInfo
                0x000000000000dbcc       0x30 C:\Users\Administrator\Desktop\Wireless-switch-CH592\LIB\libCH59xBLE.a(sm_pdu.o)
                0x000000000000dbcc                smpBuildSigningInfo
 .text.smpBuildPublicKey
                0x000000000000dbfc       0x32 C:\Users\Administrator\Desktop\Wireless-switch-CH592\LIB\libCH59xBLE.a(sm_pdu.o)
                0x000000000000dbfc                smpBuildPublicKey
 .text.smpBuildDHKey
                0x000000000000dc2e       0x30 C:\Users\Administrator\Desktop\Wireless-switch-CH592\LIB\libCH59xBLE.a(sm_pdu.o)
                0x000000000000dc2e                smpBuildDHKey
 .text.smpBuildPairingFailed
                0x000000000000dc5e       0x1a C:\Users\Administrator\Desktop\Wireless-switch-CH592\LIB\libCH59xBLE.a(sm_pdu.o)
                0x000000000000dc5e                smpBuildPairingFailed
 .text.smGeneratePairingReq
                0x000000000000dc78       0x30 C:\Users\Administrator\Desktop\Wireless-switch-CH592\LIB\libCH59xBLE.a(sm_pdu.o)
                0x000000000000dc78                smGeneratePairingReq
 .text.smGeneratePairingRsp
                0x000000000000dca8       0x30 C:\Users\Administrator\Desktop\Wireless-switch-CH592\LIB\libCH59xBLE.a(sm_pdu.o)
                0x000000000000dca8                smGeneratePairingRsp
 .text.smGenerateConfirm
                0x000000000000dcd8       0x34 C:\Users\Administrator\Desktop\Wireless-switch-CH592\LIB\libCH59xBLE.a(sm_pdu.o)
                0x000000000000dcd8                smGenerateConfirm
 .text.smGenerateRandMsg
                0x000000000000dd0c       0x34 C:\Users\Administrator\Desktop\Wireless-switch-CH592\LIB\libCH59xBLE.a(sm_pdu.o)
                0x000000000000dd0c                smGenerateRandMsg
 .text.smGeneratePairingPublicKey
                0x000000000000dd40       0x64 C:\Users\Administrator\Desktop\Wireless-switch-CH592\LIB\libCH59xBLE.a(sm_pdu.o)
                0x000000000000dd40                smGeneratePairingPublicKey
 .text.smGeneratePairingDHKeyCheck
                0x000000000000dda4      0x250 C:\Users\Administrator\Desktop\Wireless-switch-CH592\LIB\libCH59xBLE.a(sm_pdu.o)
                0x000000000000dda4                smGeneratePairingDHKeyCheck
 .text.smPairingSendEncInfo
                0x000000000000dff4       0x10 C:\Users\Administrator\Desktop\Wireless-switch-CH592\LIB\libCH59xBLE.a(sm_pdu.o)
                0x000000000000dff4                smPairingSendEncInfo
 .text.smPairingSendIdentityAddrInfo
                0x000000000000e004       0x38 C:\Users\Administrator\Desktop\Wireless-switch-CH592\LIB\libCH59xBLE.a(sm_pdu.o)
                0x000000000000e004                smPairingSendIdentityAddrInfo
 .text.smPairingSendIdentityInfo
                0x000000000000e03c       0x10 C:\Users\Administrator\Desktop\Wireless-switch-CH592\LIB\libCH59xBLE.a(sm_pdu.o)
                0x000000000000e03c                smPairingSendIdentityInfo
 .text.smPairingSendMasterID
                0x000000000000e04c       0x38 C:\Users\Administrator\Desktop\Wireless-switch-CH592\LIB\libCH59xBLE.a(sm_pdu.o)
                0x000000000000e04c                smPairingSendMasterID
 .text.smPairingSendSingingInfo
                0x000000000000e084       0x10 C:\Users\Administrator\Desktop\Wireless-switch-CH592\LIB\libCH59xBLE.a(sm_pdu.o)
                0x000000000000e084                smPairingSendSingingInfo
 .text.smResponderSendNextKeyInfo
                0x000000000000e094      0x2e6 C:\Users\Administrator\Desktop\Wireless-switch-CH592\LIB\libCH59xBLE.a(sm_responding.o)
                0x000000000000e094                smResponderSendNextKeyInfo
 .text.smResponderProcessLTKReq
                0x000000000000e37a      0x1b6 C:\Users\Administrator\Desktop\Wireless-switch-CH592\LIB\libCH59xBLE.a(sm_responding.o)
                0x000000000000e37a                smResponderProcessLTKReq
 .text.smpResponderProcessIncoming
                0x000000000000e530      0x6f2 C:\Users\Administrator\Desktop\Wireless-switch-CH592\LIB\libCH59xBLE.a(sm_responding.o)
                0x000000000000e530                smpResponderProcessIncoming
 .text.xor_128  0x000000000000ec22       0x28 C:\Users\Administrator\Desktop\Wireless-switch-CH592\LIB\libCH59xBLE.a(sm_toolbox.o)
                0x000000000000ec22                xor_128
 .text.leftshift_onebit
                0x000000000000ec4a       0x2e C:\Users\Administrator\Desktop\Wireless-switch-CH592\LIB\libCH59xBLE.a(sm_toolbox.o)
                0x000000000000ec4a                leftshift_onebit
 .text.padding  0x000000000000ec78       0x38 C:\Users\Administrator\Desktop\Wireless-switch-CH592\LIB\libCH59xBLE.a(sm_toolbox.o)
                0x000000000000ec78                padding
 .text.generate_subkey
                0x000000000000ecb0       0xd4 C:\Users\Administrator\Desktop\Wireless-switch-CH592\LIB\libCH59xBLE.a(sm_toolbox.o)
                0x000000000000ecb0                generate_subkey
 .text.sm_xor   0x000000000000ed84       0x24 C:\Users\Administrator\Desktop\Wireless-switch-CH592\LIB\libCH59xBLE.a(sm_toolbox.o)
                0x000000000000ed84                sm_xor
 .text.sm_ah    0x000000000000eda8       0x90 C:\Users\Administrator\Desktop\Wireless-switch-CH592\LIB\libCH59xBLE.a(sm_toolbox.o)
                0x000000000000eda8                sm_ah
 .text.sm_c1new
                0x000000000000ee38      0x144 C:\Users\Administrator\Desktop\Wireless-switch-CH592\LIB\libCH59xBLE.a(sm_toolbox.o)
                0x000000000000ee38                sm_c1new
 .text.sm_s1    0x000000000000ef7c       0x96 C:\Users\Administrator\Desktop\Wireless-switch-CH592\LIB\libCH59xBLE.a(sm_toolbox.o)
                0x000000000000ef7c                sm_s1
 .text.sm_CMAC  0x000000000000f012      0x172 C:\Users\Administrator\Desktop\Wireless-switch-CH592\LIB\libCH59xBLE.a(sm_toolbox.o)
                0x000000000000f012                sm_CMAC
 .text.HOST_LE_ConnectionCompleteEvent
                0x000000000000f184       0xca C:\Users\Administrator\Desktop\Wireless-switch-CH592\LIB\libCH59xBLE.a(host_input.o)
                0x000000000000f184                HOST_LE_ConnectionCompleteEvent
 .text.HOST_LE_ConnectionUpdateCompleteEvent
                0x000000000000f24e       0x60 C:\Users\Administrator\Desktop\Wireless-switch-CH592\LIB\libCH59xBLE.a(host_input.o)
                0x000000000000f24e                HOST_LE_ConnectionUpdateCompleteEvent
 .text.HOST_LE_ReadRemoteUsedFeaturesCompleteEvent
                0x000000000000f2ae       0x66 C:\Users\Administrator\Desktop\Wireless-switch-CH592\LIB\libCH59xBLE.a(host_input.o)
                0x000000000000f2ae                HOST_LE_ReadRemoteUsedFeaturesCompleteEvent
 .text.HOST_LE_LongTermKeyRequestEvent
                0x000000000000f314       0x64 C:\Users\Administrator\Desktop\Wireless-switch-CH592\LIB\libCH59xBLE.a(host_input.o)
                0x000000000000f314                HOST_LE_LongTermKeyRequestEvent
 .text.HOST_LE_RemoteConnectionParameterRequestEvent
                0x000000000000f378       0x60 C:\Users\Administrator\Desktop\Wireless-switch-CH592\LIB\libCH59xBLE.a(host_input.o)
                0x000000000000f378                HOST_LE_RemoteConnectionParameterRequestEvent
 .text.HOST_RemoteConnectionParameterRequestEvent
                0x000000000000f3d8       0x42 C:\Users\Administrator\Desktop\Wireless-switch-CH592\LIB\libCH59xBLE.a(host_input.o)
                0x000000000000f3d8                HOST_RemoteConnectionParameterRequestEvent
 .text.HOST_LE_DataLengthChangeEvent
                0x000000000000f41a       0x60 C:\Users\Administrator\Desktop\Wireless-switch-CH592\LIB\libCH59xBLE.a(host_input.o)
                0x000000000000f41a                HOST_LE_DataLengthChangeEvent
 .text.HOST_LE_EnhancedConnectionCompleteEvent
                0x000000000000f47a      0x128 C:\Users\Administrator\Desktop\Wireless-switch-CH592\LIB\libCH59xBLE.a(host_input.o)
                0x000000000000f47a                HOST_LE_EnhancedConnectionCompleteEvent